Archive member included to satisfy reference by file (symbol)

c:/program files (x86)/atmel/studio/7.0/toolchain/avr8/avr8-gnu-toolchain/bin/../lib/gcc/avr/5.4.0/../../../../avr/lib/avr5\libm.a(addsf3.o)
                              lcd_test/lcd_program.o (__subsf3)
c:/program files (x86)/atmel/studio/7.0/toolchain/avr8/avr8-gnu-toolchain/bin/../lib/gcc/avr/5.4.0/../../../../avr/lib/avr5\libm.a(addsf3x.o)
                              c:/program files (x86)/atmel/studio/7.0/toolchain/avr8/avr8-gnu-toolchain/bin/../lib/gcc/avr/5.4.0/../../../../avr/lib/avr5\libm.a(addsf3.o) (__addsf3x)
c:/program files (x86)/atmel/studio/7.0/toolchain/avr8/avr8-gnu-toolchain/bin/../lib/gcc/avr/5.4.0/../../../../avr/lib/avr5\libm.a(ceil.o)
                              MCAL/timer/timer.o (ceil)
c:/program files (x86)/atmel/studio/7.0/toolchain/avr8/avr8-gnu-toolchain/bin/../lib/gcc/avr/5.4.0/../../../../avr/lib/avr5\libm.a(cmpsf2.o)
                              MCAL/timer/timer.o (__eqsf2)
c:/program files (x86)/atmel/studio/7.0/toolchain/avr8/avr8-gnu-toolchain/bin/../lib/gcc/avr/5.4.0/../../../../avr/lib/avr5\libm.a(divsf3.o)
                              ECUAL/ultrasonic/ultrasonic_prog.o (__divsf3)
c:/program files (x86)/atmel/studio/7.0/toolchain/avr8/avr8-gnu-toolchain/bin/../lib/gcc/avr/5.4.0/../../../../avr/lib/avr5\libm.a(divsf3x.o)
                              c:/program files (x86)/atmel/studio/7.0/toolchain/avr8/avr8-gnu-toolchain/bin/../lib/gcc/avr/5.4.0/../../../../avr/lib/avr5\libm.a(divsf3.o) (__divsf3x)
c:/program files (x86)/atmel/studio/7.0/toolchain/avr8/avr8-gnu-toolchain/bin/../lib/gcc/avr/5.4.0/../../../../avr/lib/avr5\libm.a(fixsfsi.o)
                              APPLICATION/car_module/car_operations.o (__fixsfsi)
c:/program files (x86)/atmel/studio/7.0/toolchain/avr8/avr8-gnu-toolchain/bin/../lib/gcc/avr/5.4.0/../../../../avr/lib/avr5\libm.a(fixunssfsi.o)
                              lcd_test/lcd_program.o (__fixunssfsi)
c:/program files (x86)/atmel/studio/7.0/toolchain/avr8/avr8-gnu-toolchain/bin/../lib/gcc/avr/5.4.0/../../../../avr/lib/avr5\libm.a(floatsisf.o)
                              ECUAL/ultrasonic/ultrasonic_prog.o (__floatunsisf)
c:/program files (x86)/atmel/studio/7.0/toolchain/avr8/avr8-gnu-toolchain/bin/../lib/gcc/avr/5.4.0/../../../../avr/lib/avr5\libm.a(fp_cmp.o)
                              c:/program files (x86)/atmel/studio/7.0/toolchain/avr8/avr8-gnu-toolchain/bin/../lib/gcc/avr/5.4.0/../../../../avr/lib/avr5\libm.a(cmpsf2.o) (__fp_cmp)
c:/program files (x86)/atmel/studio/7.0/toolchain/avr8/avr8-gnu-toolchain/bin/../lib/gcc/avr/5.4.0/../../../../avr/lib/avr5\libm.a(fp_inf.o)
                              c:/program files (x86)/atmel/studio/7.0/toolchain/avr8/avr8-gnu-toolchain/bin/../lib/gcc/avr/5.4.0/../../../../avr/lib/avr5\libm.a(addsf3x.o) (__fp_inf)
c:/program files (x86)/atmel/studio/7.0/toolchain/avr8/avr8-gnu-toolchain/bin/../lib/gcc/avr/5.4.0/../../../../avr/lib/avr5\libm.a(fp_mintl.o)
                              c:/program files (x86)/atmel/studio/7.0/toolchain/avr8/avr8-gnu-toolchain/bin/../lib/gcc/avr/5.4.0/../../../../avr/lib/avr5\libm.a(ceil.o) (__fp_mintl)
c:/program files (x86)/atmel/studio/7.0/toolchain/avr8/avr8-gnu-toolchain/bin/../lib/gcc/avr/5.4.0/../../../../avr/lib/avr5\libm.a(fp_mpack.o)
                              c:/program files (x86)/atmel/studio/7.0/toolchain/avr8/avr8-gnu-toolchain/bin/../lib/gcc/avr/5.4.0/../../../../avr/lib/avr5\libm.a(ceil.o) (__fp_mpack)
c:/program files (x86)/atmel/studio/7.0/toolchain/avr8/avr8-gnu-toolchain/bin/../lib/gcc/avr/5.4.0/../../../../avr/lib/avr5\libm.a(fp_nan.o)
                              c:/program files (x86)/atmel/studio/7.0/toolchain/avr8/avr8-gnu-toolchain/bin/../lib/gcc/avr/5.4.0/../../../../avr/lib/avr5\libm.a(addsf3x.o) (__fp_nan)
c:/program files (x86)/atmel/studio/7.0/toolchain/avr8/avr8-gnu-toolchain/bin/../lib/gcc/avr/5.4.0/../../../../avr/lib/avr5\libm.a(fp_pscA.o)
                              c:/program files (x86)/atmel/studio/7.0/toolchain/avr8/avr8-gnu-toolchain/bin/../lib/gcc/avr/5.4.0/../../../../avr/lib/avr5\libm.a(addsf3x.o) (__fp_pscA)
c:/program files (x86)/atmel/studio/7.0/toolchain/avr8/avr8-gnu-toolchain/bin/../lib/gcc/avr/5.4.0/../../../../avr/lib/avr5\libm.a(fp_pscB.o)
                              c:/program files (x86)/atmel/studio/7.0/toolchain/avr8/avr8-gnu-toolchain/bin/../lib/gcc/avr/5.4.0/../../../../avr/lib/avr5\libm.a(addsf3x.o) (__fp_pscB)
c:/program files (x86)/atmel/studio/7.0/toolchain/avr8/avr8-gnu-toolchain/bin/../lib/gcc/avr/5.4.0/../../../../avr/lib/avr5\libm.a(fp_round.o)
                              c:/program files (x86)/atmel/studio/7.0/toolchain/avr8/avr8-gnu-toolchain/bin/../lib/gcc/avr/5.4.0/../../../../avr/lib/avr5\libm.a(addsf3.o) (__fp_round)
c:/program files (x86)/atmel/studio/7.0/toolchain/avr8/avr8-gnu-toolchain/bin/../lib/gcc/avr/5.4.0/../../../../avr/lib/avr5\libm.a(fp_split3.o)
                              c:/program files (x86)/atmel/studio/7.0/toolchain/avr8/avr8-gnu-toolchain/bin/../lib/gcc/avr/5.4.0/../../../../avr/lib/avr5\libm.a(addsf3x.o) (__fp_split3)
c:/program files (x86)/atmel/studio/7.0/toolchain/avr8/avr8-gnu-toolchain/bin/../lib/gcc/avr/5.4.0/../../../../avr/lib/avr5\libm.a(fp_trunc.o)
                              c:/program files (x86)/atmel/studio/7.0/toolchain/avr8/avr8-gnu-toolchain/bin/../lib/gcc/avr/5.4.0/../../../../avr/lib/avr5\libm.a(ceil.o) (__fp_trunc)
c:/program files (x86)/atmel/studio/7.0/toolchain/avr8/avr8-gnu-toolchain/bin/../lib/gcc/avr/5.4.0/../../../../avr/lib/avr5\libm.a(fp_zero.o)
                              c:/program files (x86)/atmel/studio/7.0/toolchain/avr8/avr8-gnu-toolchain/bin/../lib/gcc/avr/5.4.0/../../../../avr/lib/avr5\libm.a(addsf3x.o) (__fp_zero)
c:/program files (x86)/atmel/studio/7.0/toolchain/avr8/avr8-gnu-toolchain/bin/../lib/gcc/avr/5.4.0/../../../../avr/lib/avr5\libm.a(gesf2.o)
                              APPLICATION/app/app.o (__gtsf2)
c:/program files (x86)/atmel/studio/7.0/toolchain/avr8/avr8-gnu-toolchain/bin/../lib/gcc/avr/5.4.0/../../../../avr/lib/avr5\libm.a(mulsf3.o)
                              ECUAL/ultrasonic/ultrasonic_prog.o (__mulsf3)
c:/program files (x86)/atmel/studio/7.0/toolchain/avr8/avr8-gnu-toolchain/bin/../lib/gcc/avr/5.4.0/../../../../avr/lib/avr5\libm.a(mulsf3x.o)
                              c:/program files (x86)/atmel/studio/7.0/toolchain/avr8/avr8-gnu-toolchain/bin/../lib/gcc/avr/5.4.0/../../../../avr/lib/avr5\libm.a(mulsf3.o) (__mulsf3x)
c:/program files (x86)/atmel/studio/7.0/toolchain/avr8/avr8-gnu-toolchain/bin/../lib/gcc/avr/5.4.0/avr5\libgcc.a(_divmodhi4.o)
                              ECUAL/lcd/lcd_program.o (__divmodhi4)
c:/program files (x86)/atmel/studio/7.0/toolchain/avr8/avr8-gnu-toolchain/bin/../lib/gcc/avr/5.4.0/avr5\libgcc.a(_exit.o)
                              C:/Program Files (x86)/Atmel/Studio/7.0/Packs/atmel/ATmega_DFP/1.7.374/gcc/dev/atmega32/avr5/crtatmega32.o (exit)
c:/program files (x86)/atmel/studio/7.0/toolchain/avr8/avr8-gnu-toolchain/bin/../lib/gcc/avr/5.4.0/avr5\libgcc.a(_tablejump2.o)
                              APPLICATION/app/app.o (__tablejump2__)
c:/program files (x86)/atmel/studio/7.0/toolchain/avr8/avr8-gnu-toolchain/bin/../lib/gcc/avr/5.4.0/avr5\libgcc.a(_copy_data.o)
                              APPLICATION/app/app.o (__do_copy_data)
c:/program files (x86)/atmel/studio/7.0/toolchain/avr8/avr8-gnu-toolchain/bin/../lib/gcc/avr/5.4.0/avr5\libgcc.a(_clear_bss.o)
                              APPLICATION/app/app.o (__do_clear_bss)
c:/program files (x86)/atmel/studio/7.0/toolchain/avr8/avr8-gnu-toolchain/bin/../lib/gcc/avr/5.4.0/avr5\libgcc.a(_umulhisi3.o)
                              ECUAL/lcd/lcd_program.o (__umulhisi3)
c:/program files (x86)/atmel/studio/7.0/toolchain/avr8/avr8-gnu-toolchain/bin/../lib/gcc/avr/5.4.0/avr5\libgcc.a(_udivmodhi4.o)
                              c:/program files (x86)/atmel/studio/7.0/toolchain/avr8/avr8-gnu-toolchain/bin/../lib/gcc/avr/5.4.0/avr5\libgcc.a(_divmodhi4.o) (__udivmodhi4)
c:/program files (x86)/atmel/studio/7.0/toolchain/avr8/avr8-gnu-toolchain/bin/../lib/gcc/avr/5.4.0/../../../../avr/lib/avr5\libc.a(itoa_ncheck.o)
                              lcd_test/lcd_program.o (__itoa_ncheck)
c:/program files (x86)/atmel/studio/7.0/toolchain/avr8/avr8-gnu-toolchain/bin/../lib/gcc/avr/5.4.0/../../../../avr/lib/avr5\libc.a(utoa_ncheck.o)
                              c:/program files (x86)/atmel/studio/7.0/toolchain/avr8/avr8-gnu-toolchain/bin/../lib/gcc/avr/5.4.0/../../../../avr/lib/avr5\libc.a(itoa_ncheck.o) (__utoa_common)
c:/program files (x86)/atmel/studio/7.0/toolchain/avr8/avr8-gnu-toolchain/bin/../lib/gcc/avr/5.4.0/../../../../avr/lib/avr5\libc.a(strrev.o)
                              c:/program files (x86)/atmel/studio/7.0/toolchain/avr8/avr8-gnu-toolchain/bin/../lib/gcc/avr/5.4.0/../../../../avr/lib/avr5\libc.a(utoa_ncheck.o) (strrev)

Allocating common symbols
Common symbol       size              file

ICU_g_edgeFlag      0x1               MCAL/icu/ICU.o

Discarded input sections

 .data          0x00000000        0x0 C:/Program Files (x86)/Atmel/Studio/7.0/Packs/atmel/ATmega_DFP/1.7.374/gcc/dev/atmega32/avr5/crtatmega32.o
 .bss           0x00000000        0x0 C:/Program Files (x86)/Atmel/Studio/7.0/Packs/atmel/ATmega_DFP/1.7.374/gcc/dev/atmega32/avr5/crtatmega32.o
 .text          0x00000000        0x0 APPLICATION/app/app.o
 .data          0x00000000        0x0 APPLICATION/app/app.o
 .bss           0x00000000        0x0 APPLICATION/app/app.o
 .bss.u8_g_stopFlag
                0x00000000        0x1 APPLICATION/app/app.o
 .text          0x00000000        0x0 APPLICATION/car_module/car_operations.o
 .data          0x00000000        0x0 APPLICATION/car_module/car_operations.o
 .bss           0x00000000        0x0 APPLICATION/car_module/car_operations.o
 .bss.timeOutFlag
                0x00000000        0x1 APPLICATION/car_module/car_operations.o
 .text          0x00000000        0x0 ECUAL/keypad/keypad_config.o
 .data          0x00000000        0x0 ECUAL/keypad/keypad_config.o
 .bss           0x00000000        0x0 ECUAL/keypad/keypad_config.o
 .text          0x00000000        0x0 ECUAL/keypad/keypad_program.o
 .data          0x00000000        0x0 ECUAL/keypad/keypad_program.o
 .bss           0x00000000        0x0 ECUAL/keypad/keypad_program.o
 .text          0x00000000        0x0 ECUAL/lcd/lcd_program.o
 .data          0x00000000        0x0 ECUAL/lcd/lcd_program.o
 .bss           0x00000000        0x0 ECUAL/lcd/lcd_program.o
 .text.LCD_WriteBinary
                0x00000000       0x2e ECUAL/lcd/lcd_program.o
 .text.LCD_ClearLoc
                0x00000000       0x20 ECUAL/lcd/lcd_program.o
 .text.LCD_WriteNumber_3D
                0x00000000      0x142 ECUAL/lcd/lcd_program.o
 .text.LCD_CustomChar
                0x00000000       0x3a ECUAL/lcd/lcd_program.o
 .text          0x00000000        0x0 ECUAL/motors/dcm_cfg.o
 .data          0x00000000        0x0 ECUAL/motors/dcm_cfg.o
 .bss           0x00000000        0x0 ECUAL/motors/dcm_cfg.o
 .text          0x00000000        0x0 ECUAL/motors/dcm_program.o
 .data          0x00000000        0x0 ECUAL/motors/dcm_program.o
 .bss           0x00000000        0x0 ECUAL/motors/dcm_program.o
 .text.DCM_updateStopFlag
                0x00000000        0x8 ECUAL/motors/dcm_program.o
 .bss.DCM_g_stopFlag
                0x00000000        0x1 ECUAL/motors/dcm_program.o
 .text          0x00000000        0x0 ECUAL/push_button/pb_config.o
 .data          0x00000000        0x0 ECUAL/push_button/pb_config.o
 .bss           0x00000000        0x0 ECUAL/push_button/pb_config.o
 .text          0x00000000        0x0 ECUAL/push_button/PB_prog.o
 .data          0x00000000        0x0 ECUAL/push_button/PB_prog.o
 .bss           0x00000000        0x0 ECUAL/push_button/PB_prog.o
 .text          0x00000000        0x0 ECUAL/ultrasonic/ultrasonic_prog.o
 .data          0x00000000        0x0 ECUAL/ultrasonic/ultrasonic_prog.o
 .bss           0x00000000        0x0 ECUAL/ultrasonic/ultrasonic_prog.o
 .text          0x00000000        0x0 lcd_test/dio_prog.o
 .data          0x00000000        0x0 lcd_test/dio_prog.o
 .bss           0x00000000        0x0 lcd_test/dio_prog.o
 .text.DIO_s8SETPortDir
                0x00000000       0x4e lcd_test/dio_prog.o
 .text.DIO_s8SETPortVal
                0x00000000       0x20 lcd_test/dio_prog.o
 .text.DIO_s8GETPortVal
                0x00000000       0x24 lcd_test/dio_prog.o
 .text.DIO_s8SETPinDir
                0x00000000       0x80 lcd_test/dio_prog.o
 .text.DIO_s8SETPinVal
                0x00000000       0x80 lcd_test/dio_prog.o
 .text.DIO_s8TOGPinVal
                0x00000000       0x3e lcd_test/dio_prog.o
 .text.DIO_s8GETPinVal
                0x00000000       0x3e lcd_test/dio_prog.o
 .data.pinReg   0x00000000        0x8 lcd_test/dio_prog.o
 .data.ddrReg   0x00000000        0x8 lcd_test/dio_prog.o
 .data.portReg  0x00000000        0x8 lcd_test/dio_prog.o
 .debug_info    0x00000000      0x4c7 lcd_test/dio_prog.o
 .debug_abbrev  0x00000000       0xd6 lcd_test/dio_prog.o
 .debug_loc     0x00000000      0x546 lcd_test/dio_prog.o
 .debug_aranges
                0x00000000       0x50 lcd_test/dio_prog.o
 .debug_ranges  0x00000000       0x40 lcd_test/dio_prog.o
 .debug_line    0x00000000      0x261 lcd_test/dio_prog.o
 .debug_str     0x00000000      0x45c lcd_test/dio_prog.o
 .comment       0x00000000       0x31 lcd_test/dio_prog.o
 .debug_frame   0x00000000       0x84 lcd_test/dio_prog.o
 .text          0x00000000        0x0 lcd_test/lcd_config.o
 .data          0x00000000        0x0 lcd_test/lcd_config.o
 .bss           0x00000000        0x0 lcd_test/lcd_config.o
 .data.arr_g_bell
                0x00000000        0x8 lcd_test/lcd_config.o
 .data.dataPin  0x00000000        0x4 lcd_test/lcd_config.o
 .debug_info    0x00000000      0x1c1 lcd_test/lcd_config.o
 .debug_abbrev  0x00000000       0x8a lcd_test/lcd_config.o
 .debug_aranges
                0x00000000       0x18 lcd_test/lcd_config.o
 .debug_line    0x00000000       0x7e lcd_test/lcd_config.o
 .debug_str     0x00000000      0x33a lcd_test/lcd_config.o
 .comment       0x00000000       0x31 lcd_test/lcd_config.o
 .text          0x00000000        0x0 lcd_test/lcd_program.o
 .data          0x00000000        0x0 lcd_test/lcd_program.o
 .bss           0x00000000        0x0 lcd_test/lcd_program.o
 .text.HLCD_vidWritecmd
                0x00000000       0xc8 lcd_test/lcd_program.o
 .text.HLCD_vidInit
                0x00000000       0x9e lcd_test/lcd_program.o
 .text.HLCD_vidWriteChar
                0x00000000       0xc8 lcd_test/lcd_program.o
 .text.HLCD_ClrDisplay
                0x00000000       0x26 lcd_test/lcd_program.o
 .text.HLCD_ShiftLeft
                0x00000000       0x14 lcd_test/lcd_program.o
 .text.HLCD_gotoXY
                0x00000000       0x28 lcd_test/lcd_program.o
 .text.HLCD_WriteString
                0x00000000       0x30 lcd_test/lcd_program.o
 .text.HLCD_WriteInt
                0x00000000       0x3a lcd_test/lcd_program.o
 .text.HLCD_WriteArabic
                0x00000000       0x14 lcd_test/lcd_program.o
 .text.HLCD_vidCreatCustomChar
                0x00000000       0x46 lcd_test/lcd_program.o
 .text.HLCD_DisplayFloat
                0x00000000      0x14c lcd_test/lcd_program.o
 .debug_info    0x00000000      0xd9d lcd_test/lcd_program.o
 .debug_abbrev  0x00000000      0x30d lcd_test/lcd_program.o
 .debug_loc     0x00000000      0xb44 lcd_test/lcd_program.o
 .debug_aranges
                0x00000000       0x70 lcd_test/lcd_program.o
 .debug_ranges  0x00000000       0x60 lcd_test/lcd_program.o
 .debug_line    0x00000000      0x58c lcd_test/lcd_program.o
 .debug_str     0x00000000      0x5a5 lcd_test/lcd_program.o
 .comment       0x00000000       0x31 lcd_test/lcd_program.o
 .debug_frame   0x00000000      0x158 lcd_test/lcd_program.o
 .text          0x00000000        0x0 main.o
 .data          0x00000000        0x0 main.o
 .bss           0x00000000        0x0 main.o
 .text          0x00000000        0x0 MCAL/dio/Dio.o
 .data          0x00000000        0x0 MCAL/dio/Dio.o
 .bss           0x00000000        0x0 MCAL/dio/Dio.o
 .text.DIO_Init
                0x00000000        0x2 MCAL/dio/Dio.o
 .text.DIO_readpin
                0x00000000       0x82 MCAL/dio/Dio.o
 .text.DIO_togglepin
                0x00000000       0x82 MCAL/dio/Dio.o
 .bss.DIO_ConfigArray
                0x00000000        0x0 MCAL/dio/Dio.o
 .text          0x00000000        0x0 MCAL/exti/EXT_INTERRUPT_Config.o
 .data          0x00000000        0x0 MCAL/exti/EXT_INTERRUPT_Config.o
 .bss           0x00000000        0x0 MCAL/exti/EXT_INTERRUPT_Config.o
 .rodata.A_interruptConfig
                0x00000000        0x0 MCAL/exti/EXT_INTERRUPT_Config.o
 .debug_info    0x00000000       0xf8 MCAL/exti/EXT_INTERRUPT_Config.o
 .debug_abbrev  0x00000000       0x96 MCAL/exti/EXT_INTERRUPT_Config.o
 .debug_aranges
                0x00000000       0x18 MCAL/exti/EXT_INTERRUPT_Config.o
 .debug_line    0x00000000       0x5b MCAL/exti/EXT_INTERRUPT_Config.o
 .debug_str     0x00000000      0x26f MCAL/exti/EXT_INTERRUPT_Config.o
 .comment       0x00000000       0x31 MCAL/exti/EXT_INTERRUPT_Config.o
 .text          0x00000000        0x0 MCAL/exti/EXT_INTERRUPT_Prog.o
 .data          0x00000000        0x0 MCAL/exti/EXT_INTERRUPT_Prog.o
 .bss           0x00000000        0x0 MCAL/exti/EXT_INTERRUPT_Prog.o
 .text.EXT0_INTERRUPT_SetInterruptHandler
                0x00000000        0x2 MCAL/exti/EXT_INTERRUPT_Prog.o
 .text.EXT1_INTERRUPT_SetInterruptHandler
                0x00000000        0x2 MCAL/exti/EXT_INTERRUPT_Prog.o
 .text.EXT2_INTERRUPT_SetInterruptHandler
                0x00000000        0x2 MCAL/exti/EXT_INTERRUPT_Prog.o
 .text.EXT_vINTERRUPT_setSenseControl
                0x00000000      0x148 MCAL/exti/EXT_INTERRUPT_Prog.o
 .text.EXT_vINTERRUPT_Denit
                0x00000000       0x28 MCAL/exti/EXT_INTERRUPT_Prog.o
 .text.EXT_INTERRUPT_SetInterruptHandler
                0x00000000        0xc MCAL/exti/EXT_INTERRUPT_Prog.o
 .text.EXT_vINTERRUPT_Init
                0x00000000        0xa MCAL/exti/EXT_INTERRUPT_Prog.o
 .debug_info    0x00000000      0x367 MCAL/exti/EXT_INTERRUPT_Prog.o
 .debug_abbrev  0x00000000      0x167 MCAL/exti/EXT_INTERRUPT_Prog.o
 .debug_loc     0x00000000       0xa2 MCAL/exti/EXT_INTERRUPT_Prog.o
 .debug_aranges
                0x00000000       0x50 MCAL/exti/EXT_INTERRUPT_Prog.o
 .debug_ranges  0x00000000       0x40 MCAL/exti/EXT_INTERRUPT_Prog.o
 .debug_line    0x00000000      0x2c3 MCAL/exti/EXT_INTERRUPT_Prog.o
 .debug_str     0x00000000      0x4dd MCAL/exti/EXT_INTERRUPT_Prog.o
 .comment       0x00000000       0x31 MCAL/exti/EXT_INTERRUPT_Prog.o
 .debug_frame   0x00000000       0x8c MCAL/exti/EXT_INTERRUPT_Prog.o
 .text          0x00000000        0x0 MCAL/icu/ICU.o
 .data          0x00000000        0x0 MCAL/icu/ICU.o
 .bss           0x00000000        0x0 MCAL/icu/ICU.o
 .text          0x00000000        0x0 MCAL/icu/ICU_cfg.o
 .data          0x00000000        0x0 MCAL/icu/ICU_cfg.o
 .bss           0x00000000        0x0 MCAL/icu/ICU_cfg.o
 .text          0x00000000        0x0 MCAL/mcu_cfg/MCU_Prog.o
 .data          0x00000000        0x0 MCAL/mcu_cfg/MCU_Prog.o
 .bss           0x00000000        0x0 MCAL/mcu_cfg/MCU_Prog.o
 .text          0x00000000        0x0 MCAL/pwm/pwm_config.o
 .data          0x00000000        0x0 MCAL/pwm/pwm_config.o
 .bss           0x00000000        0x0 MCAL/pwm/pwm_config.o
 .text          0x00000000        0x0 MCAL/pwm/pwm_program.o
 .data          0x00000000        0x0 MCAL/pwm/pwm_program.o
 .bss           0x00000000        0x0 MCAL/pwm/pwm_program.o
 .text.TIMER0_setDelay
                0x00000000       0x4e MCAL/pwm/pwm_program.o
 .bss.u32_g_NumOfOVFs
                0x00000000        0x2 MCAL/pwm/pwm_program.o
 .text          0x00000000        0x0 MCAL/timer/timer.o
 .data          0x00000000        0x0 MCAL/timer/timer.o
 .bss           0x00000000        0x0 MCAL/timer/timer.o
 .text.TMR_TMR0NormalModeInit
                0x00000000       0x44 MCAL/timer/timer.o
 .text.TIMER_delay_us
                0x00000000       0x38 MCAL/timer/timer.o
 .text.TIMER_timer0Start
                0x00000000       0x96 MCAL/timer/timer.o
 .text.TIMER_timer0Stop
                0x00000000       0x14 MCAL/timer/timer.o
 .text.TIMER_delay_ms
                0x00000000      0x16e MCAL/timer/timer.o
 .text.TMR_ovfSetCallback
                0x00000000       0x14 MCAL/timer/timer.o
 .bss.void_g_pfOvfInterruptAction
                0x00000000        0x2 MCAL/timer/timer.o
 .bss.u8_g_TMRShutdownFlag
                0x00000000        0x2 MCAL/timer/timer.o
 .bss.u16_g_tcnt0InitialVal
                0x00000000        0x2 MCAL/timer/timer.o
 .bss.u16_g_overflowTicks
                0x00000000        0x2 MCAL/timer/timer.o
 .bss.u16_g_overflowNumbers
                0x00000000        0x2 MCAL/timer/timer.o
 .bss.u16_g_TMR1Overflow
                0x00000000        0x2 MCAL/timer/timer.o
 .data.u8_l_mode
                0x00000000        0x1 MCAL/timer/timer.o
 .text          0x00000000        0x0 MCAL/timer/timer_config.o
 .data          0x00000000        0x0 MCAL/timer/timer_config.o
 .bss           0x00000000        0x0 MCAL/timer/timer_config.o
 .rodata.TimerConfig
                0x00000000       0x18 MCAL/timer/timer_config.o
 .debug_info    0x00000000      0x250 MCAL/timer/timer_config.o
 .debug_abbrev  0x00000000       0x86 MCAL/timer/timer_config.o
 .debug_aranges
                0x00000000       0x18 MCAL/timer/timer_config.o
 .debug_line    0x00000000       0x4c MCAL/timer/timer_config.o
 .debug_str     0x00000000      0x4b4 MCAL/timer/timer_config.o
 .comment       0x00000000       0x31 MCAL/timer/timer_config.o
 .text          0x00000000        0x0 c:/program files (x86)/atmel/studio/7.0/toolchain/avr8/avr8-gnu-toolchain/bin/../lib/gcc/avr/5.4.0/../../../../avr/lib/avr5\libm.a(addsf3.o)
 .data          0x00000000        0x0 c:/program files (x86)/atmel/studio/7.0/toolchain/avr8/avr8-gnu-toolchain/bin/../lib/gcc/avr/5.4.0/../../../../avr/lib/avr5\libm.a(addsf3.o)
 .bss           0x00000000        0x0 c:/program files (x86)/atmel/studio/7.0/toolchain/avr8/avr8-gnu-toolchain/bin/../lib/gcc/avr/5.4.0/../../../../avr/lib/avr5\libm.a(addsf3.o)
 .text          0x00000000        0x0 c:/program files (x86)/atmel/studio/7.0/toolchain/avr8/avr8-gnu-toolchain/bin/../lib/gcc/avr/5.4.0/../../../../avr/lib/avr5\libm.a(addsf3x.o)
 .data          0x00000000        0x0 c:/program files (x86)/atmel/studio/7.0/toolchain/avr8/avr8-gnu-toolchain/bin/../lib/gcc/avr/5.4.0/../../../../avr/lib/avr5\libm.a(addsf3x.o)
 .bss           0x00000000        0x0 c:/program files (x86)/atmel/studio/7.0/toolchain/avr8/avr8-gnu-toolchain/bin/../lib/gcc/avr/5.4.0/../../../../avr/lib/avr5\libm.a(addsf3x.o)
 .text          0x00000000        0x0 c:/program files (x86)/atmel/studio/7.0/toolchain/avr8/avr8-gnu-toolchain/bin/../lib/gcc/avr/5.4.0/../../../../avr/lib/avr5\libm.a(ceil.o)
 .data          0x00000000        0x0 c:/program files (x86)/atmel/studio/7.0/toolchain/avr8/avr8-gnu-toolchain/bin/../lib/gcc/avr/5.4.0/../../../../avr/lib/avr5\libm.a(ceil.o)
 .bss           0x00000000        0x0 c:/program files (x86)/atmel/studio/7.0/toolchain/avr8/avr8-gnu-toolchain/bin/../lib/gcc/avr/5.4.0/../../../../avr/lib/avr5\libm.a(ceil.o)
 .text          0x00000000        0x0 c:/program files (x86)/atmel/studio/7.0/toolchain/avr8/avr8-gnu-toolchain/bin/../lib/gcc/avr/5.4.0/../../../../avr/lib/avr5\libm.a(cmpsf2.o)
 .data          0x00000000        0x0 c:/program files (x86)/atmel/studio/7.0/toolchain/avr8/avr8-gnu-toolchain/bin/../lib/gcc/avr/5.4.0/../../../../avr/lib/avr5\libm.a(cmpsf2.o)
 .bss           0x00000000        0x0 c:/program files (x86)/atmel/studio/7.0/toolchain/avr8/avr8-gnu-toolchain/bin/../lib/gcc/avr/5.4.0/../../../../avr/lib/avr5\libm.a(cmpsf2.o)
 .text          0x00000000        0x0 c:/program files (x86)/atmel/studio/7.0/toolchain/avr8/avr8-gnu-toolchain/bin/../lib/gcc/avr/5.4.0/../../../../avr/lib/avr5\libm.a(divsf3.o)
 .data          0x00000000        0x0 c:/program files (x86)/atmel/studio/7.0/toolchain/avr8/avr8-gnu-toolchain/bin/../lib/gcc/avr/5.4.0/../../../../avr/lib/avr5\libm.a(divsf3.o)
 .bss           0x00000000        0x0 c:/program files (x86)/atmel/studio/7.0/toolchain/avr8/avr8-gnu-toolchain/bin/../lib/gcc/avr/5.4.0/../../../../avr/lib/avr5\libm.a(divsf3.o)
 .text          0x00000000        0x0 c:/program files (x86)/atmel/studio/7.0/toolchain/avr8/avr8-gnu-toolchain/bin/../lib/gcc/avr/5.4.0/../../../../avr/lib/avr5\libm.a(divsf3x.o)
 .data          0x00000000        0x0 c:/program files (x86)/atmel/studio/7.0/toolchain/avr8/avr8-gnu-toolchain/bin/../lib/gcc/avr/5.4.0/../../../../avr/lib/avr5\libm.a(divsf3x.o)
 .bss           0x00000000        0x0 c:/program files (x86)/atmel/studio/7.0/toolchain/avr8/avr8-gnu-toolchain/bin/../lib/gcc/avr/5.4.0/../../../../avr/lib/avr5\libm.a(divsf3x.o)
 .text          0x00000000        0x0 c:/program files (x86)/atmel/studio/7.0/toolchain/avr8/avr8-gnu-toolchain/bin/../lib/gcc/avr/5.4.0/../../../../avr/lib/avr5\libm.a(fixsfsi.o)
 .data          0x00000000        0x0 c:/program files (x86)/atmel/studio/7.0/toolchain/avr8/avr8-gnu-toolchain/bin/../lib/gcc/avr/5.4.0/../../../../avr/lib/avr5\libm.a(fixsfsi.o)
 .bss           0x00000000        0x0 c:/program files (x86)/atmel/studio/7.0/toolchain/avr8/avr8-gnu-toolchain/bin/../lib/gcc/avr/5.4.0/../../../../avr/lib/avr5\libm.a(fixsfsi.o)
 .text          0x00000000        0x0 c:/program files (x86)/atmel/studio/7.0/toolchain/avr8/avr8-gnu-toolchain/bin/../lib/gcc/avr/5.4.0/../../../../avr/lib/avr5\libm.a(fixunssfsi.o)
 .data          0x00000000        0x0 c:/program files (x86)/atmel/studio/7.0/toolchain/avr8/avr8-gnu-toolchain/bin/../lib/gcc/avr/5.4.0/../../../../avr/lib/avr5\libm.a(fixunssfsi.o)
 .bss           0x00000000        0x0 c:/program files (x86)/atmel/studio/7.0/toolchain/avr8/avr8-gnu-toolchain/bin/../lib/gcc/avr/5.4.0/../../../../avr/lib/avr5\libm.a(fixunssfsi.o)
 .text          0x00000000        0x0 c:/program files (x86)/atmel/studio/7.0/toolchain/avr8/avr8-gnu-toolchain/bin/../lib/gcc/avr/5.4.0/../../../../avr/lib/avr5\libm.a(floatsisf.o)
 .data          0x00000000        0x0 c:/program files (x86)/atmel/studio/7.0/toolchain/avr8/avr8-gnu-toolchain/bin/../lib/gcc/avr/5.4.0/../../../../avr/lib/avr5\libm.a(floatsisf.o)
 .bss           0x00000000        0x0 c:/program files (x86)/atmel/studio/7.0/toolchain/avr8/avr8-gnu-toolchain/bin/../lib/gcc/avr/5.4.0/../../../../avr/lib/avr5\libm.a(floatsisf.o)
 .text          0x00000000        0x0 c:/program files (x86)/atmel/studio/7.0/toolchain/avr8/avr8-gnu-toolchain/bin/../lib/gcc/avr/5.4.0/../../../../avr/lib/avr5\libm.a(fp_cmp.o)
 .data          0x00000000        0x0 c:/program files (x86)/atmel/studio/7.0/toolchain/avr8/avr8-gnu-toolchain/bin/../lib/gcc/avr/5.4.0/../../../../avr/lib/avr5\libm.a(fp_cmp.o)
 .bss           0x00000000        0x0 c:/program files (x86)/atmel/studio/7.0/toolchain/avr8/avr8-gnu-toolchain/bin/../lib/gcc/avr/5.4.0/../../../../avr/lib/avr5\libm.a(fp_cmp.o)
 .text          0x00000000        0x0 c:/program files (x86)/atmel/studio/7.0/toolchain/avr8/avr8-gnu-toolchain/bin/../lib/gcc/avr/5.4.0/../../../../avr/lib/avr5\libm.a(fp_inf.o)
 .data          0x00000000        0x0 c:/program files (x86)/atmel/studio/7.0/toolchain/avr8/avr8-gnu-toolchain/bin/../lib/gcc/avr/5.4.0/../../../../avr/lib/avr5\libm.a(fp_inf.o)
 .bss           0x00000000        0x0 c:/program files (x86)/atmel/studio/7.0/toolchain/avr8/avr8-gnu-toolchain/bin/../lib/gcc/avr/5.4.0/../../../../avr/lib/avr5\libm.a(fp_inf.o)
 .text          0x00000000        0x0 c:/program files (x86)/atmel/studio/7.0/toolchain/avr8/avr8-gnu-toolchain/bin/../lib/gcc/avr/5.4.0/../../../../avr/lib/avr5\libm.a(fp_mintl.o)
 .data          0x00000000        0x0 c:/program files (x86)/atmel/studio/7.0/toolchain/avr8/avr8-gnu-toolchain/bin/../lib/gcc/avr/5.4.0/../../../../avr/lib/avr5\libm.a(fp_mintl.o)
 .bss           0x00000000        0x0 c:/program files (x86)/atmel/studio/7.0/toolchain/avr8/avr8-gnu-toolchain/bin/../lib/gcc/avr/5.4.0/../../../../avr/lib/avr5\libm.a(fp_mintl.o)
 .text          0x00000000        0x0 c:/program files (x86)/atmel/studio/7.0/toolchain/avr8/avr8-gnu-toolchain/bin/../lib/gcc/avr/5.4.0/../../../../avr/lib/avr5\libm.a(fp_mpack.o)
 .data          0x00000000        0x0 c:/program files (x86)/atmel/studio/7.0/toolchain/avr8/avr8-gnu-toolchain/bin/../lib/gcc/avr/5.4.0/../../../../avr/lib/avr5\libm.a(fp_mpack.o)
 .bss           0x00000000        0x0 c:/program files (x86)/atmel/studio/7.0/toolchain/avr8/avr8-gnu-toolchain/bin/../lib/gcc/avr/5.4.0/../../../../avr/lib/avr5\libm.a(fp_mpack.o)
 .text          0x00000000        0x0 c:/program files (x86)/atmel/studio/7.0/toolchain/avr8/avr8-gnu-toolchain/bin/../lib/gcc/avr/5.4.0/../../../../avr/lib/avr5\libm.a(fp_nan.o)
 .data          0x00000000        0x0 c:/program files (x86)/atmel/studio/7.0/toolchain/avr8/avr8-gnu-toolchain/bin/../lib/gcc/avr/5.4.0/../../../../avr/lib/avr5\libm.a(fp_nan.o)
 .bss           0x00000000        0x0 c:/program files (x86)/atmel/studio/7.0/toolchain/avr8/avr8-gnu-toolchain/bin/../lib/gcc/avr/5.4.0/../../../../avr/lib/avr5\libm.a(fp_nan.o)
 .text          0x00000000        0x0 c:/program files (x86)/atmel/studio/7.0/toolchain/avr8/avr8-gnu-toolchain/bin/../lib/gcc/avr/5.4.0/../../../../avr/lib/avr5\libm.a(fp_pscA.o)
 .data          0x00000000        0x0 c:/program files (x86)/atmel/studio/7.0/toolchain/avr8/avr8-gnu-toolchain/bin/../lib/gcc/avr/5.4.0/../../../../avr/lib/avr5\libm.a(fp_pscA.o)
 .bss           0x00000000        0x0 c:/program files (x86)/atmel/studio/7.0/toolchain/avr8/avr8-gnu-toolchain/bin/../lib/gcc/avr/5.4.0/../../../../avr/lib/avr5\libm.a(fp_pscA.o)
 .text          0x00000000        0x0 c:/program files (x86)/atmel/studio/7.0/toolchain/avr8/avr8-gnu-toolchain/bin/../lib/gcc/avr/5.4.0/../../../../avr/lib/avr5\libm.a(fp_pscB.o)
 .data          0x00000000        0x0 c:/program files (x86)/atmel/studio/7.0/toolchain/avr8/avr8-gnu-toolchain/bin/../lib/gcc/avr/5.4.0/../../../../avr/lib/avr5\libm.a(fp_pscB.o)
 .bss           0x00000000        0x0 c:/program files (x86)/atmel/studio/7.0/toolchain/avr8/avr8-gnu-toolchain/bin/../lib/gcc/avr/5.4.0/../../../../avr/lib/avr5\libm.a(fp_pscB.o)
 .text          0x00000000        0x0 c:/program files (x86)/atmel/studio/7.0/toolchain/avr8/avr8-gnu-toolchain/bin/../lib/gcc/avr/5.4.0/../../../../avr/lib/avr5\libm.a(fp_round.o)
 .data          0x00000000        0x0 c:/program files (x86)/atmel/studio/7.0/toolchain/avr8/avr8-gnu-toolchain/bin/../lib/gcc/avr/5.4.0/../../../../avr/lib/avr5\libm.a(fp_round.o)
 .bss           0x00000000        0x0 c:/program files (x86)/atmel/studio/7.0/toolchain/avr8/avr8-gnu-toolchain/bin/../lib/gcc/avr/5.4.0/../../../../avr/lib/avr5\libm.a(fp_round.o)
 .text          0x00000000        0x0 c:/program files (x86)/atmel/studio/7.0/toolchain/avr8/avr8-gnu-toolchain/bin/../lib/gcc/avr/5.4.0/../../../../avr/lib/avr5\libm.a(fp_split3.o)
 .data          0x00000000        0x0 c:/program files (x86)/atmel/studio/7.0/toolchain/avr8/avr8-gnu-toolchain/bin/../lib/gcc/avr/5.4.0/../../../../avr/lib/avr5\libm.a(fp_split3.o)
 .bss           0x00000000        0x0 c:/program files (x86)/atmel/studio/7.0/toolchain/avr8/avr8-gnu-toolchain/bin/../lib/gcc/avr/5.4.0/../../../../avr/lib/avr5\libm.a(fp_split3.o)
 .text          0x00000000        0x0 c:/program files (x86)/atmel/studio/7.0/toolchain/avr8/avr8-gnu-toolchain/bin/../lib/gcc/avr/5.4.0/../../../../avr/lib/avr5\libm.a(fp_trunc.o)
 .data          0x00000000        0x0 c:/program files (x86)/atmel/studio/7.0/toolchain/avr8/avr8-gnu-toolchain/bin/../lib/gcc/avr/5.4.0/../../../../avr/lib/avr5\libm.a(fp_trunc.o)
 .bss           0x00000000        0x0 c:/program files (x86)/atmel/studio/7.0/toolchain/avr8/avr8-gnu-toolchain/bin/../lib/gcc/avr/5.4.0/../../../../avr/lib/avr5\libm.a(fp_trunc.o)
 .text          0x00000000        0x0 c:/program files (x86)/atmel/studio/7.0/toolchain/avr8/avr8-gnu-toolchain/bin/../lib/gcc/avr/5.4.0/../../../../avr/lib/avr5\libm.a(fp_zero.o)
 .data          0x00000000        0x0 c:/program files (x86)/atmel/studio/7.0/toolchain/avr8/avr8-gnu-toolchain/bin/../lib/gcc/avr/5.4.0/../../../../avr/lib/avr5\libm.a(fp_zero.o)
 .bss           0x00000000        0x0 c:/program files (x86)/atmel/studio/7.0/toolchain/avr8/avr8-gnu-toolchain/bin/../lib/gcc/avr/5.4.0/../../../../avr/lib/avr5\libm.a(fp_zero.o)
 .text          0x00000000        0x0 c:/program files (x86)/atmel/studio/7.0/toolchain/avr8/avr8-gnu-toolchain/bin/../lib/gcc/avr/5.4.0/../../../../avr/lib/avr5\libm.a(gesf2.o)
 .data          0x00000000        0x0 c:/program files (x86)/atmel/studio/7.0/toolchain/avr8/avr8-gnu-toolchain/bin/../lib/gcc/avr/5.4.0/../../../../avr/lib/avr5\libm.a(gesf2.o)
 .bss           0x00000000        0x0 c:/program files (x86)/atmel/studio/7.0/toolchain/avr8/avr8-gnu-toolchain/bin/../lib/gcc/avr/5.4.0/../../../../avr/lib/avr5\libm.a(gesf2.o)
 .text          0x00000000        0x0 c:/program files (x86)/atmel/studio/7.0/toolchain/avr8/avr8-gnu-toolchain/bin/../lib/gcc/avr/5.4.0/../../../../avr/lib/avr5\libm.a(mulsf3.o)
 .data          0x00000000        0x0 c:/program files (x86)/atmel/studio/7.0/toolchain/avr8/avr8-gnu-toolchain/bin/../lib/gcc/avr/5.4.0/../../../../avr/lib/avr5\libm.a(mulsf3.o)
 .bss           0x00000000        0x0 c:/program files (x86)/atmel/studio/7.0/toolchain/avr8/avr8-gnu-toolchain/bin/../lib/gcc/avr/5.4.0/../../../../avr/lib/avr5\libm.a(mulsf3.o)
 .text          0x00000000        0x0 c:/program files (x86)/atmel/studio/7.0/toolchain/avr8/avr8-gnu-toolchain/bin/../lib/gcc/avr/5.4.0/../../../../avr/lib/avr5\libm.a(mulsf3x.o)
 .data          0x00000000        0x0 c:/program files (x86)/atmel/studio/7.0/toolchain/avr8/avr8-gnu-toolchain/bin/../lib/gcc/avr/5.4.0/../../../../avr/lib/avr5\libm.a(mulsf3x.o)
 .bss           0x00000000        0x0 c:/program files (x86)/atmel/studio/7.0/toolchain/avr8/avr8-gnu-toolchain/bin/../lib/gcc/avr/5.4.0/../../../../avr/lib/avr5\libm.a(mulsf3x.o)
 .text          0x00000000        0x0 c:/program files (x86)/atmel/studio/7.0/toolchain/avr8/avr8-gnu-toolchain/bin/../lib/gcc/avr/5.4.0/avr5\libgcc.a(_divmodhi4.o)
 .data          0x00000000        0x0 c:/program files (x86)/atmel/studio/7.0/toolchain/avr8/avr8-gnu-toolchain/bin/../lib/gcc/avr/5.4.0/avr5\libgcc.a(_divmodhi4.o)
 .bss           0x00000000        0x0 c:/program files (x86)/atmel/studio/7.0/toolchain/avr8/avr8-gnu-toolchain/bin/../lib/gcc/avr/5.4.0/avr5\libgcc.a(_divmodhi4.o)
 .text.libgcc.mul
                0x00000000        0x0 c:/program files (x86)/atmel/studio/7.0/toolchain/avr8/avr8-gnu-toolchain/bin/../lib/gcc/avr/5.4.0/avr5\libgcc.a(_divmodhi4.o)
 .text.libgcc   0x00000000        0x0 c:/program files (x86)/atmel/studio/7.0/toolchain/avr8/avr8-gnu-toolchain/bin/../lib/gcc/avr/5.4.0/avr5\libgcc.a(_divmodhi4.o)
 .text.libgcc.prologue
                0x00000000        0x0 c:/program files (x86)/atmel/studio/7.0/toolchain/avr8/avr8-gnu-toolchain/bin/../lib/gcc/avr/5.4.0/avr5\libgcc.a(_divmodhi4.o)
 .text.libgcc.builtins
                0x00000000        0x0 c:/program files (x86)/atmel/studio/7.0/toolchain/avr8/avr8-gnu-toolchain/bin/../lib/gcc/avr/5.4.0/avr5\libgcc.a(_divmodhi4.o)
 .text.libgcc.fmul
                0x00000000        0x0 c:/program files (x86)/atmel/studio/7.0/toolchain/avr8/avr8-gnu-toolchain/bin/../lib/gcc/avr/5.4.0/avr5\libgcc.a(_divmodhi4.o)
 .text.libgcc.fixed
                0x00000000        0x0 c:/program files (x86)/atmel/studio/7.0/toolchain/avr8/avr8-gnu-toolchain/bin/../lib/gcc/avr/5.4.0/avr5\libgcc.a(_divmodhi4.o)
 .text          0x00000000        0x0 c:/program files (x86)/atmel/studio/7.0/toolchain/avr8/avr8-gnu-toolchain/bin/../lib/gcc/avr/5.4.0/avr5\libgcc.a(_exit.o)
 .data          0x00000000        0x0 c:/program files (x86)/atmel/studio/7.0/toolchain/avr8/avr8-gnu-toolchain/bin/../lib/gcc/avr/5.4.0/avr5\libgcc.a(_exit.o)
 .bss           0x00000000        0x0 c:/program files (x86)/atmel/studio/7.0/toolchain/avr8/avr8-gnu-toolchain/bin/../lib/gcc/avr/5.4.0/avr5\libgcc.a(_exit.o)
 .text.libgcc.mul
                0x00000000        0x0 c:/program files (x86)/atmel/studio/7.0/toolchain/avr8/avr8-gnu-toolchain/bin/../lib/gcc/avr/5.4.0/avr5\libgcc.a(_exit.o)
 .text.libgcc.div
                0x00000000        0x0 c:/program files (x86)/atmel/studio/7.0/toolchain/avr8/avr8-gnu-toolchain/bin/../lib/gcc/avr/5.4.0/avr5\libgcc.a(_exit.o)
 .text.libgcc   0x00000000        0x0 c:/program files (x86)/atmel/studio/7.0/toolchain/avr8/avr8-gnu-toolchain/bin/../lib/gcc/avr/5.4.0/avr5\libgcc.a(_exit.o)
 .text.libgcc.prologue
                0x00000000        0x0 c:/program files (x86)/atmel/studio/7.0/toolchain/avr8/avr8-gnu-toolchain/bin/../lib/gcc/avr/5.4.0/avr5\libgcc.a(_exit.o)
 .text.libgcc.builtins
                0x00000000        0x0 c:/program files (x86)/atmel/studio/7.0/toolchain/avr8/avr8-gnu-toolchain/bin/../lib/gcc/avr/5.4.0/avr5\libgcc.a(_exit.o)
 .text.libgcc.fmul
                0x00000000        0x0 c:/program files (x86)/atmel/studio/7.0/toolchain/avr8/avr8-gnu-toolchain/bin/../lib/gcc/avr/5.4.0/avr5\libgcc.a(_exit.o)
 .text.libgcc.fixed
                0x00000000        0x0 c:/program files (x86)/atmel/studio/7.0/toolchain/avr8/avr8-gnu-toolchain/bin/../lib/gcc/avr/5.4.0/avr5\libgcc.a(_exit.o)
 .text          0x00000000        0x0 c:/program files (x86)/atmel/studio/7.0/toolchain/avr8/avr8-gnu-toolchain/bin/../lib/gcc/avr/5.4.0/avr5\libgcc.a(_tablejump2.o)
 .data          0x00000000        0x0 c:/program files (x86)/atmel/studio/7.0/toolchain/avr8/avr8-gnu-toolchain/bin/../lib/gcc/avr/5.4.0/avr5\libgcc.a(_tablejump2.o)
 .bss           0x00000000        0x0 c:/program files (x86)/atmel/studio/7.0/toolchain/avr8/avr8-gnu-toolchain/bin/../lib/gcc/avr/5.4.0/avr5\libgcc.a(_tablejump2.o)
 .text.libgcc.mul
                0x00000000        0x0 c:/program files (x86)/atmel/studio/7.0/toolchain/avr8/avr8-gnu-toolchain/bin/../lib/gcc/avr/5.4.0/avr5\libgcc.a(_tablejump2.o)
 .text.libgcc.div
                0x00000000        0x0 c:/program files (x86)/atmel/studio/7.0/toolchain/avr8/avr8-gnu-toolchain/bin/../lib/gcc/avr/5.4.0/avr5\libgcc.a(_tablejump2.o)
 .text.libgcc.prologue
                0x00000000        0x0 c:/program files (x86)/atmel/studio/7.0/toolchain/avr8/avr8-gnu-toolchain/bin/../lib/gcc/avr/5.4.0/avr5\libgcc.a(_tablejump2.o)
 .text.libgcc.builtins
                0x00000000        0x0 c:/program files (x86)/atmel/studio/7.0/toolchain/avr8/avr8-gnu-toolchain/bin/../lib/gcc/avr/5.4.0/avr5\libgcc.a(_tablejump2.o)
 .text.libgcc.fmul
                0x00000000        0x0 c:/program files (x86)/atmel/studio/7.0/toolchain/avr8/avr8-gnu-toolchain/bin/../lib/gcc/avr/5.4.0/avr5\libgcc.a(_tablejump2.o)
 .text.libgcc.fixed
                0x00000000        0x0 c:/program files (x86)/atmel/studio/7.0/toolchain/avr8/avr8-gnu-toolchain/bin/../lib/gcc/avr/5.4.0/avr5\libgcc.a(_tablejump2.o)
 .text          0x00000000        0x0 c:/program files (x86)/atmel/studio/7.0/toolchain/avr8/avr8-gnu-toolchain/bin/../lib/gcc/avr/5.4.0/avr5\libgcc.a(_copy_data.o)
 .data          0x00000000        0x0 c:/program files (x86)/atmel/studio/7.0/toolchain/avr8/avr8-gnu-toolchain/bin/../lib/gcc/avr/5.4.0/avr5\libgcc.a(_copy_data.o)
 .bss           0x00000000        0x0 c:/program files (x86)/atmel/studio/7.0/toolchain/avr8/avr8-gnu-toolchain/bin/../lib/gcc/avr/5.4.0/avr5\libgcc.a(_copy_data.o)
 .text.libgcc.mul
                0x00000000        0x0 c:/program files (x86)/atmel/studio/7.0/toolchain/avr8/avr8-gnu-toolchain/bin/../lib/gcc/avr/5.4.0/avr5\libgcc.a(_copy_data.o)
 .text.libgcc.div
                0x00000000        0x0 c:/program files (x86)/atmel/studio/7.0/toolchain/avr8/avr8-gnu-toolchain/bin/../lib/gcc/avr/5.4.0/avr5\libgcc.a(_copy_data.o)
 .text.libgcc   0x00000000        0x0 c:/program files (x86)/atmel/studio/7.0/toolchain/avr8/avr8-gnu-toolchain/bin/../lib/gcc/avr/5.4.0/avr5\libgcc.a(_copy_data.o)
 .text.libgcc.prologue
                0x00000000        0x0 c:/program files (x86)/atmel/studio/7.0/toolchain/avr8/avr8-gnu-toolchain/bin/../lib/gcc/avr/5.4.0/avr5\libgcc.a(_copy_data.o)
 .text.libgcc.builtins
                0x00000000        0x0 c:/program files (x86)/atmel/studio/7.0/toolchain/avr8/avr8-gnu-toolchain/bin/../lib/gcc/avr/5.4.0/avr5\libgcc.a(_copy_data.o)
 .text.libgcc.fmul
                0x00000000        0x0 c:/program files (x86)/atmel/studio/7.0/toolchain/avr8/avr8-gnu-toolchain/bin/../lib/gcc/avr/5.4.0/avr5\libgcc.a(_copy_data.o)
 .text.libgcc.fixed
                0x00000000        0x0 c:/program files (x86)/atmel/studio/7.0/toolchain/avr8/avr8-gnu-toolchain/bin/../lib/gcc/avr/5.4.0/avr5\libgcc.a(_copy_data.o)
 .text          0x00000000        0x0 c:/program files (x86)/atmel/studio/7.0/toolchain/avr8/avr8-gnu-toolchain/bin/../lib/gcc/avr/5.4.0/avr5\libgcc.a(_clear_bss.o)
 .data          0x00000000        0x0 c:/program files (x86)/atmel/studio/7.0/toolchain/avr8/avr8-gnu-toolchain/bin/../lib/gcc/avr/5.4.0/avr5\libgcc.a(_clear_bss.o)
 .bss           0x00000000        0x0 c:/program files (x86)/atmel/studio/7.0/toolchain/avr8/avr8-gnu-toolchain/bin/../lib/gcc/avr/5.4.0/avr5\libgcc.a(_clear_bss.o)
 .text.libgcc.mul
                0x00000000        0x0 c:/program files (x86)/atmel/studio/7.0/toolchain/avr8/avr8-gnu-toolchain/bin/../lib/gcc/avr/5.4.0/avr5\libgcc.a(_clear_bss.o)
 .text.libgcc.div
                0x00000000        0x0 c:/program files (x86)/atmel/studio/7.0/toolchain/avr8/avr8-gnu-toolchain/bin/../lib/gcc/avr/5.4.0/avr5\libgcc.a(_clear_bss.o)
 .text.libgcc   0x00000000        0x0 c:/program files (x86)/atmel/studio/7.0/toolchain/avr8/avr8-gnu-toolchain/bin/../lib/gcc/avr/5.4.0/avr5\libgcc.a(_clear_bss.o)
 .text.libgcc.prologue
                0x00000000        0x0 c:/program files (x86)/atmel/studio/7.0/toolchain/avr8/avr8-gnu-toolchain/bin/../lib/gcc/avr/5.4.0/avr5\libgcc.a(_clear_bss.o)
 .text.libgcc.builtins
                0x00000000        0x0 c:/program files (x86)/atmel/studio/7.0/toolchain/avr8/avr8-gnu-toolchain/bin/../lib/gcc/avr/5.4.0/avr5\libgcc.a(_clear_bss.o)
 .text.libgcc.fmul
                0x00000000        0x0 c:/program files (x86)/atmel/studio/7.0/toolchain/avr8/avr8-gnu-toolchain/bin/../lib/gcc/avr/5.4.0/avr5\libgcc.a(_clear_bss.o)
 .text.libgcc.fixed
                0x00000000        0x0 c:/program files (x86)/atmel/studio/7.0/toolchain/avr8/avr8-gnu-toolchain/bin/../lib/gcc/avr/5.4.0/avr5\libgcc.a(_clear_bss.o)
 .text          0x00000000        0x0 c:/program files (x86)/atmel/studio/7.0/toolchain/avr8/avr8-gnu-toolchain/bin/../lib/gcc/avr/5.4.0/avr5\libgcc.a(_umulhisi3.o)
 .data          0x00000000        0x0 c:/program files (x86)/atmel/studio/7.0/toolchain/avr8/avr8-gnu-toolchain/bin/../lib/gcc/avr/5.4.0/avr5\libgcc.a(_umulhisi3.o)
 .bss           0x00000000        0x0 c:/program files (x86)/atmel/studio/7.0/toolchain/avr8/avr8-gnu-toolchain/bin/../lib/gcc/avr/5.4.0/avr5\libgcc.a(_umulhisi3.o)
 .text.libgcc.mul
                0x00000000       0x1e c:/program files (x86)/atmel/studio/7.0/toolchain/avr8/avr8-gnu-toolchain/bin/../lib/gcc/avr/5.4.0/avr5\libgcc.a(_umulhisi3.o)
 .text.libgcc.div
                0x00000000        0x0 c:/program files (x86)/atmel/studio/7.0/toolchain/avr8/avr8-gnu-toolchain/bin/../lib/gcc/avr/5.4.0/avr5\libgcc.a(_umulhisi3.o)
 .text.libgcc   0x00000000        0x0 c:/program files (x86)/atmel/studio/7.0/toolchain/avr8/avr8-gnu-toolchain/bin/../lib/gcc/avr/5.4.0/avr5\libgcc.a(_umulhisi3.o)
 .text.libgcc.prologue
                0x00000000        0x0 c:/program files (x86)/atmel/studio/7.0/toolchain/avr8/avr8-gnu-toolchain/bin/../lib/gcc/avr/5.4.0/avr5\libgcc.a(_umulhisi3.o)
 .text.libgcc.builtins
                0x00000000        0x0 c:/program files (x86)/atmel/studio/7.0/toolchain/avr8/avr8-gnu-toolchain/bin/../lib/gcc/avr/5.4.0/avr5\libgcc.a(_umulhisi3.o)
 .text.libgcc.fmul
                0x00000000        0x0 c:/program files (x86)/atmel/studio/7.0/toolchain/avr8/avr8-gnu-toolchain/bin/../lib/gcc/avr/5.4.0/avr5\libgcc.a(_umulhisi3.o)
 .text.libgcc.fixed
                0x00000000        0x0 c:/program files (x86)/atmel/studio/7.0/toolchain/avr8/avr8-gnu-toolchain/bin/../lib/gcc/avr/5.4.0/avr5\libgcc.a(_umulhisi3.o)
 .text          0x00000000        0x0 c:/program files (x86)/atmel/studio/7.0/toolchain/avr8/avr8-gnu-toolchain/bin/../lib/gcc/avr/5.4.0/avr5\libgcc.a(_udivmodhi4.o)
 .data          0x00000000        0x0 c:/program files (x86)/atmel/studio/7.0/toolchain/avr8/avr8-gnu-toolchain/bin/../lib/gcc/avr/5.4.0/avr5\libgcc.a(_udivmodhi4.o)
 .bss           0x00000000        0x0 c:/program files (x86)/atmel/studio/7.0/toolchain/avr8/avr8-gnu-toolchain/bin/../lib/gcc/avr/5.4.0/avr5\libgcc.a(_udivmodhi4.o)
 .text.libgcc.mul
                0x00000000        0x0 c:/program files (x86)/atmel/studio/7.0/toolchain/avr8/avr8-gnu-toolchain/bin/../lib/gcc/avr/5.4.0/avr5\libgcc.a(_udivmodhi4.o)
 .text.libgcc   0x00000000        0x0 c:/program files (x86)/atmel/studio/7.0/toolchain/avr8/avr8-gnu-toolchain/bin/../lib/gcc/avr/5.4.0/avr5\libgcc.a(_udivmodhi4.o)
 .text.libgcc.prologue
                0x00000000        0x0 c:/program files (x86)/atmel/studio/7.0/toolchain/avr8/avr8-gnu-toolchain/bin/../lib/gcc/avr/5.4.0/avr5\libgcc.a(_udivmodhi4.o)
 .text.libgcc.builtins
                0x00000000        0x0 c:/program files (x86)/atmel/studio/7.0/toolchain/avr8/avr8-gnu-toolchain/bin/../lib/gcc/avr/5.4.0/avr5\libgcc.a(_udivmodhi4.o)
 .text.libgcc.fmul
                0x00000000        0x0 c:/program files (x86)/atmel/studio/7.0/toolchain/avr8/avr8-gnu-toolchain/bin/../lib/gcc/avr/5.4.0/avr5\libgcc.a(_udivmodhi4.o)
 .text.libgcc.fixed
                0x00000000        0x0 c:/program files (x86)/atmel/studio/7.0/toolchain/avr8/avr8-gnu-toolchain/bin/../lib/gcc/avr/5.4.0/avr5\libgcc.a(_udivmodhi4.o)
 .text          0x00000000        0x0 c:/program files (x86)/atmel/studio/7.0/toolchain/avr8/avr8-gnu-toolchain/bin/../lib/gcc/avr/5.4.0/../../../../avr/lib/avr5\libc.a(itoa_ncheck.o)
 .data          0x00000000        0x0 c:/program files (x86)/atmel/studio/7.0/toolchain/avr8/avr8-gnu-toolchain/bin/../lib/gcc/avr/5.4.0/../../../../avr/lib/avr5\libc.a(itoa_ncheck.o)
 .bss           0x00000000        0x0 c:/program files (x86)/atmel/studio/7.0/toolchain/avr8/avr8-gnu-toolchain/bin/../lib/gcc/avr/5.4.0/../../../../avr/lib/avr5\libc.a(itoa_ncheck.o)
 .text.avr-libc
                0x00000000       0x16 c:/program files (x86)/atmel/studio/7.0/toolchain/avr8/avr8-gnu-toolchain/bin/../lib/gcc/avr/5.4.0/../../../../avr/lib/avr5\libc.a(itoa_ncheck.o)
 .text          0x00000000        0x0 c:/program files (x86)/atmel/studio/7.0/toolchain/avr8/avr8-gnu-toolchain/bin/../lib/gcc/avr/5.4.0/../../../../avr/lib/avr5\libc.a(utoa_ncheck.o)
 .data          0x00000000        0x0 c:/program files (x86)/atmel/studio/7.0/toolchain/avr8/avr8-gnu-toolchain/bin/../lib/gcc/avr/5.4.0/../../../../avr/lib/avr5\libc.a(utoa_ncheck.o)
 .bss           0x00000000        0x0 c:/program files (x86)/atmel/studio/7.0/toolchain/avr8/avr8-gnu-toolchain/bin/../lib/gcc/avr/5.4.0/../../../../avr/lib/avr5\libc.a(utoa_ncheck.o)
 .text.avr-libc
                0x00000000       0x34 c:/program files (x86)/atmel/studio/7.0/toolchain/avr8/avr8-gnu-toolchain/bin/../lib/gcc/avr/5.4.0/../../../../avr/lib/avr5\libc.a(utoa_ncheck.o)
 .text          0x00000000        0x0 c:/program files (x86)/atmel/studio/7.0/toolchain/avr8/avr8-gnu-toolchain/bin/../lib/gcc/avr/5.4.0/../../../../avr/lib/avr5\libc.a(strrev.o)
 .data          0x00000000        0x0 c:/program files (x86)/atmel/studio/7.0/toolchain/avr8/avr8-gnu-toolchain/bin/../lib/gcc/avr/5.4.0/../../../../avr/lib/avr5\libc.a(strrev.o)
 .bss           0x00000000        0x0 c:/program files (x86)/atmel/studio/7.0/toolchain/avr8/avr8-gnu-toolchain/bin/../lib/gcc/avr/5.4.0/../../../../avr/lib/avr5\libc.a(strrev.o)
 .text.avr-libc
                0x00000000       0x20 c:/program files (x86)/atmel/studio/7.0/toolchain/avr8/avr8-gnu-toolchain/bin/../lib/gcc/avr/5.4.0/../../../../avr/lib/avr5\libc.a(strrev.o)

Memory Configuration

Name             Origin             Length             Attributes
text             0x00000000         0x00008000         xr
data             0x00800060         0x00000800         rw !x
eeprom           0x00810000         0x00000400         rw !x
fuse             0x00820000         0x00000002         rw !x
lock             0x00830000         0x00000400         rw !x
signature        0x00840000         0x00000400         rw !x
user_signatures  0x00850000         0x00000400         rw !x
*default*        0x00000000         0xffffffff

Linker script and memory map

LOAD C:/Program Files (x86)/Atmel/Studio/7.0/Packs/atmel/ATmega_DFP/1.7.374/gcc/dev/atmega32/avr5/crtatmega32.o
LOAD APPLICATION/app/app.o
LOAD APPLICATION/car_module/car_operations.o
LOAD ECUAL/keypad/keypad_config.o
LOAD ECUAL/keypad/keypad_program.o
LOAD ECUAL/lcd/lcd_program.o
LOAD ECUAL/motors/dcm_cfg.o
LOAD ECUAL/motors/dcm_program.o
LOAD ECUAL/push_button/pb_config.o
LOAD ECUAL/push_button/PB_prog.o
LOAD ECUAL/ultrasonic/ultrasonic_prog.o
LOAD lcd_test/dio_prog.o
LOAD lcd_test/lcd_config.o
LOAD lcd_test/lcd_program.o
LOAD main.o
LOAD MCAL/dio/Dio.o
LOAD MCAL/exti/EXT_INTERRUPT_Config.o
LOAD MCAL/exti/EXT_INTERRUPT_Prog.o
LOAD MCAL/icu/ICU.o
LOAD MCAL/icu/ICU_cfg.o
LOAD MCAL/mcu_cfg/MCU_Prog.o
LOAD MCAL/pwm/pwm_config.o
LOAD MCAL/pwm/pwm_program.o
LOAD MCAL/timer/timer.o
LOAD MCAL/timer/timer_config.o
START GROUP
LOAD c:/program files (x86)/atmel/studio/7.0/toolchain/avr8/avr8-gnu-toolchain/bin/../lib/gcc/avr/5.4.0/../../../../avr/lib/avr5\libm.a
END GROUP
START GROUP
LOAD c:/program files (x86)/atmel/studio/7.0/toolchain/avr8/avr8-gnu-toolchain/bin/../lib/gcc/avr/5.4.0/avr5\libgcc.a
LOAD c:/program files (x86)/atmel/studio/7.0/toolchain/avr8/avr8-gnu-toolchain/bin/../lib/gcc/avr/5.4.0/../../../../avr/lib/avr5\libm.a
LOAD c:/program files (x86)/atmel/studio/7.0/toolchain/avr8/avr8-gnu-toolchain/bin/../lib/gcc/avr/5.4.0/../../../../avr/lib/avr5\libc.a
LOAD C:/Program Files (x86)/Atmel/Studio/7.0/Packs/atmel/ATmega_DFP/1.7.374/gcc/dev/atmega32/avr5\libatmega32.a
END GROUP
                0x00000000                __TEXT_REGION_ORIGIN__ = DEFINED (__TEXT_REGION_ORIGIN__)?__TEXT_REGION_ORIGIN__:0x0
                [0x00800060]                __DATA_REGION_ORIGIN__ = DEFINED (__DATA_REGION_ORIGIN__)?__DATA_REGION_ORIGIN__:0x800060
                [0x00008000]                __TEXT_REGION_LENGTH__ = DEFINED (__TEXT_REGION_LENGTH__)?__TEXT_REGION_LENGTH__:0x20000
                [0x00000800]                __DATA_REGION_LENGTH__ = DEFINED (__DATA_REGION_LENGTH__)?__DATA_REGION_LENGTH__:0xffa0
                [0x00000400]                __EEPROM_REGION_LENGTH__ = DEFINED (__EEPROM_REGION_LENGTH__)?__EEPROM_REGION_LENGTH__:0x10000
                [0x00000002]                __FUSE_REGION_LENGTH__ = DEFINED (__FUSE_REGION_LENGTH__)?__FUSE_REGION_LENGTH__:0x400
                0x00000400                __LOCK_REGION_LENGTH__ = DEFINED (__LOCK_REGION_LENGTH__)?__LOCK_REGION_LENGTH__:0x400
                0x00000400                __SIGNATURE_REGION_LENGTH__ = DEFINED (__SIGNATURE_REGION_LENGTH__)?__SIGNATURE_REGION_LENGTH__:0x400
                0x00000400                __USER_SIGNATURE_REGION_LENGTH__ = DEFINED (__USER_SIGNATURE_REGION_LENGTH__)?__USER_SIGNATURE_REGION_LENGTH__:0x400

.hash
 *(.hash)

.dynsym
 *(.dynsym)

.dynstr
 *(.dynstr)

.gnu.version
 *(.gnu.version)

.gnu.version_d
 *(.gnu.version_d)

.gnu.version_r
 *(.gnu.version_r)

.rel.init
 *(.rel.init)

.rela.init
 *(.rela.init)

.rel.text
 *(.rel.text)
 *(.rel.text.*)
 *(.rel.gnu.linkonce.t*)

.rela.text
 *(.rela.text)
 *(.rela.text.*)
 *(.rela.gnu.linkonce.t*)

.rel.fini
 *(.rel.fini)

.rela.fini
 *(.rela.fini)

.rel.rodata
 *(.rel.rodata)
 *(.rel.rodata.*)
 *(.rel.gnu.linkonce.r*)

.rela.rodata
 *(.rela.rodata)
 *(.rela.rodata.*)
 *(.rela.gnu.linkonce.r*)

.rel.data
 *(.rel.data)
 *(.rel.data.*)
 *(.rel.gnu.linkonce.d*)

.rela.data
 *(.rela.data)
 *(.rela.data.*)
 *(.rela.gnu.linkonce.d*)

.rel.ctors
 *(.rel.ctors)

.rela.ctors
 *(.rela.ctors)

.rel.dtors
 *(.rel.dtors)

.rela.dtors
 *(.rela.dtors)

.rel.got
 *(.rel.got)

.rela.got
 *(.rela.got)

.rel.bss
 *(.rel.bss)

.rela.bss
 *(.rela.bss)

.rel.plt
 *(.rel.plt)

.rela.plt
 *(.rela.plt)

.text           0x00000000     0x20a4
 *(.vectors)
 .vectors       0x00000000       0x54 C:/Program Files (x86)/Atmel/Studio/7.0/Packs/atmel/ATmega_DFP/1.7.374/gcc/dev/atmega32/avr5/crtatmega32.o
                0x00000000                __vector_default
                0x00000000                __vectors
 *(.vectors)
 *(.progmem.gcc*)
 .progmem.gcc_sw_table.app_main
                0x00000054       0x10 APPLICATION/app/app.o
                0x00000064                . = ALIGN (0x2)
                0x00000064                __trampolines_start = .
 *(.trampolines)
 .trampolines   0x00000064        0x0 linker stubs
 *(.trampolines*)
                0x00000064                __trampolines_end = .
 *libprintf_flt.a:*(.progmem.data)
 *libc.a:*(.progmem.data)
 *(.progmem*)
                0x00000064                . = ALIGN (0x2)
 *(.jumptables)
 *(.jumptables*)
 *(.lowtext)
 *(.lowtext*)
                0x00000064                __ctors_start = .
 *(.ctors)
                0x00000064                __ctors_end = .
                0x00000064                __dtors_start = .
 *(.dtors)
                0x00000064                __dtors_end = .
 SORT(*)(.ctors)
 SORT(*)(.dtors)
 *(.init0)
 .init0         0x00000064        0x0 C:/Program Files (x86)/Atmel/Studio/7.0/Packs/atmel/ATmega_DFP/1.7.374/gcc/dev/atmega32/avr5/crtatmega32.o
                0x00000064                __init
 *(.init0)
 *(.init1)
 *(.init1)
 *(.init2)
 .init2         0x00000064        0xc C:/Program Files (x86)/Atmel/Studio/7.0/Packs/atmel/ATmega_DFP/1.7.374/gcc/dev/atmega32/avr5/crtatmega32.o
 *(.init2)
 *(.init3)
 *(.init3)
 *(.init4)
 .init4         0x00000070       0x16 c:/program files (x86)/atmel/studio/7.0/toolchain/avr8/avr8-gnu-toolchain/bin/../lib/gcc/avr/5.4.0/avr5\libgcc.a(_copy_data.o)
                0x00000070                __do_copy_data
 .init4         0x00000086       0x10 c:/program files (x86)/atmel/studio/7.0/toolchain/avr8/avr8-gnu-toolchain/bin/../lib/gcc/avr/5.4.0/avr5\libgcc.a(_clear_bss.o)
                0x00000086                __do_clear_bss
 *(.init4)
 *(.init5)
 *(.init5)
 *(.init6)
 *(.init6)
 *(.init7)
 *(.init7)
 *(.init8)
 *(.init8)
 *(.init9)
 .init9         0x00000096        0x8 C:/Program Files (x86)/Atmel/Studio/7.0/Packs/atmel/ATmega_DFP/1.7.374/gcc/dev/atmega32/avr5/crtatmega32.o
 *(.init9)
 *(.text)
 .text          0x0000009e        0x4 C:/Program Files (x86)/Atmel/Studio/7.0/Packs/atmel/ATmega_DFP/1.7.374/gcc/dev/atmega32/avr5/crtatmega32.o
                0x0000009e                __vector_1
                0x0000009e                __vector_12
                0x0000009e                __bad_interrupt
                0x0000009e                __vector_6
                0x0000009e                __vector_13
                0x0000009e                __vector_17
                0x0000009e                __vector_19
                0x0000009e                __vector_7
                0x0000009e                __vector_4
                0x0000009e                __vector_2
                0x0000009e                __vector_15
                0x0000009e                __vector_8
                0x0000009e                __vector_14
                0x0000009e                __vector_10
                0x0000009e                __vector_16
                0x0000009e                __vector_18
                0x0000009e                __vector_20
                0x000000a2                . = ALIGN (0x2)
 *(.text.*)
 .text.app_init
                0x000000a2       0x20 APPLICATION/app/app.o
                0x000000a2                app_init
 .text.app_main
                0x000000c2      0x192 APPLICATION/app/app.o
                0x000000c2                app_main
 .text.setDefaultRotation
                0x00000254       0xb6 APPLICATION/car_module/car_operations.o
                0x00000254                setDefaultRotation
 .text.LCD_update
                0x0000030a       0xd6 APPLICATION/car_module/car_operations.o
                0x0000030a                LCD_update
 .text.obstcaleMoreThan70
                0x000003e0       0x64 APPLICATION/car_module/car_operations.o
                0x000003e0                obstcaleMoreThan70
 .text.obstcaleMoreThan30
                0x00000444       0x28 APPLICATION/car_module/car_operations.o
                0x00000444                obstcaleMoreThan30
 .text.obstcaleMoreThan20
                0x0000046c       0x56 APPLICATION/car_module/car_operations.o
                0x0000046c                obstcaleMoreThan20
 .text.obstcaleLessThan20
                0x000004c2       0x60 APPLICATION/car_module/car_operations.o
                0x000004c2                obstcaleLessThan20
 .text.Car_Stop
                0x00000522       0x16 APPLICATION/car_module/car_operations.o
                0x00000522                Car_Stop
 .text.KEYPAD_init
                0x00000538       0x4e ECUAL/keypad/keypad_program.o
                0x00000538                KEYPAD_init
 .text.KEYPAD_getButton
                0x00000586       0xe8 ECUAL/keypad/keypad_program.o
                0x00000586                KEYPAD_getButton
 .text.WriteIns
                0x0000066e       0xc0 ECUAL/lcd/lcd_program.o
 .text.WriteData
                0x0000072e       0xc0 ECUAL/lcd/lcd_program.o
 .text.LCD_WriteChar
                0x000007ee        0x6 ECUAL/lcd/lcd_program.o
                0x000007ee                LCD_WriteChar
 .text.LCD_WriteString
                0x000007f4       0x26 ECUAL/lcd/lcd_program.o
                0x000007f4                LCD_WriteString
 .text.LCD_SetCursor
                0x0000081a       0x1c ECUAL/lcd/lcd_program.o
                0x0000081a                LCD_SetCursor
 .text.LCD_Clear
                0x00000836       0x14 ECUAL/lcd/lcd_program.o
                0x00000836                LCD_Clear
 .text.LCD_WriteNumber
                0x0000084a       0x9a ECUAL/lcd/lcd_program.o
                0x0000084a                LCD_WriteNumber
 .text.LCD_PinsInit
                0x000008e4       0x3a ECUAL/lcd/lcd_program.o
                0x000008e4                LCD_PinsInit
 .text.LCD_Init
                0x0000091e       0x3c ECUAL/lcd/lcd_program.o
                0x0000091e                LCD_Init
 .text.DCM_motorInit
                0x0000095a       0x54 ECUAL/motors/dcm_program.o
                0x0000095a                DCM_motorInit
 .text.DCM_changeDCMDirection
                0x000009ae       0x26 ECUAL/motors/dcm_program.o
                0x000009ae                DCM_changeDCMDirection
 .text.DCM_vdStopDCM
                0x000009d4       0x1a ECUAL/motors/dcm_program.o
                0x000009d4                DCM_vdStopDCM
 .text.DCM_u8SetDutyCycleOfPWM
                0x000009ee        0xe ECUAL/motors/dcm_program.o
                0x000009ee                DCM_u8SetDutyCycleOfPWM
 .text.DCM_rotateDCM
                0x000009fc       0x6c ECUAL/motors/dcm_program.o
                0x000009fc                DCM_rotateDCM
 .text.DCM_MoveForward
                0x00000a68       0x3a ECUAL/motors/dcm_program.o
                0x00000a68                DCM_MoveForward
 .text.DCM_MoveBackward
                0x00000aa2       0x3a ECUAL/motors/dcm_program.o
                0x00000aa2                DCM_MoveBackward
 .text.PUSH_BTN_intialize
                0x00000adc        0xa ECUAL/push_button/PB_prog.o
                0x00000adc                PUSH_BTN_intialize
 .text.PUSH_BTN_read_state
                0x00000ae6       0x82 ECUAL/push_button/PB_prog.o
                0x00000ae6                PUSH_BTN_read_state
 .text.ultrasonic_vInit
                0x00000b68        0xe ECUAL/ultrasonic/ultrasonic_prog.o
                0x00000b68                ultrasonic_vInit
 .text.ultrasonic_vGetDistance
                0x00000b76       0x94 ECUAL/ultrasonic/ultrasonic_prog.o
                0x00000b76                ultrasonic_vGetDistance
 .text.main     0x00000c0a        0xa main.o
                0x00000c0a                main
 .text.DIO_WritePin
                0x00000c14       0xe2 MCAL/dio/Dio.o
                0x00000c14                DIO_WritePin
 .text.DIO_read
                0x00000cf6       0x68 MCAL/dio/Dio.o
                0x00000cf6                DIO_read
 .text.DIO_toggle
                0x00000d5e       0x68 MCAL/dio/Dio.o
                0x00000d5e                DIO_toggle
 .text.DIO_Initpin
                0x00000dc6      0x2da MCAL/dio/Dio.o
                0x00000dc6                DIO_Initpin
 .text.DIO_initpinn
                0x000010a0      0x1fa MCAL/dio/Dio.o
                0x000010a0                DIO_initpinn
 .text.DIO_writepinn
                0x0000129a      0x10e MCAL/dio/Dio.o
                0x0000129a                DIO_writepinn
 .text.DIO_InitDCM
                0x000013a8      0x100 MCAL/dio/Dio.o
                0x000013a8                DIO_InitDCM
 .text.ICU_getValue
                0x000014a8       0x10 MCAL/icu/ICU.o
                0x000014a8                ICU_getValue
 .text.EXI_enablePIE
                0x000014b8       0x26 MCAL/icu/ICU.o
                0x000014b8                EXI_enablePIE
 .text.TIMER_tmr1NormalModeInit
                0x000014de       0x6a MCAL/icu/ICU.o
                0x000014de                TIMER_tmr1NormalModeInit
 .text.TIMER_tmr1Start
                0x00001548       0x96 MCAL/icu/ICU.o
                0x00001548                TIMER_tmr1Start
 .text.TIMER_tmr1Stop
                0x000015de       0x14 MCAL/icu/ICU.o
                0x000015de                TIMER_tmr1Stop
 .text.ICU_RisingEdgeCapture
                0x000015f2       0x2c MCAL/icu/ICU.o
                0x000015f2                ICU_RisingEdgeCapture
 .text.__vector_3
                0x0000161e       0xa6 MCAL/icu/ICU.o
                0x0000161e                __vector_3
 .text.__vector_9
                0x000016c4       0x2e MCAL/icu/ICU.o
                0x000016c4                __vector_9
 .text.MCU_vEnableInterrupt
                0x000016f2        0x8 MCAL/mcu_cfg/MCU_Prog.o
                0x000016f2                MCU_vEnableInterrupt
 .text.TIMER0_PWM_ExecutedFunction
                0x000016fa       0x7e MCAL/pwm/pwm_program.o
 .text.TIMER0_init
                0x00001778       0x10 MCAL/pwm/pwm_program.o
                0x00001778                TIMER0_init
 .text.TIMER0_start
                0x00001788        0xa MCAL/pwm/pwm_program.o
                0x00001788                TIMER0_start
 .text.TIMER0_stop
                0x00001792        0x8 MCAL/pwm/pwm_program.o
                0x00001792                TIMER0_stop
 .text.TIMER0_initPWM
                0x0000179a       0x2e MCAL/pwm/pwm_program.o
                0x0000179a                TIMER0_initPWM
 .text.TIMER0_setPwm
                0x000017c8       0x3e MCAL/pwm/pwm_program.o
                0x000017c8                TIMER0_setPwm
 .text.__vector_11
                0x00001806       0x48 MCAL/pwm/pwm_program.o
                0x00001806                __vector_11
 .text.TIMER_TMR2NormalModeInit
                0x0000184e       0x3a MCAL/timer/timer.o
                0x0000184e                TIMER_TMR2NormalModeInit
 .text.TIMER_TMR2Start
                0x00001888       0xce MCAL/timer/timer.o
                0x00001888                TIMER_TMR2Start
 .text.TMR_intDelay_ms
                0x00001956      0x138 MCAL/timer/timer.o
                0x00001956                TMR_intDelay_ms
 .text.TMR_TMR2Stop
                0x00001a8e       0x14 MCAL/timer/timer.o
                0x00001a8e                TMR_TMR2Stop
 .text.__vector_5
                0x00001aa2       0x76 MCAL/timer/timer.o
                0x00001aa2                __vector_5
 .text.avr-libc.fplib
                0x00001b18        0xe c:/program files (x86)/atmel/studio/7.0/toolchain/avr8/avr8-gnu-toolchain/bin/../lib/gcc/avr/5.4.0/../../../../avr/lib/avr5\libm.a(addsf3.o)
                0x00001b18                __subsf3
                0x00001b1a                __addsf3
 .text.avr-libc.fplib
                0x00001b26       0xcc c:/program files (x86)/atmel/studio/7.0/toolchain/avr8/avr8-gnu-toolchain/bin/../lib/gcc/avr/5.4.0/../../../../avr/lib/avr5\libm.a(addsf3x.o)
                0x00001b48                __addsf3x
 .text.avr-libc.fplib
                0x00001bf2       0x2e c:/program files (x86)/atmel/studio/7.0/toolchain/avr8/avr8-gnu-toolchain/bin/../lib/gcc/avr/5.4.0/../../../../avr/lib/avr5\libm.a(ceil.o)
                0x00001bf2                ceil
 .text.avr-libc.fplib
                0x00001c20        0xa c:/program files (x86)/atmel/studio/7.0/toolchain/avr8/avr8-gnu-toolchain/bin/../lib/gcc/avr/5.4.0/../../../../avr/lib/avr5\libm.a(cmpsf2.o)
                0x00001c20                __nesf2
                0x00001c20                __eqsf2
                0x00001c20                __cmpsf2
                0x00001c20                __ltsf2
                0x00001c20                __lesf2
 .text.avr-libc.fplib
                0x00001c2a        0x8 c:/program files (x86)/atmel/studio/7.0/toolchain/avr8/avr8-gnu-toolchain/bin/../lib/gcc/avr/5.4.0/../../../../avr/lib/avr5\libm.a(divsf3.o)
                0x00001c2a                __divsf3
 .text.avr-libc.fplib
                0x00001c32       0xdc c:/program files (x86)/atmel/studio/7.0/toolchain/avr8/avr8-gnu-toolchain/bin/../lib/gcc/avr/5.4.0/../../../../avr/lib/avr5\libm.a(divsf3x.o)
                0x00001c52                __divsf3x
                0x00001c58                __divsf3_pse
 .text.avr-libc.fplib
                0x00001d0e        0xe c:/program files (x86)/atmel/studio/7.0/toolchain/avr8/avr8-gnu-toolchain/bin/../lib/gcc/avr/5.4.0/../../../../avr/lib/avr5\libm.a(fixsfsi.o)
                0x00001d0e                __fixsfsi
 .text.avr-libc.fplib
                0x00001d1c       0x5e c:/program files (x86)/atmel/studio/7.0/toolchain/avr8/avr8-gnu-toolchain/bin/../lib/gcc/avr/5.4.0/../../../../avr/lib/avr5\libm.a(fixunssfsi.o)
                0x00001d1c                __fixunssfsi
 .text.avr-libc.fplib
                0x00001d7a       0x7a c:/program files (x86)/atmel/studio/7.0/toolchain/avr8/avr8-gnu-toolchain/bin/../lib/gcc/avr/5.4.0/../../../../avr/lib/avr5\libm.a(floatsisf.o)
                0x00001d7a                __floatunsisf
                0x00001d7e                __floatsisf
 .text.avr-libc.fplib
                0x00001df4       0x48 c:/program files (x86)/atmel/studio/7.0/toolchain/avr8/avr8-gnu-toolchain/bin/../lib/gcc/avr/5.4.0/../../../../avr/lib/avr5\libm.a(fp_cmp.o)
                0x00001df4                __fp_cmp
 .text.avr-libc.fplib
                0x00001e3c        0xc c:/program files (x86)/atmel/studio/7.0/toolchain/avr8/avr8-gnu-toolchain/bin/../lib/gcc/avr/5.4.0/../../../../avr/lib/avr5\libm.a(fp_inf.o)
                0x00001e3c                __fp_inf
 .text.avr-libc.fplib
                0x00001e48       0x36 c:/program files (x86)/atmel/studio/7.0/toolchain/avr8/avr8-gnu-toolchain/bin/../lib/gcc/avr/5.4.0/../../../../avr/lib/avr5\libm.a(fp_mintl.o)
                0x00001e48                __fp_mintl
 .text.avr-libc.fplib
                0x00001e7e       0x1c c:/program files (x86)/atmel/studio/7.0/toolchain/avr8/avr8-gnu-toolchain/bin/../lib/gcc/avr/5.4.0/../../../../avr/lib/avr5\libm.a(fp_mpack.o)
                0x00001e7e                __fp_mpack
                0x00001e82                __fp_mpack_finite
 .text.avr-libc.fplib
                0x00001e9a        0x6 c:/program files (x86)/atmel/studio/7.0/toolchain/avr8/avr8-gnu-toolchain/bin/../lib/gcc/avr/5.4.0/../../../../avr/lib/avr5\libm.a(fp_nan.o)
                0x00001e9a                __fp_nan
 .text.avr-libc.fplib
                0x00001ea0        0xe c:/program files (x86)/atmel/studio/7.0/toolchain/avr8/avr8-gnu-toolchain/bin/../lib/gcc/avr/5.4.0/../../../../avr/lib/avr5\libm.a(fp_pscA.o)
                0x00001ea0                __fp_pscA
 .text.avr-libc.fplib
                0x00001eae        0xe c:/program files (x86)/atmel/studio/7.0/toolchain/avr8/avr8-gnu-toolchain/bin/../lib/gcc/avr/5.4.0/../../../../avr/lib/avr5\libm.a(fp_pscB.o)
                0x00001eae                __fp_pscB
 .text.avr-libc.fplib
                0x00001ebc       0x22 c:/program files (x86)/atmel/studio/7.0/toolchain/avr8/avr8-gnu-toolchain/bin/../lib/gcc/avr/5.4.0/../../../../avr/lib/avr5\libm.a(fp_round.o)
                0x00001ebc                __fp_round
 .text.avr-libc.fplib
                0x00001ede       0x44 c:/program files (x86)/atmel/studio/7.0/toolchain/avr8/avr8-gnu-toolchain/bin/../lib/gcc/avr/5.4.0/../../../../avr/lib/avr5\libm.a(fp_split3.o)
                0x00001ede                __fp_split3
                0x00001eee                __fp_splitA
 .text.avr-libc.fplib
                0x00001f22       0x30 c:/program files (x86)/atmel/studio/7.0/toolchain/avr8/avr8-gnu-toolchain/bin/../lib/gcc/avr/5.4.0/../../../../avr/lib/avr5\libm.a(fp_trunc.o)
                0x00001f22                __fp_trunc
 .text.avr-libc.fplib
                0x00001f52        0xe c:/program files (x86)/atmel/studio/7.0/toolchain/avr8/avr8-gnu-toolchain/bin/../lib/gcc/avr/5.4.0/../../../../avr/lib/avr5\libm.a(fp_zero.o)
                0x00001f52                __fp_zero
                0x00001f54                __fp_szero
 .text.avr-libc.fplib
                0x00001f60        0xa c:/program files (x86)/atmel/studio/7.0/toolchain/avr8/avr8-gnu-toolchain/bin/../lib/gcc/avr/5.4.0/../../../../avr/lib/avr5\libm.a(gesf2.o)
                0x00001f60                __gesf2
                0x00001f60                __gtsf2
 .text.avr-libc.fplib
                0x00001f6a        0x8 c:/program files (x86)/atmel/studio/7.0/toolchain/avr8/avr8-gnu-toolchain/bin/../lib/gcc/avr/5.4.0/../../../../avr/lib/avr5\libm.a(mulsf3.o)
                0x00001f6a                __mulsf3
 .text.avr-libc.fplib
                0x00001f72       0xd2 c:/program files (x86)/atmel/studio/7.0/toolchain/avr8/avr8-gnu-toolchain/bin/../lib/gcc/avr/5.4.0/../../../../avr/lib/avr5\libm.a(mulsf3x.o)
                0x00001f90                __mulsf3x
                0x00001f96                __mulsf3_pse
 .text.libgcc.div
                0x00002044       0x28 c:/program files (x86)/atmel/studio/7.0/toolchain/avr8/avr8-gnu-toolchain/bin/../lib/gcc/avr/5.4.0/avr5\libgcc.a(_divmodhi4.o)
                0x00002044                _div
                0x00002044                __divmodhi4
 .text.libgcc   0x0000206c        0xc c:/program files (x86)/atmel/studio/7.0/toolchain/avr8/avr8-gnu-toolchain/bin/../lib/gcc/avr/5.4.0/avr5\libgcc.a(_tablejump2.o)
                0x0000206c                __tablejump2__
 .text.libgcc.div
                0x00002078       0x28 c:/program files (x86)/atmel/studio/7.0/toolchain/avr8/avr8-gnu-toolchain/bin/../lib/gcc/avr/5.4.0/avr5\libgcc.a(_udivmodhi4.o)
                0x00002078                __udivmodhi4
                0x000020a0                . = ALIGN (0x2)
 *(.fini9)
 .fini9         0x000020a0        0x0 c:/program files (x86)/atmel/studio/7.0/toolchain/avr8/avr8-gnu-toolchain/bin/../lib/gcc/avr/5.4.0/avr5\libgcc.a(_exit.o)
                0x000020a0                _exit
                0x000020a0                exit
 *(.fini9)
 *(.fini8)
 *(.fini8)
 *(.fini7)
 *(.fini7)
 *(.fini6)
 *(.fini6)
 *(.fini5)
 *(.fini5)
 *(.fini4)
 *(.fini4)
 *(.fini3)
 *(.fini3)
 *(.fini2)
 *(.fini2)
 *(.fini1)
 *(.fini1)
 *(.fini0)
 .fini0         0x000020a0        0x4 c:/program files (x86)/atmel/studio/7.0/toolchain/avr8/avr8-gnu-toolchain/bin/../lib/gcc/avr/5.4.0/avr5\libgcc.a(_exit.o)
 *(.fini0)
                0x000020a4                _etext = .

.data           0x00800060       0xa8 load address 0x000020a4
                0x00800060                PROVIDE (__data_start, .)
 *(.data)
 *(.data*)
 .data.rotation
                0x00800060        0x1 APPLICATION/car_module/car_operations.o
                0x00800060                rotation
 .data.ST_g_carMotors
                0x00800061        0x6 ECUAL/motors/dcm_cfg.o
                0x00800061                ST_g_carMotors
 .data.ultra    0x00800067        0xa ECUAL/ultrasonic/ultrasonic_prog.o
 .data.ST_g_softwareICU
                0x00800071        0x4 MCAL/icu/ICU_cfg.o
                0x00800071                ST_g_softwareICU
 *(.gnu.linkonce.d*)
 *(.rodata)
 *(.rodata*)
 .rodata.str1.1
                0x00800075       0x15 APPLICATION/app/app.o
 .rodata.str1.1
                0x0080008a       0x5b APPLICATION/car_module/car_operations.o
 .rodata.st_keypad_conf
                0x008000e5       0x11 ECUAL/keypad/keypad_config.o
                0x008000e5                st_keypad_conf
 .rodata.A_pbConfig
                0x008000f6        0x7 ECUAL/push_button/pb_config.o
                0x008000f6                A_pbConfig
 .rodata.st_pwm_configs
                0x008000fd        0xa MCAL/pwm/pwm_config.o
                0x008000fd                st_pwm_configs
 *(.gnu.linkonce.r*)
                0x00800108                . = ALIGN (0x2)
 *fill*         0x00800107        0x1 
                0x00800108                _edata = .
                0x00800108                PROVIDE (__data_end, .)

.bss            0x00800108       0x23
                0x00800108                PROVIDE (__bss_start, .)
 *(.bss)
 *(.bss*)
 .bss.u8_g_startFlag
                0x00800108        0x1 APPLICATION/app/app.o
                0x00800108                u8_g_startFlag
 .bss.keyState  0x00800109        0x1 APPLICATION/app/app.o
                0x00800109                keyState
 .bss.lessThan20Flag
                0x0080010a        0x1 APPLICATION/car_module/car_operations.o
                0x0080010a                lessThan20Flag
 .bss.moreThan70Flag
                0x0080010b        0x1 APPLICATION/car_module/car_operations.o
                0x0080010b                moreThan70Flag
 .bss.obstcaleDistance
                0x0080010c        0x4 APPLICATION/car_module/car_operations.o
                0x0080010c                obstcaleDistance
 .bss.rotationBtnState
                0x00800110        0x1 APPLICATION/car_module/car_operations.o
                0x00800110                rotationBtnState
 .bss.rotationFlag
                0x00800111        0x1 APPLICATION/car_module/car_operations.o
                0x00800111                rotationFlag
 .bss.state     0x00800112        0x1 APPLICATION/car_module/car_operations.o
                0x00800112                state
 .bss.direction
                0x00800113        0x1 APPLICATION/car_module/car_operations.o
                0x00800113                direction
 .bss.speed     0x00800114        0x1 APPLICATION/car_module/car_operations.o
                0x00800114                speed
 .bss.ICU_g_Count
                0x00800115        0x2 MCAL/icu/ICU.o
                0x00800115                ICU_g_Count
 .bss.ICU_g_flag
                0x00800117        0x1 MCAL/icu/ICU.o
                0x00800117                ICU_g_flag
 .bss.ICU_g_ValueFalling
                0x00800118        0x2 MCAL/icu/ICU.o
                0x00800118                ICU_g_ValueFalling
 .bss.ICU_g_ValueRising
                0x0080011a        0x2 MCAL/icu/ICU.o
                0x0080011a                ICU_g_ValueRising
 .bss.u32_g_timer1Overflow
                0x0080011c        0x2 MCAL/icu/ICU.o
                0x0080011c                u32_g_timer1Overflow
 .bss.TIMER_g_timer1RegValue
                0x0080011e        0x2 MCAL/icu/ICU.o
                0x0080011e                TIMER_g_timer1RegValue
 .bss.u8_g_on_off_state
                0x00800120        0x1 MCAL/pwm/pwm_program.o
                0x00800120                u8_g_on_off_state
 .bss.u8_g_OffTime
                0x00800121        0x1 MCAL/pwm/pwm_program.o
                0x00800121                u8_g_OffTime
 .bss.u8_g_OnTime
                0x00800122        0x1 MCAL/pwm/pwm_program.o
                0x00800122                u8_g_OnTime
 .bss.u16_g_tcnt2InitialVal
                0x00800123        0x2 MCAL/timer/timer.o
                0x00800123                u16_g_tcnt2InitialVal
 .bss.u16_g_overflow2Numbers
                0x00800125        0x2 MCAL/timer/timer.o
                0x00800125                u16_g_overflow2Numbers
 .bss.u16_g_overflow2Ticks
                0x00800127        0x2 MCAL/timer/timer.o
                0x00800127                u16_g_overflow2Ticks
 .bss.u8_g_timeOut
                0x00800129        0x1 MCAL/timer/timer.o
                0x00800129                u8_g_timeOut
 *(COMMON)
 COMMON         0x0080012a        0x1 MCAL/icu/ICU.o
                0x0080012a                ICU_g_edgeFlag
                0x0080012b                PROVIDE (__bss_end, .)
                0x000020a4                __data_load_start = LOADADDR (.data)
                0x0000214c                __data_load_end = (__data_load_start + SIZEOF (.data))

.noinit         0x0080012b        0x0
                [!provide]                PROVIDE (__noinit_start, .)
 *(.noinit*)
                [!provide]                PROVIDE (__noinit_end, .)
                0x0080012b                _end = .
                [!provide]                PROVIDE (__heap_start, .)

.eeprom         0x00810000        0x0
 *(.eeprom*)
                0x00810000                __eeprom_end = .

.fuse
 *(.fuse)
 *(.lfuse)
 *(.hfuse)
 *(.efuse)

.lock
 *(.lock*)

.signature
 *(.signature*)

.user_signatures
 *(.user_signatures*)

.stab
 *(.stab)

.stabstr
 *(.stabstr)

.stab.excl
 *(.stab.excl)

.stab.exclstr
 *(.stab.exclstr)

.stab.index
 *(.stab.index)

.stab.indexstr
 *(.stab.indexstr)

.comment        0x00000000       0x30
 *(.comment)
 .comment       0x00000000       0x30 APPLICATION/app/app.o
                                 0x31 (size before relaxing)
 .comment       0x00000030       0x31 APPLICATION/car_module/car_operations.o
 .comment       0x00000030       0x31 ECUAL/keypad/keypad_config.o
 .comment       0x00000030       0x31 ECUAL/keypad/keypad_program.o
 .comment       0x00000030       0x31 ECUAL/lcd/lcd_program.o
 .comment       0x00000030       0x31 ECUAL/motors/dcm_cfg.o
 .comment       0x00000030       0x31 ECUAL/motors/dcm_program.o
 .comment       0x00000030       0x31 ECUAL/push_button/pb_config.o
 .comment       0x00000030       0x31 ECUAL/push_button/PB_prog.o
 .comment       0x00000030       0x31 ECUAL/ultrasonic/ultrasonic_prog.o
 .comment       0x00000030       0x31 main.o
 .comment       0x00000030       0x31 MCAL/dio/Dio.o
 .comment       0x00000030       0x31 MCAL/icu/ICU.o
 .comment       0x00000030       0x31 MCAL/icu/ICU_cfg.o
 .comment       0x00000030       0x31 MCAL/mcu_cfg/MCU_Prog.o
 .comment       0x00000030       0x31 MCAL/pwm/pwm_config.o
 .comment       0x00000030       0x31 MCAL/pwm/pwm_program.o
 .comment       0x00000030       0x31 MCAL/timer/timer.o

.note.gnu.avr.deviceinfo
                0x00000000       0x3c
 .note.gnu.avr.deviceinfo
                0x00000000       0x3c C:/Program Files (x86)/Atmel/Studio/7.0/Packs/atmel/ATmega_DFP/1.7.374/gcc/dev/atmega32/avr5/crtatmega32.o

.note.gnu.build-id
 *(.note.gnu.build-id)

.debug
 *(.debug)

.line
 *(.line)

.debug_srcinfo
 *(.debug_srcinfo)

.debug_sfnames
 *(.debug_sfnames)

.debug_aranges  0x00000000      0x408
 *(.debug_aranges)
 .debug_aranges
                0x00000000       0x28 APPLICATION/app/app.o
 .debug_aranges
                0x00000028       0x50 APPLICATION/car_module/car_operations.o
 .debug_aranges
                0x00000078       0x18 ECUAL/keypad/keypad_config.o
 .debug_aranges
                0x00000090       0x28 ECUAL/keypad/keypad_program.o
 .debug_aranges
                0x000000b8       0x80 ECUAL/lcd/lcd_program.o
 .debug_aranges
                0x00000138       0x18 ECUAL/motors/dcm_cfg.o
 .debug_aranges
                0x00000150       0x58 ECUAL/motors/dcm_program.o
 .debug_aranges
                0x000001a8       0x18 ECUAL/push_button/pb_config.o
 .debug_aranges
                0x000001c0       0x28 ECUAL/push_button/PB_prog.o
 .debug_aranges
                0x000001e8       0x28 ECUAL/ultrasonic/ultrasonic_prog.o
 .debug_aranges
                0x00000210       0x20 main.o
 .debug_aranges
                0x00000230       0x68 MCAL/dio/Dio.o
 .debug_aranges
                0x00000298       0x58 MCAL/icu/ICU.o
 .debug_aranges
                0x000002f0       0x18 MCAL/icu/ICU_cfg.o
 .debug_aranges
                0x00000308       0x20 MCAL/mcu_cfg/MCU_Prog.o
 .debug_aranges
                0x00000328       0x18 MCAL/pwm/pwm_config.o
 .debug_aranges
                0x00000340       0x58 MCAL/pwm/pwm_program.o
 .debug_aranges
                0x00000398       0x70 MCAL/timer/timer.o

.debug_pubnames
 *(.debug_pubnames)

.debug_info     0x00000000     0x49e6
 *(.debug_info .gnu.linkonce.wi.*)
 .debug_info    0x00000000      0x4e6 C:/Program Files (x86)/Atmel/Studio/7.0/Packs/atmel/ATmega_DFP/1.7.374/gcc/dev/atmega32/avr5/crtatmega32.o
 .debug_info    0x000004e6      0x3f4 APPLICATION/app/app.o
 .debug_info    0x000008da      0x845 APPLICATION/car_module/car_operations.o
 .debug_info    0x0000111f      0x26d ECUAL/keypad/keypad_config.o
 .debug_info    0x0000138c      0x39f ECUAL/keypad/keypad_program.o
 .debug_info    0x0000172b      0xb2a ECUAL/lcd/lcd_program.o
 .debug_info    0x00002255      0x105 ECUAL/motors/dcm_cfg.o
 .debug_info    0x0000235a      0x599 ECUAL/motors/dcm_program.o
 .debug_info    0x000028f3      0x262 ECUAL/push_button/pb_config.o
 .debug_info    0x00002b55      0x420 ECUAL/push_button/PB_prog.o
 .debug_info    0x00002f75      0x3c6 ECUAL/ultrasonic/ultrasonic_prog.o
 .debug_info    0x0000333b       0xc6 main.o
 .debug_info    0x00003401      0x619 MCAL/dio/Dio.o
 .debug_info    0x00003a1a      0x3f9 MCAL/icu/ICU.o
 .debug_info    0x00003e13      0x118 MCAL/icu/ICU_cfg.o
 .debug_info    0x00003f2b       0x98 MCAL/mcu_cfg/MCU_Prog.o
 .debug_info    0x00003fc3      0x202 MCAL/pwm/pwm_config.o
 .debug_info    0x000041c5      0x403 MCAL/pwm/pwm_program.o
 .debug_info    0x000045c8      0x41e MCAL/timer/timer.o

.debug_abbrev   0x00000000     0x181f
 *(.debug_abbrev)
 .debug_abbrev  0x00000000      0x4a3 C:/Program Files (x86)/Atmel/Studio/7.0/Packs/atmel/ATmega_DFP/1.7.374/gcc/dev/atmega32/avr5/crtatmega32.o
 .debug_abbrev  0x000004a3      0x132 APPLICATION/app/app.o
 .debug_abbrev  0x000005d5      0x11e APPLICATION/car_module/car_operations.o
 .debug_abbrev  0x000006f3       0xb1 ECUAL/keypad/keypad_config.o
 .debug_abbrev  0x000007a4      0x143 ECUAL/keypad/keypad_program.o
 .debug_abbrev  0x000008e7      0x1c9 ECUAL/lcd/lcd_program.o
 .debug_abbrev  0x00000ab0       0x99 ECUAL/motors/dcm_cfg.o
 .debug_abbrev  0x00000b49      0x1a5 ECUAL/motors/dcm_program.o
 .debug_abbrev  0x00000cee       0x91 ECUAL/push_button/pb_config.o
 .debug_abbrev  0x00000d7f      0x119 ECUAL/push_button/PB_prog.o
 .debug_abbrev  0x00000e98      0x191 ECUAL/ultrasonic/ultrasonic_prog.o
 .debug_abbrev  0x00001029       0x66 main.o
 .debug_abbrev  0x0000108f      0x16a MCAL/dio/Dio.o
 .debug_abbrev  0x000011f9      0x177 MCAL/icu/ICU.o
 .debug_abbrev  0x00001370       0x7f MCAL/icu/ICU_cfg.o
 .debug_abbrev  0x000013ef       0x51 MCAL/mcu_cfg/MCU_Prog.o
 .debug_abbrev  0x00001440       0xa0 MCAL/pwm/pwm_config.o
 .debug_abbrev  0x000014e0      0x191 MCAL/pwm/pwm_program.o
 .debug_abbrev  0x00001671      0x1ae MCAL/timer/timer.o

.debug_line     0x00000000     0x2912
 *(.debug_line .debug_line.* .debug_line_end)
 .debug_line    0x00000000      0x116 C:/Program Files (x86)/Atmel/Studio/7.0/Packs/atmel/ATmega_DFP/1.7.374/gcc/dev/atmega32/avr5/crtatmega32.o
 .debug_line    0x00000116      0x409 APPLICATION/app/app.o
 .debug_line    0x0000051f      0x434 APPLICATION/car_module/car_operations.o
 .debug_line    0x00000953       0x87 ECUAL/keypad/keypad_config.o
 .debug_line    0x000009da      0x1a2 ECUAL/keypad/keypad_program.o
 .debug_line    0x00000b7c      0x52d ECUAL/lcd/lcd_program.o
 .debug_line    0x000010a9       0xa7 ECUAL/motors/dcm_cfg.o
 .debug_line    0x00001150      0x305 ECUAL/motors/dcm_program.o
 .debug_line    0x00001455       0x89 ECUAL/push_button/pb_config.o
 .debug_line    0x000014de      0x138 ECUAL/push_button/PB_prog.o
 .debug_line    0x00001616      0x271 ECUAL/ultrasonic/ultrasonic_prog.o
 .debug_line    0x00001887       0x68 main.o
 .debug_line    0x000018ef      0x490 MCAL/dio/Dio.o
 .debug_line    0x00001d7f      0x2f1 MCAL/icu/ICU.o
 .debug_line    0x00002070       0x40 MCAL/icu/ICU_cfg.o
 .debug_line    0x000020b0       0x7a MCAL/mcu_cfg/MCU_Prog.o
 .debug_line    0x0000212a       0x71 MCAL/pwm/pwm_config.o
 .debug_line    0x0000219b      0x232 MCAL/pwm/pwm_program.o
 .debug_line    0x000023cd      0x545 MCAL/timer/timer.o

.debug_frame    0x00000000      0x84c
 *(.debug_frame)
 .debug_frame   0x00000000       0x48 APPLICATION/app/app.o
 .debug_frame   0x00000048       0xac APPLICATION/car_module/car_operations.o
 .debug_frame   0x000000f4       0x6c ECUAL/keypad/keypad_program.o
 .debug_frame   0x00000160      0x158 ECUAL/lcd/lcd_program.o
 .debug_frame   0x000002b8       0xc8 ECUAL/motors/dcm_program.o
 .debug_frame   0x00000380       0x58 ECUAL/push_button/PB_prog.o
 .debug_frame   0x000003d8       0x50 ECUAL/ultrasonic/ultrasonic_prog.o
 .debug_frame   0x00000428       0x24 main.o
 .debug_frame   0x0000044c       0xb4 MCAL/dio/Dio.o
 .debug_frame   0x00000500       0xfc MCAL/icu/ICU.o
 .debug_frame   0x000005fc       0x24 MCAL/mcu_cfg/MCU_Prog.o
 .debug_frame   0x00000620       0xf8 MCAL/pwm/pwm_program.o
 .debug_frame   0x00000718      0x134 MCAL/timer/timer.o

.debug_str      0x00000000     0x158a
 *(.debug_str)
 .debug_str     0x00000000      0x196 C:/Program Files (x86)/Atmel/Studio/7.0/Packs/atmel/ATmega_DFP/1.7.374/gcc/dev/atmega32/avr5/crtatmega32.o
 .debug_str     0x00000196      0x3ed APPLICATION/app/app.o
                                0x451 (size before relaxing)
 .debug_str     0x00000583      0x1df APPLICATION/car_module/car_operations.o
                                0x4b0 (size before relaxing)
 .debug_str     0x00000762      0x1c2 ECUAL/keypad/keypad_config.o
                                0x35f (size before relaxing)
 .debug_str     0x00000924       0x72 ECUAL/keypad/keypad_program.o
                                0x3d7 (size before relaxing)
 .debug_str     0x00000996      0x11d ECUAL/lcd/lcd_program.o
                                0x30e (size before relaxing)
 .debug_str     0x00000ab3       0x1a ECUAL/motors/dcm_cfg.o
                                0x21b (size before relaxing)
 .debug_str     0x00000acd      0x184 ECUAL/motors/dcm_program.o
                                0x42a (size before relaxing)
 .debug_str     0x00000c51       0xa3 ECUAL/push_button/pb_config.o
                                0x3ba (size before relaxing)
 .debug_str     0x00000cf4      0x10f ECUAL/push_button/PB_prog.o
                                0x503 (size before relaxing)
 .debug_str     0x00000e03       0xae ECUAL/ultrasonic/ultrasonic_prog.o
                                0x42d (size before relaxing)
 .debug_str     0x00000eb1        0xc main.o
                                0x199 (size before relaxing)
 .debug_str     0x00000ebd       0xa9 MCAL/dio/Dio.o
                                0x4cd (size before relaxing)
 .debug_str     0x00000f66      0x2cd MCAL/icu/ICU.o
                                0x49d (size before relaxing)
 .debug_str     0x00001233       0x16 MCAL/icu/ICU_cfg.o
                                0x25a (size before relaxing)
 .debug_str     0x00001249       0x25 MCAL/mcu_cfg/MCU_Prog.o
                                0x1a7 (size before relaxing)
 .debug_str     0x0000126e       0x44 MCAL/pwm/pwm_config.o
                                0x318 (size before relaxing)
 .debug_str     0x000012b2      0x111 MCAL/pwm/pwm_program.o
                                0x46e (size before relaxing)
 .debug_str     0x000013c3      0x1c7 MCAL/timer/timer.o
                                0x3db (size before relaxing)

.debug_loc      0x00000000     0x23b5
 *(.debug_loc)
 .debug_loc     0x00000000       0x49 APPLICATION/app/app.o
 .debug_loc     0x00000049      0x121 APPLICATION/car_module/car_operations.o
 .debug_loc     0x0000016a      0x154 ECUAL/keypad/keypad_program.o
 .debug_loc     0x000002be      0x7eb ECUAL/lcd/lcd_program.o
 .debug_loc     0x00000aa9      0x2a0 ECUAL/motors/dcm_program.o
 .debug_loc     0x00000d49       0xd3 ECUAL/push_button/PB_prog.o
 .debug_loc     0x00000e1c       0xe0 ECUAL/ultrasonic/ultrasonic_prog.o
 .debug_loc     0x00000efc      0xb28 MCAL/dio/Dio.o
 .debug_loc     0x00001a24      0x273 MCAL/icu/ICU.o
 .debug_loc     0x00001c97      0x218 MCAL/pwm/pwm_program.o
 .debug_loc     0x00001eaf      0x506 MCAL/timer/timer.o

.debug_macinfo
 *(.debug_macinfo)

.debug_weaknames
 *(.debug_weaknames)

.debug_funcnames
 *(.debug_funcnames)

.debug_typenames
 *(.debug_typenames)

.debug_varnames
 *(.debug_varnames)

.debug_pubtypes
 *(.debug_pubtypes)

.debug_ranges   0x00000000      0x2f0
 *(.debug_ranges)
 .debug_ranges  0x00000000       0x18 APPLICATION/app/app.o
 .debug_ranges  0x00000018       0x40 APPLICATION/car_module/car_operations.o
 .debug_ranges  0x00000058       0x18 ECUAL/keypad/keypad_program.o
 .debug_ranges  0x00000070       0x70 ECUAL/lcd/lcd_program.o
 .debug_ranges  0x000000e0       0x60 ECUAL/motors/dcm_program.o
 .debug_ranges  0x00000140       0x18 ECUAL/push_button/PB_prog.o
 .debug_ranges  0x00000158       0x18 ECUAL/ultrasonic/ultrasonic_prog.o
 .debug_ranges  0x00000170       0x10 main.o
 .debug_ranges  0x00000180       0x58 MCAL/dio/Dio.o
 .debug_ranges  0x000001d8       0x48 MCAL/icu/ICU.o
 .debug_ranges  0x00000220       0x10 MCAL/mcu_cfg/MCU_Prog.o
 .debug_ranges  0x00000230       0x48 MCAL/pwm/pwm_program.o
 .debug_ranges  0x00000278       0x78 MCAL/timer/timer.o

.debug_macro
 *(.debug_macro)
OUTPUT(Project.elf elf32-avr)
LOAD linker stubs
