Archive member included to satisfy reference by file (symbol)

c:/program files (x86)/atmel/studio/7.0/toolchain/avr8/avr8-gnu-toolchain/bin/../lib/gcc/avr/5.4.0/../../../../avr/lib/avr5\libm.a(addsf3.o)
                              lcd_test/lcd_program.o (__subsf3)
c:/program files (x86)/atmel/studio/7.0/toolchain/avr8/avr8-gnu-toolchain/bin/../lib/gcc/avr/5.4.0/../../../../avr/lib/avr5\libm.a(addsf3x.o)
                              c:/program files (x86)/atmel/studio/7.0/toolchain/avr8/avr8-gnu-toolchain/bin/../lib/gcc/avr/5.4.0/../../../../avr/lib/avr5\libm.a(addsf3.o) (__addsf3x)
c:/program files (x86)/atmel/studio/7.0/toolchain/avr8/avr8-gnu-toolchain/bin/../lib/gcc/avr/5.4.0/../../../../avr/lib/avr5\libm.a(ceil.o)
                              MCAL/timer/timer.o (ceil)
c:/program files (x86)/atmel/studio/7.0/toolchain/avr8/avr8-gnu-toolchain/bin/../lib/gcc/avr/5.4.0/../../../../avr/lib/avr5\libm.a(cmpsf2.o)
                              MCAL/timer/timer.o (__eqsf2)
c:/program files (x86)/atmel/studio/7.0/toolchain/avr8/avr8-gnu-toolchain/bin/../lib/gcc/avr/5.4.0/../../../../avr/lib/avr5\libm.a(divsf3.o)
                              ECUAL/ultrasonic/ultrasonic_prog.o (__divsf3)
c:/program files (x86)/atmel/studio/7.0/toolchain/avr8/avr8-gnu-toolchain/bin/../lib/gcc/avr/5.4.0/../../../../avr/lib/avr5\libm.a(divsf3x.o)
                              c:/program files (x86)/atmel/studio/7.0/toolchain/avr8/avr8-gnu-toolchain/bin/../lib/gcc/avr/5.4.0/../../../../avr/lib/avr5\libm.a(divsf3.o) (__divsf3x)
c:/program files (x86)/atmel/studio/7.0/toolchain/avr8/avr8-gnu-toolchain/bin/../lib/gcc/avr/5.4.0/../../../../avr/lib/avr5\libm.a(fixunssfsi.o)
                              APPLICATION/app/app.o (__fixunssfsi)
c:/program files (x86)/atmel/studio/7.0/toolchain/avr8/avr8-gnu-toolchain/bin/../lib/gcc/avr/5.4.0/../../../../avr/lib/avr5\libm.a(floatsisf.o)
                              ECUAL/ultrasonic/ultrasonic_prog.o (__floatunsisf)
c:/program files (x86)/atmel/studio/7.0/toolchain/avr8/avr8-gnu-toolchain/bin/../lib/gcc/avr/5.4.0/../../../../avr/lib/avr5\libm.a(fp_cmp.o)
                              c:/program files (x86)/atmel/studio/7.0/toolchain/avr8/avr8-gnu-toolchain/bin/../lib/gcc/avr/5.4.0/../../../../avr/lib/avr5\libm.a(cmpsf2.o) (__fp_cmp)
c:/program files (x86)/atmel/studio/7.0/toolchain/avr8/avr8-gnu-toolchain/bin/../lib/gcc/avr/5.4.0/../../../../avr/lib/avr5\libm.a(fp_inf.o)
                              c:/program files (x86)/atmel/studio/7.0/toolchain/avr8/avr8-gnu-toolchain/bin/../lib/gcc/avr/5.4.0/../../../../avr/lib/avr5\libm.a(addsf3x.o) (__fp_inf)
c:/program files (x86)/atmel/studio/7.0/toolchain/avr8/avr8-gnu-toolchain/bin/../lib/gcc/avr/5.4.0/../../../../avr/lib/avr5\libm.a(fp_mintl.o)
                              c:/program files (x86)/atmel/studio/7.0/toolchain/avr8/avr8-gnu-toolchain/bin/../lib/gcc/avr/5.4.0/../../../../avr/lib/avr5\libm.a(ceil.o) (__fp_mintl)
c:/program files (x86)/atmel/studio/7.0/toolchain/avr8/avr8-gnu-toolchain/bin/../lib/gcc/avr/5.4.0/../../../../avr/lib/avr5\libm.a(fp_mpack.o)
                              c:/program files (x86)/atmel/studio/7.0/toolchain/avr8/avr8-gnu-toolchain/bin/../lib/gcc/avr/5.4.0/../../../../avr/lib/avr5\libm.a(ceil.o) (__fp_mpack)
c:/program files (x86)/atmel/studio/7.0/toolchain/avr8/avr8-gnu-toolchain/bin/../lib/gcc/avr/5.4.0/../../../../avr/lib/avr5\libm.a(fp_nan.o)
                              c:/program files (x86)/atmel/studio/7.0/toolchain/avr8/avr8-gnu-toolchain/bin/../lib/gcc/avr/5.4.0/../../../../avr/lib/avr5\libm.a(addsf3x.o) (__fp_nan)
c:/program files (x86)/atmel/studio/7.0/toolchain/avr8/avr8-gnu-toolchain/bin/../lib/gcc/avr/5.4.0/../../../../avr/lib/avr5\libm.a(fp_pscA.o)
                              c:/program files (x86)/atmel/studio/7.0/toolchain/avr8/avr8-gnu-toolchain/bin/../lib/gcc/avr/5.4.0/../../../../avr/lib/avr5\libm.a(addsf3x.o) (__fp_pscA)
c:/program files (x86)/atmel/studio/7.0/toolchain/avr8/avr8-gnu-toolchain/bin/../lib/gcc/avr/5.4.0/../../../../avr/lib/avr5\libm.a(fp_pscB.o)
                              c:/program files (x86)/atmel/studio/7.0/toolchain/avr8/avr8-gnu-toolchain/bin/../lib/gcc/avr/5.4.0/../../../../avr/lib/avr5\libm.a(addsf3x.o) (__fp_pscB)
c:/program files (x86)/atmel/studio/7.0/toolchain/avr8/avr8-gnu-toolchain/bin/../lib/gcc/avr/5.4.0/../../../../avr/lib/avr5\libm.a(fp_round.o)
                              c:/program files (x86)/atmel/studio/7.0/toolchain/avr8/avr8-gnu-toolchain/bin/../lib/gcc/avr/5.4.0/../../../../avr/lib/avr5\libm.a(addsf3.o) (__fp_round)
c:/program files (x86)/atmel/studio/7.0/toolchain/avr8/avr8-gnu-toolchain/bin/../lib/gcc/avr/5.4.0/../../../../avr/lib/avr5\libm.a(fp_split3.o)
                              c:/program files (x86)/atmel/studio/7.0/toolchain/avr8/avr8-gnu-toolchain/bin/../lib/gcc/avr/5.4.0/../../../../avr/lib/avr5\libm.a(addsf3x.o) (__fp_split3)
c:/program files (x86)/atmel/studio/7.0/toolchain/avr8/avr8-gnu-toolchain/bin/../lib/gcc/avr/5.4.0/../../../../avr/lib/avr5\libm.a(fp_trunc.o)
                              c:/program files (x86)/atmel/studio/7.0/toolchain/avr8/avr8-gnu-toolchain/bin/../lib/gcc/avr/5.4.0/../../../../avr/lib/avr5\libm.a(ceil.o) (__fp_trunc)
c:/program files (x86)/atmel/studio/7.0/toolchain/avr8/avr8-gnu-toolchain/bin/../lib/gcc/avr/5.4.0/../../../../avr/lib/avr5\libm.a(fp_zero.o)
                              c:/program files (x86)/atmel/studio/7.0/toolchain/avr8/avr8-gnu-toolchain/bin/../lib/gcc/avr/5.4.0/../../../../avr/lib/avr5\libm.a(addsf3x.o) (__fp_zero)
c:/program files (x86)/atmel/studio/7.0/toolchain/avr8/avr8-gnu-toolchain/bin/../lib/gcc/avr/5.4.0/../../../../avr/lib/avr5\libm.a(gesf2.o)
                              APPLICATION/app/app.o (__gtsf2)
c:/program files (x86)/atmel/studio/7.0/toolchain/avr8/avr8-gnu-toolchain/bin/../lib/gcc/avr/5.4.0/../../../../avr/lib/avr5\libm.a(mulsf3.o)
                              lcd_test/lcd_program.o (__mulsf3)
c:/program files (x86)/atmel/studio/7.0/toolchain/avr8/avr8-gnu-toolchain/bin/../lib/gcc/avr/5.4.0/../../../../avr/lib/avr5\libm.a(mulsf3x.o)
                              c:/program files (x86)/atmel/studio/7.0/toolchain/avr8/avr8-gnu-toolchain/bin/../lib/gcc/avr/5.4.0/../../../../avr/lib/avr5\libm.a(mulsf3.o) (__mulsf3x)
c:/program files (x86)/atmel/studio/7.0/toolchain/avr8/avr8-gnu-toolchain/bin/../lib/gcc/avr/5.4.0/avr5\libgcc.a(_divmodhi4.o)
                              MCAL/pwm/pwm_program.o (__divmodhi4)
c:/program files (x86)/atmel/studio/7.0/toolchain/avr8/avr8-gnu-toolchain/bin/../lib/gcc/avr/5.4.0/avr5\libgcc.a(_exit.o)
                              C:/Program Files (x86)/Atmel/Studio/7.0/Packs/atmel/ATmega_DFP/1.7.374/gcc/dev/atmega32/avr5/crtatmega32.o (exit)
c:/program files (x86)/atmel/studio/7.0/toolchain/avr8/avr8-gnu-toolchain/bin/../lib/gcc/avr/5.4.0/avr5\libgcc.a(_copy_data.o)
                              APPLICATION/app/app.o (__do_copy_data)
c:/program files (x86)/atmel/studio/7.0/toolchain/avr8/avr8-gnu-toolchain/bin/../lib/gcc/avr/5.4.0/avr5\libgcc.a(_clear_bss.o)
                              APPLICATION/car_module/car_operations.o (__do_clear_bss)
c:/program files (x86)/atmel/studio/7.0/toolchain/avr8/avr8-gnu-toolchain/bin/../lib/gcc/avr/5.4.0/avr5\libgcc.a(_umulhisi3.o)
                              lcd_test/lcd_program.o (__umulhisi3)
c:/program files (x86)/atmel/studio/7.0/toolchain/avr8/avr8-gnu-toolchain/bin/../lib/gcc/avr/5.4.0/avr5\libgcc.a(_udivmodhi4.o)
                              c:/program files (x86)/atmel/studio/7.0/toolchain/avr8/avr8-gnu-toolchain/bin/../lib/gcc/avr/5.4.0/avr5\libgcc.a(_divmodhi4.o) (__udivmodhi4)
c:/program files (x86)/atmel/studio/7.0/toolchain/avr8/avr8-gnu-toolchain/bin/../lib/gcc/avr/5.4.0/../../../../avr/lib/avr5\libc.a(itoa_ncheck.o)
                              lcd_test/lcd_program.o (__itoa_ncheck)
c:/program files (x86)/atmel/studio/7.0/toolchain/avr8/avr8-gnu-toolchain/bin/../lib/gcc/avr/5.4.0/../../../../avr/lib/avr5\libc.a(utoa_ncheck.o)
                              c:/program files (x86)/atmel/studio/7.0/toolchain/avr8/avr8-gnu-toolchain/bin/../lib/gcc/avr/5.4.0/../../../../avr/lib/avr5\libc.a(itoa_ncheck.o) (__utoa_common)
c:/program files (x86)/atmel/studio/7.0/toolchain/avr8/avr8-gnu-toolchain/bin/../lib/gcc/avr/5.4.0/../../../../avr/lib/avr5\libc.a(strrev.o)
                              c:/program files (x86)/atmel/studio/7.0/toolchain/avr8/avr8-gnu-toolchain/bin/../lib/gcc/avr/5.4.0/../../../../avr/lib/avr5\libc.a(utoa_ncheck.o) (strrev)

Allocating common symbols
Common symbol       size              file

ICU_g_edgeFlag      0x1               MCAL/icu/ICU.o

Discarded input sections

 .data          0x00000000        0x0 C:/Program Files (x86)/Atmel/Studio/7.0/Packs/atmel/ATmega_DFP/1.7.374/gcc/dev/atmega32/avr5/crtatmega32.o
 .bss           0x00000000        0x0 C:/Program Files (x86)/Atmel/Studio/7.0/Packs/atmel/ATmega_DFP/1.7.374/gcc/dev/atmega32/avr5/crtatmega32.o
 .text          0x00000000        0x0 APPLICATION/app/app.o
 .data          0x00000000        0x0 APPLICATION/app/app.o
 .bss           0x00000000        0x0 APPLICATION/app/app.o
 .text          0x00000000        0x0 APPLICATION/car_module/car_operations.o
 .data          0x00000000        0x0 APPLICATION/car_module/car_operations.o
 .bss           0x00000000        0x0 APPLICATION/car_module/car_operations.o
 .bss.timeOutFlag
                0x00000000        0x1 APPLICATION/car_module/car_operations.o
 .bss.direction
                0x00000000        0x1 APPLICATION/car_module/car_operations.o
 .bss.speed     0x00000000        0x1 APPLICATION/car_module/car_operations.o
 .text          0x00000000        0x0 ECUAL/keypad/keypad_config.o
 .data          0x00000000        0x0 ECUAL/keypad/keypad_config.o
 .bss           0x00000000        0x0 ECUAL/keypad/keypad_config.o
 .rodata.st_keypad_conf
                0x00000000       0x11 ECUAL/keypad/keypad_config.o
 .debug_info    0x00000000      0x26d ECUAL/keypad/keypad_config.o
 .debug_abbrev  0x00000000       0xb1 ECUAL/keypad/keypad_config.o
 .debug_aranges
                0x00000000       0x18 ECUAL/keypad/keypad_config.o
 .debug_line    0x00000000       0x87 ECUAL/keypad/keypad_config.o
 .debug_str     0x00000000      0x394 ECUAL/keypad/keypad_config.o
 .comment       0x00000000       0x31 ECUAL/keypad/keypad_config.o
 .text          0x00000000        0x0 ECUAL/keypad/keypad_program.o
 .data          0x00000000        0x0 ECUAL/keypad/keypad_program.o
 .bss           0x00000000        0x0 ECUAL/keypad/keypad_program.o
 .text.KEYPAD_init
                0x00000000       0x4e ECUAL/keypad/keypad_program.o
 .text.KEYPAD_getButton
                0x00000000       0xe8 ECUAL/keypad/keypad_program.o
 .debug_info    0x00000000      0x3a3 ECUAL/keypad/keypad_program.o
 .debug_abbrev  0x00000000      0x143 ECUAL/keypad/keypad_program.o
 .debug_loc     0x00000000      0x154 ECUAL/keypad/keypad_program.o
 .debug_aranges
                0x00000000       0x28 ECUAL/keypad/keypad_program.o
 .debug_ranges  0x00000000       0x18 ECUAL/keypad/keypad_program.o
 .debug_line    0x00000000      0x1a2 ECUAL/keypad/keypad_program.o
 .debug_str     0x00000000      0x40c ECUAL/keypad/keypad_program.o
 .comment       0x00000000       0x31 ECUAL/keypad/keypad_program.o
 .debug_frame   0x00000000       0x6c ECUAL/keypad/keypad_program.o
 .text          0x00000000        0x0 ECUAL/push_button/pb_config.o
 .data          0x00000000        0x0 ECUAL/push_button/pb_config.o
 .bss           0x00000000        0x0 ECUAL/push_button/pb_config.o
 .text          0x00000000        0x0 ECUAL/push_button/PB_prog.o
 .data          0x00000000        0x0 ECUAL/push_button/PB_prog.o
 .bss           0x00000000        0x0 ECUAL/push_button/PB_prog.o
 .text          0x00000000        0x0 ECUAL/ultrasonic/ultrasonic_prog.o
 .data          0x00000000        0x0 ECUAL/ultrasonic/ultrasonic_prog.o
 .bss           0x00000000        0x0 ECUAL/ultrasonic/ultrasonic_prog.o
 .text          0x00000000        0x0 lcd_test/dio_prog.o
 .data          0x00000000        0x0 lcd_test/dio_prog.o
 .bss           0x00000000        0x0 lcd_test/dio_prog.o
 .text.DIO_s8SETPortDir
                0x00000000       0x4e lcd_test/dio_prog.o
 .text.DIO_s8SETPortVal
                0x00000000       0x20 lcd_test/dio_prog.o
 .text.DIO_s8GETPortVal
                0x00000000       0x24 lcd_test/dio_prog.o
 .text.DIO_s8TOGPinVal
                0x00000000       0x3e lcd_test/dio_prog.o
 .text.DIO_s8GETPinVal
                0x00000000       0x3e lcd_test/dio_prog.o
 .data.pinReg   0x00000000        0x8 lcd_test/dio_prog.o
 .text          0x00000000        0x0 lcd_test/lcd_config.o
 .data          0x00000000        0x0 lcd_test/lcd_config.o
 .bss           0x00000000        0x0 lcd_test/lcd_config.o
 .data.arr_g_bell
                0x00000000        0x8 lcd_test/lcd_config.o
 .text          0x00000000        0x0 lcd_test/lcd_program.o
 .data          0x00000000        0x0 lcd_test/lcd_program.o
 .bss           0x00000000        0x0 lcd_test/lcd_program.o
 .text.HLCD_ShiftLeft
                0x00000000       0x14 lcd_test/lcd_program.o
 .text.HLCD_WriteArabic
                0x00000000       0x14 lcd_test/lcd_program.o
 .text.HLCD_vidCreatCustomChar
                0x00000000       0x46 lcd_test/lcd_program.o
 .text.HLCD_DisplayFloat
                0x00000000      0x14c lcd_test/lcd_program.o
 .text          0x00000000        0x0 main.o
 .data          0x00000000        0x0 main.o
 .bss           0x00000000        0x0 main.o
 .text          0x00000000        0x0 MCAL/dio/Dio.o
 .data          0x00000000        0x0 MCAL/dio/Dio.o
 .bss           0x00000000        0x0 MCAL/dio/Dio.o
 .text.DIO_toggle
                0x00000000       0x68 MCAL/dio/Dio.o
 .text          0x00000000        0x0 MCAL/exti/EXT_INTERRUPT_Config.o
 .data          0x00000000        0x0 MCAL/exti/EXT_INTERRUPT_Config.o
 .bss           0x00000000        0x0 MCAL/exti/EXT_INTERRUPT_Config.o
 .rodata.A_interruptConfig
                0x00000000        0xc MCAL/exti/EXT_INTERRUPT_Config.o
 .debug_info    0x00000000       0xf8 MCAL/exti/EXT_INTERRUPT_Config.o
 .debug_abbrev  0x00000000       0x96 MCAL/exti/EXT_INTERRUPT_Config.o
 .debug_aranges
                0x00000000       0x18 MCAL/exti/EXT_INTERRUPT_Config.o
 .debug_line    0x00000000       0x5b MCAL/exti/EXT_INTERRUPT_Config.o
 .debug_str     0x00000000      0x2a3 MCAL/exti/EXT_INTERRUPT_Config.o
 .comment       0x00000000       0x31 MCAL/exti/EXT_INTERRUPT_Config.o
 .text          0x00000000        0x0 MCAL/exti/EXT_INTERRUPT_Prog.o
 .data          0x00000000        0x0 MCAL/exti/EXT_INTERRUPT_Prog.o
 .bss           0x00000000        0x0 MCAL/exti/EXT_INTERRUPT_Prog.o
 .text.EXT0_INTERRUPT_SetInterruptHandler
                0x00000000        0x2 MCAL/exti/EXT_INTERRUPT_Prog.o
 .text.EXT1_INTERRUPT_SetInterruptHandler
                0x00000000        0xa MCAL/exti/EXT_INTERRUPT_Prog.o
 .text.EXT2_INTERRUPT_SetInterruptHandler
                0x00000000        0xa MCAL/exti/EXT_INTERRUPT_Prog.o
 .text.EXT_vINTERRUPT_setSenseControl
                0x00000000      0x148 MCAL/exti/EXT_INTERRUPT_Prog.o
 .text.EXT_vINTERRUPT_Denit
                0x00000000       0x28 MCAL/exti/EXT_INTERRUPT_Prog.o
 .text.EXT_INTERRUPT_SetInterruptHandler
                0x00000000       0x5c MCAL/exti/EXT_INTERRUPT_Prog.o
 .text.EXT_vINTERRUPT_Init
                0x00000000        0xa MCAL/exti/EXT_INTERRUPT_Prog.o
 .text.EXT_INT1
                0x00000000       0x4e MCAL/exti/EXT_INTERRUPT_Prog.o
 .text.EXT_INT2
                0x00000000       0x4e MCAL/exti/EXT_INTERRUPT_Prog.o
 .bss.INT2_InterruptHandler
                0x00000000        0x2 MCAL/exti/EXT_INTERRUPT_Prog.o
 .bss.INT1_InterruptHandler
                0x00000000        0x2 MCAL/exti/EXT_INTERRUPT_Prog.o
 .debug_info    0x00000000      0x3b1 MCAL/exti/EXT_INTERRUPT_Prog.o
 .debug_abbrev  0x00000000      0x18e MCAL/exti/EXT_INTERRUPT_Prog.o
 .debug_loc     0x00000000      0x286 MCAL/exti/EXT_INTERRUPT_Prog.o
 .debug_aranges
                0x00000000       0x60 MCAL/exti/EXT_INTERRUPT_Prog.o
 .debug_ranges  0x00000000       0x50 MCAL/exti/EXT_INTERRUPT_Prog.o
 .debug_line    0x00000000      0x31b MCAL/exti/EXT_INTERRUPT_Prog.o
 .debug_str     0x00000000      0x524 MCAL/exti/EXT_INTERRUPT_Prog.o
 .comment       0x00000000       0x31 MCAL/exti/EXT_INTERRUPT_Prog.o
 .debug_frame   0x00000000      0x144 MCAL/exti/EXT_INTERRUPT_Prog.o
 .text          0x00000000        0x0 MCAL/icu/ICU.o
 .data          0x00000000        0x0 MCAL/icu/ICU.o
 .bss           0x00000000        0x0 MCAL/icu/ICU.o
 .text.TMR_tmr1CleareCompMatInit
                0x00000000       0x14 MCAL/icu/ICU.o
 .text          0x00000000        0x0 MCAL/icu/ICU_cfg.o
 .data          0x00000000        0x0 MCAL/icu/ICU_cfg.o
 .bss           0x00000000        0x0 MCAL/icu/ICU_cfg.o
 .text          0x00000000        0x0 MCAL/mcu_cfg/MCU_Prog.o
 .data          0x00000000        0x0 MCAL/mcu_cfg/MCU_Prog.o
 .bss           0x00000000        0x0 MCAL/mcu_cfg/MCU_Prog.o
 .text          0x00000000        0x0 MCAL/pwm/pwm_config.o
 .data          0x00000000        0x0 MCAL/pwm/pwm_config.o
 .bss           0x00000000        0x0 MCAL/pwm/pwm_config.o
 .text          0x00000000        0x0 MCAL/pwm/pwm_program.o
 .data          0x00000000        0x0 MCAL/pwm/pwm_program.o
 .bss           0x00000000        0x0 MCAL/pwm/pwm_program.o
 .text.TIMER0_init
                0x00000000       0x10 MCAL/pwm/pwm_program.o
 .text.TIMER0_start
                0x00000000        0xa MCAL/pwm/pwm_program.o
 .text.TIMER0_stop
                0x00000000        0x8 MCAL/pwm/pwm_program.o
 .text.TIMER0_setDelay
                0x00000000       0x4e MCAL/pwm/pwm_program.o
 .text.TIMER0_initPWM
                0x00000000       0x2e MCAL/pwm/pwm_program.o
 .text.TIMER0_setPwm
                0x00000000       0x50 MCAL/pwm/pwm_program.o
 .bss.u32_g_NumOfOVFs
                0x00000000        0x2 MCAL/pwm/pwm_program.o
 .text          0x00000000        0x0 MCAL/timer/timer.o
 .data          0x00000000        0x0 MCAL/timer/timer.o
 .bss           0x00000000        0x0 MCAL/timer/timer.o
 .text.TMR_TMR0NormalModeInit
                0x00000000       0x44 MCAL/timer/timer.o
 .text.TIMER_delay_us
                0x00000000       0x38 MCAL/timer/timer.o
 .text.TIMER_timer0Start
                0x00000000       0x96 MCAL/timer/timer.o
 .text.TIMER_timer0Stop
                0x00000000       0x14 MCAL/timer/timer.o
 .text.TIMER_delay_ms
                0x00000000      0x16e MCAL/timer/timer.o
 .text.TMR_ovfSetCallback
                0x00000000       0x14 MCAL/timer/timer.o
 .bss.void_g_pfOvfInterruptAction
                0x00000000        0x2 MCAL/timer/timer.o
 .bss.u8_g_TMRShutdownFlag
                0x00000000        0x2 MCAL/timer/timer.o
 .bss.u16_g_tcnt0InitialVal
                0x00000000        0x2 MCAL/timer/timer.o
 .bss.u16_g_overflowTicks
                0x00000000        0x2 MCAL/timer/timer.o
 .bss.u16_g_overflowNumbers
                0x00000000        0x2 MCAL/timer/timer.o
 .bss.u16_g_TMR1Overflow
                0x00000000        0x2 MCAL/timer/timer.o
 .data.u8_l_mode
                0x00000000        0x1 MCAL/timer/timer.o
 .text          0x00000000        0x0 MCAL/timer/timer_config.o
 .data          0x00000000        0x0 MCAL/timer/timer_config.o
 .bss           0x00000000        0x0 MCAL/timer/timer_config.o
 .rodata.TimerConfig
                0x00000000       0x18 MCAL/timer/timer_config.o
 .debug_info    0x00000000      0x250 MCAL/timer/timer_config.o
 .debug_abbrev  0x00000000       0x86 MCAL/timer/timer_config.o
 .debug_aranges
                0x00000000       0x18 MCAL/timer/timer_config.o
 .debug_line    0x00000000       0x4c MCAL/timer/timer_config.o
 .debug_str     0x00000000      0x4e9 MCAL/timer/timer_config.o
 .comment       0x00000000       0x31 MCAL/timer/timer_config.o
 .text          0x00000000        0x0 c:/program files (x86)/atmel/studio/7.0/toolchain/avr8/avr8-gnu-toolchain/bin/../lib/gcc/avr/5.4.0/../../../../avr/lib/avr5\libm.a(addsf3.o)
 .data          0x00000000        0x0 c:/program files (x86)/atmel/studio/7.0/toolchain/avr8/avr8-gnu-toolchain/bin/../lib/gcc/avr/5.4.0/../../../../avr/lib/avr5\libm.a(addsf3.o)
 .bss           0x00000000        0x0 c:/program files (x86)/atmel/studio/7.0/toolchain/avr8/avr8-gnu-toolchain/bin/../lib/gcc/avr/5.4.0/../../../../avr/lib/avr5\libm.a(addsf3.o)
 .text          0x00000000        0x0 c:/program files (x86)/atmel/studio/7.0/toolchain/avr8/avr8-gnu-toolchain/bin/../lib/gcc/avr/5.4.0/../../../../avr/lib/avr5\libm.a(addsf3x.o)
 .data          0x00000000        0x0 c:/program files (x86)/atmel/studio/7.0/toolchain/avr8/avr8-gnu-toolchain/bin/../lib/gcc/avr/5.4.0/../../../../avr/lib/avr5\libm.a(addsf3x.o)
 .bss           0x00000000        0x0 c:/program files (x86)/atmel/studio/7.0/toolchain/avr8/avr8-gnu-toolchain/bin/../lib/gcc/avr/5.4.0/../../../../avr/lib/avr5\libm.a(addsf3x.o)
 .text          0x00000000        0x0 c:/program files (x86)/atmel/studio/7.0/toolchain/avr8/avr8-gnu-toolchain/bin/../lib/gcc/avr/5.4.0/../../../../avr/lib/avr5\libm.a(ceil.o)
 .data          0x00000000        0x0 c:/program files (x86)/atmel/studio/7.0/toolchain/avr8/avr8-gnu-toolchain/bin/../lib/gcc/avr/5.4.0/../../../../avr/lib/avr5\libm.a(ceil.o)
 .bss           0x00000000        0x0 c:/program files (x86)/atmel/studio/7.0/toolchain/avr8/avr8-gnu-toolchain/bin/../lib/gcc/avr/5.4.0/../../../../avr/lib/avr5\libm.a(ceil.o)
 .text          0x00000000        0x0 c:/program files (x86)/atmel/studio/7.0/toolchain/avr8/avr8-gnu-toolchain/bin/../lib/gcc/avr/5.4.0/../../../../avr/lib/avr5\libm.a(cmpsf2.o)
 .data          0x00000000        0x0 c:/program files (x86)/atmel/studio/7.0/toolchain/avr8/avr8-gnu-toolchain/bin/../lib/gcc/avr/5.4.0/../../../../avr/lib/avr5\libm.a(cmpsf2.o)
 .bss           0x00000000        0x0 c:/program files (x86)/atmel/studio/7.0/toolchain/avr8/avr8-gnu-toolchain/bin/../lib/gcc/avr/5.4.0/../../../../avr/lib/avr5\libm.a(cmpsf2.o)
 .text          0x00000000        0x0 c:/program files (x86)/atmel/studio/7.0/toolchain/avr8/avr8-gnu-toolchain/bin/../lib/gcc/avr/5.4.0/../../../../avr/lib/avr5\libm.a(divsf3.o)
 .data          0x00000000        0x0 c:/program files (x86)/atmel/studio/7.0/toolchain/avr8/avr8-gnu-toolchain/bin/../lib/gcc/avr/5.4.0/../../../../avr/lib/avr5\libm.a(divsf3.o)
 .bss           0x00000000        0x0 c:/program files (x86)/atmel/studio/7.0/toolchain/avr8/avr8-gnu-toolchain/bin/../lib/gcc/avr/5.4.0/../../../../avr/lib/avr5\libm.a(divsf3.o)
 .text          0x00000000        0x0 c:/program files (x86)/atmel/studio/7.0/toolchain/avr8/avr8-gnu-toolchain/bin/../lib/gcc/avr/5.4.0/../../../../avr/lib/avr5\libm.a(divsf3x.o)
 .data          0x00000000        0x0 c:/program files (x86)/atmel/studio/7.0/toolchain/avr8/avr8-gnu-toolchain/bin/../lib/gcc/avr/5.4.0/../../../../avr/lib/avr5\libm.a(divsf3x.o)
 .bss           0x00000000        0x0 c:/program files (x86)/atmel/studio/7.0/toolchain/avr8/avr8-gnu-toolchain/bin/../lib/gcc/avr/5.4.0/../../../../avr/lib/avr5\libm.a(divsf3x.o)
 .text          0x00000000        0x0 c:/program files (x86)/atmel/studio/7.0/toolchain/avr8/avr8-gnu-toolchain/bin/../lib/gcc/avr/5.4.0/../../../../avr/lib/avr5\libm.a(fixunssfsi.o)
 .data          0x00000000        0x0 c:/program files (x86)/atmel/studio/7.0/toolchain/avr8/avr8-gnu-toolchain/bin/../lib/gcc/avr/5.4.0/../../../../avr/lib/avr5\libm.a(fixunssfsi.o)
 .bss           0x00000000        0x0 c:/program files (x86)/atmel/studio/7.0/toolchain/avr8/avr8-gnu-toolchain/bin/../lib/gcc/avr/5.4.0/../../../../avr/lib/avr5\libm.a(fixunssfsi.o)
 .text          0x00000000        0x0 c:/program files (x86)/atmel/studio/7.0/toolchain/avr8/avr8-gnu-toolchain/bin/../lib/gcc/avr/5.4.0/../../../../avr/lib/avr5\libm.a(floatsisf.o)
 .data          0x00000000        0x0 c:/program files (x86)/atmel/studio/7.0/toolchain/avr8/avr8-gnu-toolchain/bin/../lib/gcc/avr/5.4.0/../../../../avr/lib/avr5\libm.a(floatsisf.o)
 .bss           0x00000000        0x0 c:/program files (x86)/atmel/studio/7.0/toolchain/avr8/avr8-gnu-toolchain/bin/../lib/gcc/avr/5.4.0/../../../../avr/lib/avr5\libm.a(floatsisf.o)
 .text          0x00000000        0x0 c:/program files (x86)/atmel/studio/7.0/toolchain/avr8/avr8-gnu-toolchain/bin/../lib/gcc/avr/5.4.0/../../../../avr/lib/avr5\libm.a(fp_cmp.o)
 .data          0x00000000        0x0 c:/program files (x86)/atmel/studio/7.0/toolchain/avr8/avr8-gnu-toolchain/bin/../lib/gcc/avr/5.4.0/../../../../avr/lib/avr5\libm.a(fp_cmp.o)
 .bss           0x00000000        0x0 c:/program files (x86)/atmel/studio/7.0/toolchain/avr8/avr8-gnu-toolchain/bin/../lib/gcc/avr/5.4.0/../../../../avr/lib/avr5\libm.a(fp_cmp.o)
 .text          0x00000000        0x0 c:/program files (x86)/atmel/studio/7.0/toolchain/avr8/avr8-gnu-toolchain/bin/../lib/gcc/avr/5.4.0/../../../../avr/lib/avr5\libm.a(fp_inf.o)
 .data          0x00000000        0x0 c:/program files (x86)/atmel/studio/7.0/toolchain/avr8/avr8-gnu-toolchain/bin/../lib/gcc/avr/5.4.0/../../../../avr/lib/avr5\libm.a(fp_inf.o)
 .bss           0x00000000        0x0 c:/program files (x86)/atmel/studio/7.0/toolchain/avr8/avr8-gnu-toolchain/bin/../lib/gcc/avr/5.4.0/../../../../avr/lib/avr5\libm.a(fp_inf.o)
 .text          0x00000000        0x0 c:/program files (x86)/atmel/studio/7.0/toolchain/avr8/avr8-gnu-toolchain/bin/../lib/gcc/avr/5.4.0/../../../../avr/lib/avr5\libm.a(fp_mintl.o)
 .data          0x00000000        0x0 c:/program files (x86)/atmel/studio/7.0/toolchain/avr8/avr8-gnu-toolchain/bin/../lib/gcc/avr/5.4.0/../../../../avr/lib/avr5\libm.a(fp_mintl.o)
 .bss           0x00000000        0x0 c:/program files (x86)/atmel/studio/7.0/toolchain/avr8/avr8-gnu-toolchain/bin/../lib/gcc/avr/5.4.0/../../../../avr/lib/avr5\libm.a(fp_mintl.o)
 .text          0x00000000        0x0 c:/program files (x86)/atmel/studio/7.0/toolchain/avr8/avr8-gnu-toolchain/bin/../lib/gcc/avr/5.4.0/../../../../avr/lib/avr5\libm.a(fp_mpack.o)
 .data          0x00000000        0x0 c:/program files (x86)/atmel/studio/7.0/toolchain/avr8/avr8-gnu-toolchain/bin/../lib/gcc/avr/5.4.0/../../../../avr/lib/avr5\libm.a(fp_mpack.o)
 .bss           0x00000000        0x0 c:/program files (x86)/atmel/studio/7.0/toolchain/avr8/avr8-gnu-toolchain/bin/../lib/gcc/avr/5.4.0/../../../../avr/lib/avr5\libm.a(fp_mpack.o)
 .text          0x00000000        0x0 c:/program files (x86)/atmel/studio/7.0/toolchain/avr8/avr8-gnu-toolchain/bin/../lib/gcc/avr/5.4.0/../../../../avr/lib/avr5\libm.a(fp_nan.o)
 .data          0x00000000        0x0 c:/program files (x86)/atmel/studio/7.0/toolchain/avr8/avr8-gnu-toolchain/bin/../lib/gcc/avr/5.4.0/../../../../avr/lib/avr5\libm.a(fp_nan.o)
 .bss           0x00000000        0x0 c:/program files (x86)/atmel/studio/7.0/toolchain/avr8/avr8-gnu-toolchain/bin/../lib/gcc/avr/5.4.0/../../../../avr/lib/avr5\libm.a(fp_nan.o)
 .text          0x00000000        0x0 c:/program files (x86)/atmel/studio/7.0/toolchain/avr8/avr8-gnu-toolchain/bin/../lib/gcc/avr/5.4.0/../../../../avr/lib/avr5\libm.a(fp_pscA.o)
 .data          0x00000000        0x0 c:/program files (x86)/atmel/studio/7.0/toolchain/avr8/avr8-gnu-toolchain/bin/../lib/gcc/avr/5.4.0/../../../../avr/lib/avr5\libm.a(fp_pscA.o)
 .bss           0x00000000        0x0 c:/program files (x86)/atmel/studio/7.0/toolchain/avr8/avr8-gnu-toolchain/bin/../lib/gcc/avr/5.4.0/../../../../avr/lib/avr5\libm.a(fp_pscA.o)
 .text          0x00000000        0x0 c:/program files (x86)/atmel/studio/7.0/toolchain/avr8/avr8-gnu-toolchain/bin/../lib/gcc/avr/5.4.0/../../../../avr/lib/avr5\libm.a(fp_pscB.o)
 .data          0x00000000        0x0 c:/program files (x86)/atmel/studio/7.0/toolchain/avr8/avr8-gnu-toolchain/bin/../lib/gcc/avr/5.4.0/../../../../avr/lib/avr5\libm.a(fp_pscB.o)
 .bss           0x00000000        0x0 c:/program files (x86)/atmel/studio/7.0/toolchain/avr8/avr8-gnu-toolchain/bin/../lib/gcc/avr/5.4.0/../../../../avr/lib/avr5\libm.a(fp_pscB.o)
 .text          0x00000000        0x0 c:/program files (x86)/atmel/studio/7.0/toolchain/avr8/avr8-gnu-toolchain/bin/../lib/gcc/avr/5.4.0/../../../../avr/lib/avr5\libm.a(fp_round.o)
 .data          0x00000000        0x0 c:/program files (x86)/atmel/studio/7.0/toolchain/avr8/avr8-gnu-toolchain/bin/../lib/gcc/avr/5.4.0/../../../../avr/lib/avr5\libm.a(fp_round.o)
 .bss           0x00000000        0x0 c:/program files (x86)/atmel/studio/7.0/toolchain/avr8/avr8-gnu-toolchain/bin/../lib/gcc/avr/5.4.0/../../../../avr/lib/avr5\libm.a(fp_round.o)
 .text          0x00000000        0x0 c:/program files (x86)/atmel/studio/7.0/toolchain/avr8/avr8-gnu-toolchain/bin/../lib/gcc/avr/5.4.0/../../../../avr/lib/avr5\libm.a(fp_split3.o)
 .data          0x00000000        0x0 c:/program files (x86)/atmel/studio/7.0/toolchain/avr8/avr8-gnu-toolchain/bin/../lib/gcc/avr/5.4.0/../../../../avr/lib/avr5\libm.a(fp_split3.o)
 .bss           0x00000000        0x0 c:/program files (x86)/atmel/studio/7.0/toolchain/avr8/avr8-gnu-toolchain/bin/../lib/gcc/avr/5.4.0/../../../../avr/lib/avr5\libm.a(fp_split3.o)
 .text          0x00000000        0x0 c:/program files (x86)/atmel/studio/7.0/toolchain/avr8/avr8-gnu-toolchain/bin/../lib/gcc/avr/5.4.0/../../../../avr/lib/avr5\libm.a(fp_trunc.o)
 .data          0x00000000        0x0 c:/program files (x86)/atmel/studio/7.0/toolchain/avr8/avr8-gnu-toolchain/bin/../lib/gcc/avr/5.4.0/../../../../avr/lib/avr5\libm.a(fp_trunc.o)
 .bss           0x00000000        0x0 c:/program files (x86)/atmel/studio/7.0/toolchain/avr8/avr8-gnu-toolchain/bin/../lib/gcc/avr/5.4.0/../../../../avr/lib/avr5\libm.a(fp_trunc.o)
 .text          0x00000000        0x0 c:/program files (x86)/atmel/studio/7.0/toolchain/avr8/avr8-gnu-toolchain/bin/../lib/gcc/avr/5.4.0/../../../../avr/lib/avr5\libm.a(fp_zero.o)
 .data          0x00000000        0x0 c:/program files (x86)/atmel/studio/7.0/toolchain/avr8/avr8-gnu-toolchain/bin/../lib/gcc/avr/5.4.0/../../../../avr/lib/avr5\libm.a(fp_zero.o)
 .bss           0x00000000        0x0 c:/program files (x86)/atmel/studio/7.0/toolchain/avr8/avr8-gnu-toolchain/bin/../lib/gcc/avr/5.4.0/../../../../avr/lib/avr5\libm.a(fp_zero.o)
 .text          0x00000000        0x0 c:/program files (x86)/atmel/studio/7.0/toolchain/avr8/avr8-gnu-toolchain/bin/../lib/gcc/avr/5.4.0/../../../../avr/lib/avr5\libm.a(gesf2.o)
 .data          0x00000000        0x0 c:/program files (x86)/atmel/studio/7.0/toolchain/avr8/avr8-gnu-toolchain/bin/../lib/gcc/avr/5.4.0/../../../../avr/lib/avr5\libm.a(gesf2.o)
 .bss           0x00000000        0x0 c:/program files (x86)/atmel/studio/7.0/toolchain/avr8/avr8-gnu-toolchain/bin/../lib/gcc/avr/5.4.0/../../../../avr/lib/avr5\libm.a(gesf2.o)
 .text          0x00000000        0x0 c:/program files (x86)/atmel/studio/7.0/toolchain/avr8/avr8-gnu-toolchain/bin/../lib/gcc/avr/5.4.0/../../../../avr/lib/avr5\libm.a(mulsf3.o)
 .data          0x00000000        0x0 c:/program files (x86)/atmel/studio/7.0/toolchain/avr8/avr8-gnu-toolchain/bin/../lib/gcc/avr/5.4.0/../../../../avr/lib/avr5\libm.a(mulsf3.o)
 .bss           0x00000000        0x0 c:/program files (x86)/atmel/studio/7.0/toolchain/avr8/avr8-gnu-toolchain/bin/../lib/gcc/avr/5.4.0/../../../../avr/lib/avr5\libm.a(mulsf3.o)
 .text          0x00000000        0x0 c:/program files (x86)/atmel/studio/7.0/toolchain/avr8/avr8-gnu-toolchain/bin/../lib/gcc/avr/5.4.0/../../../../avr/lib/avr5\libm.a(mulsf3x.o)
 .data          0x00000000        0x0 c:/program files (x86)/atmel/studio/7.0/toolchain/avr8/avr8-gnu-toolchain/bin/../lib/gcc/avr/5.4.0/../../../../avr/lib/avr5\libm.a(mulsf3x.o)
 .bss           0x00000000        0x0 c:/program files (x86)/atmel/studio/7.0/toolchain/avr8/avr8-gnu-toolchain/bin/../lib/gcc/avr/5.4.0/../../../../avr/lib/avr5\libm.a(mulsf3x.o)
 .text          0x00000000        0x0 c:/program files (x86)/atmel/studio/7.0/toolchain/avr8/avr8-gnu-toolchain/bin/../lib/gcc/avr/5.4.0/avr5\libgcc.a(_divmodhi4.o)
 .data          0x00000000        0x0 c:/program files (x86)/atmel/studio/7.0/toolchain/avr8/avr8-gnu-toolchain/bin/../lib/gcc/avr/5.4.0/avr5\libgcc.a(_divmodhi4.o)
 .bss           0x00000000        0x0 c:/program files (x86)/atmel/studio/7.0/toolchain/avr8/avr8-gnu-toolchain/bin/../lib/gcc/avr/5.4.0/avr5\libgcc.a(_divmodhi4.o)
 .text.libgcc.mul
                0x00000000        0x0 c:/program files (x86)/atmel/studio/7.0/toolchain/avr8/avr8-gnu-toolchain/bin/../lib/gcc/avr/5.4.0/avr5\libgcc.a(_divmodhi4.o)
 .text.libgcc.div
                0x00000000       0x28 c:/program files (x86)/atmel/studio/7.0/toolchain/avr8/avr8-gnu-toolchain/bin/../lib/gcc/avr/5.4.0/avr5\libgcc.a(_divmodhi4.o)
 .text.libgcc   0x00000000        0x0 c:/program files (x86)/atmel/studio/7.0/toolchain/avr8/avr8-gnu-toolchain/bin/../lib/gcc/avr/5.4.0/avr5\libgcc.a(_divmodhi4.o)
 .text.libgcc.prologue
                0x00000000        0x0 c:/program files (x86)/atmel/studio/7.0/toolchain/avr8/avr8-gnu-toolchain/bin/../lib/gcc/avr/5.4.0/avr5\libgcc.a(_divmodhi4.o)
 .text.libgcc.builtins
                0x00000000        0x0 c:/program files (x86)/atmel/studio/7.0/toolchain/avr8/avr8-gnu-toolchain/bin/../lib/gcc/avr/5.4.0/avr5\libgcc.a(_divmodhi4.o)
 .text.libgcc.fmul
                0x00000000        0x0 c:/program files (x86)/atmel/studio/7.0/toolchain/avr8/avr8-gnu-toolchain/bin/../lib/gcc/avr/5.4.0/avr5\libgcc.a(_divmodhi4.o)
 .text.libgcc.fixed
                0x00000000        0x0 c:/program files (x86)/atmel/studio/7.0/toolchain/avr8/avr8-gnu-toolchain/bin/../lib/gcc/avr/5.4.0/avr5\libgcc.a(_divmodhi4.o)
 .text          0x00000000        0x0 c:/program files (x86)/atmel/studio/7.0/toolchain/avr8/avr8-gnu-toolchain/bin/../lib/gcc/avr/5.4.0/avr5\libgcc.a(_exit.o)
 .data          0x00000000        0x0 c:/program files (x86)/atmel/studio/7.0/toolchain/avr8/avr8-gnu-toolchain/bin/../lib/gcc/avr/5.4.0/avr5\libgcc.a(_exit.o)
 .bss           0x00000000        0x0 c:/program files (x86)/atmel/studio/7.0/toolchain/avr8/avr8-gnu-toolchain/bin/../lib/gcc/avr/5.4.0/avr5\libgcc.a(_exit.o)
 .text.libgcc.mul
                0x00000000        0x0 c:/program files (x86)/atmel/studio/7.0/toolchain/avr8/avr8-gnu-toolchain/bin/../lib/gcc/avr/5.4.0/avr5\libgcc.a(_exit.o)
 .text.libgcc.div
                0x00000000        0x0 c:/program files (x86)/atmel/studio/7.0/toolchain/avr8/avr8-gnu-toolchain/bin/../lib/gcc/avr/5.4.0/avr5\libgcc.a(_exit.o)
 .text.libgcc   0x00000000        0x0 c:/program files (x86)/atmel/studio/7.0/toolchain/avr8/avr8-gnu-toolchain/bin/../lib/gcc/avr/5.4.0/avr5\libgcc.a(_exit.o)
 .text.libgcc.prologue
                0x00000000        0x0 c:/program files (x86)/atmel/studio/7.0/toolchain/avr8/avr8-gnu-toolchain/bin/../lib/gcc/avr/5.4.0/avr5\libgcc.a(_exit.o)
 .text.libgcc.builtins
                0x00000000        0x0 c:/program files (x86)/atmel/studio/7.0/toolchain/avr8/avr8-gnu-toolchain/bin/../lib/gcc/avr/5.4.0/avr5\libgcc.a(_exit.o)
 .text.libgcc.fmul
                0x00000000        0x0 c:/program files (x86)/atmel/studio/7.0/toolchain/avr8/avr8-gnu-toolchain/bin/../lib/gcc/avr/5.4.0/avr5\libgcc.a(_exit.o)
 .text.libgcc.fixed
                0x00000000        0x0 c:/program files (x86)/atmel/studio/7.0/toolchain/avr8/avr8-gnu-toolchain/bin/../lib/gcc/avr/5.4.0/avr5\libgcc.a(_exit.o)
 .text          0x00000000        0x0 c:/program files (x86)/atmel/studio/7.0/toolchain/avr8/avr8-gnu-toolchain/bin/../lib/gcc/avr/5.4.0/avr5\libgcc.a(_copy_data.o)
 .data          0x00000000        0x0 c:/program files (x86)/atmel/studio/7.0/toolchain/avr8/avr8-gnu-toolchain/bin/../lib/gcc/avr/5.4.0/avr5\libgcc.a(_copy_data.o)
 .bss           0x00000000        0x0 c:/program files (x86)/atmel/studio/7.0/toolchain/avr8/avr8-gnu-toolchain/bin/../lib/gcc/avr/5.4.0/avr5\libgcc.a(_copy_data.o)
 .text.libgcc.mul
                0x00000000        0x0 c:/program files (x86)/atmel/studio/7.0/toolchain/avr8/avr8-gnu-toolchain/bin/../lib/gcc/avr/5.4.0/avr5\libgcc.a(_copy_data.o)
 .text.libgcc.div
                0x00000000        0x0 c:/program files (x86)/atmel/studio/7.0/toolchain/avr8/avr8-gnu-toolchain/bin/../lib/gcc/avr/5.4.0/avr5\libgcc.a(_copy_data.o)
 .text.libgcc   0x00000000        0x0 c:/program files (x86)/atmel/studio/7.0/toolchain/avr8/avr8-gnu-toolchain/bin/../lib/gcc/avr/5.4.0/avr5\libgcc.a(_copy_data.o)
 .text.libgcc.prologue
                0x00000000        0x0 c:/program files (x86)/atmel/studio/7.0/toolchain/avr8/avr8-gnu-toolchain/bin/../lib/gcc/avr/5.4.0/avr5\libgcc.a(_copy_data.o)
 .text.libgcc.builtins
                0x00000000        0x0 c:/program files (x86)/atmel/studio/7.0/toolchain/avr8/avr8-gnu-toolchain/bin/../lib/gcc/avr/5.4.0/avr5\libgcc.a(_copy_data.o)
 .text.libgcc.fmul
                0x00000000        0x0 c:/program files (x86)/atmel/studio/7.0/toolchain/avr8/avr8-gnu-toolchain/bin/../lib/gcc/avr/5.4.0/avr5\libgcc.a(_copy_data.o)
 .text.libgcc.fixed
                0x00000000        0x0 c:/program files (x86)/atmel/studio/7.0/toolchain/avr8/avr8-gnu-toolchain/bin/../lib/gcc/avr/5.4.0/avr5\libgcc.a(_copy_data.o)
 .text          0x00000000        0x0 c:/program files (x86)/atmel/studio/7.0/toolchain/avr8/avr8-gnu-toolchain/bin/../lib/gcc/avr/5.4.0/avr5\libgcc.a(_clear_bss.o)
 .data          0x00000000        0x0 c:/program files (x86)/atmel/studio/7.0/toolchain/avr8/avr8-gnu-toolchain/bin/../lib/gcc/avr/5.4.0/avr5\libgcc.a(_clear_bss.o)
 .bss           0x00000000        0x0 c:/program files (x86)/atmel/studio/7.0/toolchain/avr8/avr8-gnu-toolchain/bin/../lib/gcc/avr/5.4.0/avr5\libgcc.a(_clear_bss.o)
 .text.libgcc.mul
                0x00000000        0x0 c:/program files (x86)/atmel/studio/7.0/toolchain/avr8/avr8-gnu-toolchain/bin/../lib/gcc/avr/5.4.0/avr5\libgcc.a(_clear_bss.o)
 .text.libgcc.div
                0x00000000        0x0 c:/program files (x86)/atmel/studio/7.0/toolchain/avr8/avr8-gnu-toolchain/bin/../lib/gcc/avr/5.4.0/avr5\libgcc.a(_clear_bss.o)
 .text.libgcc   0x00000000        0x0 c:/program files (x86)/atmel/studio/7.0/toolchain/avr8/avr8-gnu-toolchain/bin/../lib/gcc/avr/5.4.0/avr5\libgcc.a(_clear_bss.o)
 .text.libgcc.prologue
                0x00000000        0x0 c:/program files (x86)/atmel/studio/7.0/toolchain/avr8/avr8-gnu-toolchain/bin/../lib/gcc/avr/5.4.0/avr5\libgcc.a(_clear_bss.o)
 .text.libgcc.builtins
                0x00000000        0x0 c:/program files (x86)/atmel/studio/7.0/toolchain/avr8/avr8-gnu-toolchain/bin/../lib/gcc/avr/5.4.0/avr5\libgcc.a(_clear_bss.o)
 .text.libgcc.fmul
                0x00000000        0x0 c:/program files (x86)/atmel/studio/7.0/toolchain/avr8/avr8-gnu-toolchain/bin/../lib/gcc/avr/5.4.0/avr5\libgcc.a(_clear_bss.o)
 .text.libgcc.fixed
                0x00000000        0x0 c:/program files (x86)/atmel/studio/7.0/toolchain/avr8/avr8-gnu-toolchain/bin/../lib/gcc/avr/5.4.0/avr5\libgcc.a(_clear_bss.o)
 .text          0x00000000        0x0 c:/program files (x86)/atmel/studio/7.0/toolchain/avr8/avr8-gnu-toolchain/bin/../lib/gcc/avr/5.4.0/avr5\libgcc.a(_umulhisi3.o)
 .data          0x00000000        0x0 c:/program files (x86)/atmel/studio/7.0/toolchain/avr8/avr8-gnu-toolchain/bin/../lib/gcc/avr/5.4.0/avr5\libgcc.a(_umulhisi3.o)
 .bss           0x00000000        0x0 c:/program files (x86)/atmel/studio/7.0/toolchain/avr8/avr8-gnu-toolchain/bin/../lib/gcc/avr/5.4.0/avr5\libgcc.a(_umulhisi3.o)
 .text.libgcc.mul
                0x00000000       0x1e c:/program files (x86)/atmel/studio/7.0/toolchain/avr8/avr8-gnu-toolchain/bin/../lib/gcc/avr/5.4.0/avr5\libgcc.a(_umulhisi3.o)
 .text.libgcc.div
                0x00000000        0x0 c:/program files (x86)/atmel/studio/7.0/toolchain/avr8/avr8-gnu-toolchain/bin/../lib/gcc/avr/5.4.0/avr5\libgcc.a(_umulhisi3.o)
 .text.libgcc   0x00000000        0x0 c:/program files (x86)/atmel/studio/7.0/toolchain/avr8/avr8-gnu-toolchain/bin/../lib/gcc/avr/5.4.0/avr5\libgcc.a(_umulhisi3.o)
 .text.libgcc.prologue
                0x00000000        0x0 c:/program files (x86)/atmel/studio/7.0/toolchain/avr8/avr8-gnu-toolchain/bin/../lib/gcc/avr/5.4.0/avr5\libgcc.a(_umulhisi3.o)
 .text.libgcc.builtins
                0x00000000        0x0 c:/program files (x86)/atmel/studio/7.0/toolchain/avr8/avr8-gnu-toolchain/bin/../lib/gcc/avr/5.4.0/avr5\libgcc.a(_umulhisi3.o)
 .text.libgcc.fmul
                0x00000000        0x0 c:/program files (x86)/atmel/studio/7.0/toolchain/avr8/avr8-gnu-toolchain/bin/../lib/gcc/avr/5.4.0/avr5\libgcc.a(_umulhisi3.o)
 .text.libgcc.fixed
                0x00000000        0x0 c:/program files (x86)/atmel/studio/7.0/toolchain/avr8/avr8-gnu-toolchain/bin/../lib/gcc/avr/5.4.0/avr5\libgcc.a(_umulhisi3.o)
 .text          0x00000000        0x0 c:/program files (x86)/atmel/studio/7.0/toolchain/avr8/avr8-gnu-toolchain/bin/../lib/gcc/avr/5.4.0/avr5\libgcc.a(_udivmodhi4.o)
 .data          0x00000000        0x0 c:/program files (x86)/atmel/studio/7.0/toolchain/avr8/avr8-gnu-toolchain/bin/../lib/gcc/avr/5.4.0/avr5\libgcc.a(_udivmodhi4.o)
 .bss           0x00000000        0x0 c:/program files (x86)/atmel/studio/7.0/toolchain/avr8/avr8-gnu-toolchain/bin/../lib/gcc/avr/5.4.0/avr5\libgcc.a(_udivmodhi4.o)
 .text.libgcc.mul
                0x00000000        0x0 c:/program files (x86)/atmel/studio/7.0/toolchain/avr8/avr8-gnu-toolchain/bin/../lib/gcc/avr/5.4.0/avr5\libgcc.a(_udivmodhi4.o)
 .text.libgcc.div
                0x00000000       0x28 c:/program files (x86)/atmel/studio/7.0/toolchain/avr8/avr8-gnu-toolchain/bin/../lib/gcc/avr/5.4.0/avr5\libgcc.a(_udivmodhi4.o)
 .text.libgcc   0x00000000        0x0 c:/program files (x86)/atmel/studio/7.0/toolchain/avr8/avr8-gnu-toolchain/bin/../lib/gcc/avr/5.4.0/avr5\libgcc.a(_udivmodhi4.o)
 .text.libgcc.prologue
                0x00000000        0x0 c:/program files (x86)/atmel/studio/7.0/toolchain/avr8/avr8-gnu-toolchain/bin/../lib/gcc/avr/5.4.0/avr5\libgcc.a(_udivmodhi4.o)
 .text.libgcc.builtins
                0x00000000        0x0 c:/program files (x86)/atmel/studio/7.0/toolchain/avr8/avr8-gnu-toolchain/bin/../lib/gcc/avr/5.4.0/avr5\libgcc.a(_udivmodhi4.o)
 .text.libgcc.fmul
                0x00000000        0x0 c:/program files (x86)/atmel/studio/7.0/toolchain/avr8/avr8-gnu-toolchain/bin/../lib/gcc/avr/5.4.0/avr5\libgcc.a(_udivmodhi4.o)
 .text.libgcc.fixed
                0x00000000        0x0 c:/program files (x86)/atmel/studio/7.0/toolchain/avr8/avr8-gnu-toolchain/bin/../lib/gcc/avr/5.4.0/avr5\libgcc.a(_udivmodhi4.o)
 .text          0x00000000        0x0 c:/program files (x86)/atmel/studio/7.0/toolchain/avr8/avr8-gnu-toolchain/bin/../lib/gcc/avr/5.4.0/../../../../avr/lib/avr5\libc.a(itoa_ncheck.o)
 .data          0x00000000        0x0 c:/program files (x86)/atmel/studio/7.0/toolchain/avr8/avr8-gnu-toolchain/bin/../lib/gcc/avr/5.4.0/../../../../avr/lib/avr5\libc.a(itoa_ncheck.o)
 .bss           0x00000000        0x0 c:/program files (x86)/atmel/studio/7.0/toolchain/avr8/avr8-gnu-toolchain/bin/../lib/gcc/avr/5.4.0/../../../../avr/lib/avr5\libc.a(itoa_ncheck.o)
 .text          0x00000000        0x0 c:/program files (x86)/atmel/studio/7.0/toolchain/avr8/avr8-gnu-toolchain/bin/../lib/gcc/avr/5.4.0/../../../../avr/lib/avr5\libc.a(utoa_ncheck.o)
 .data          0x00000000        0x0 c:/program files (x86)/atmel/studio/7.0/toolchain/avr8/avr8-gnu-toolchain/bin/../lib/gcc/avr/5.4.0/../../../../avr/lib/avr5\libc.a(utoa_ncheck.o)
 .bss           0x00000000        0x0 c:/program files (x86)/atmel/studio/7.0/toolchain/avr8/avr8-gnu-toolchain/bin/../lib/gcc/avr/5.4.0/../../../../avr/lib/avr5\libc.a(utoa_ncheck.o)
 .text          0x00000000        0x0 c:/program files (x86)/atmel/studio/7.0/toolchain/avr8/avr8-gnu-toolchain/bin/../lib/gcc/avr/5.4.0/../../../../avr/lib/avr5\libc.a(strrev.o)
 .data          0x00000000        0x0 c:/program files (x86)/atmel/studio/7.0/toolchain/avr8/avr8-gnu-toolchain/bin/../lib/gcc/avr/5.4.0/../../../../avr/lib/avr5\libc.a(strrev.o)
 .bss           0x00000000        0x0 c:/program files (x86)/atmel/studio/7.0/toolchain/avr8/avr8-gnu-toolchain/bin/../lib/gcc/avr/5.4.0/../../../../avr/lib/avr5\libc.a(strrev.o)

Memory Configuration

Name             Origin             Length             Attributes
text             0x00000000         0x00008000         xr
data             0x00800060         0x00000800         rw !x
eeprom           0x00810000         0x00000400         rw !x
fuse             0x00820000         0x00000002         rw !x
lock             0x00830000         0x00000400         rw !x
signature        0x00840000         0x00000400         rw !x
user_signatures  0x00850000         0x00000400         rw !x
*default*        0x00000000         0xffffffff

Linker script and memory map

LOAD C:/Program Files (x86)/Atmel/Studio/7.0/Packs/atmel/ATmega_DFP/1.7.374/gcc/dev/atmega32/avr5/crtatmega32.o
LOAD APPLICATION/app/app.o
LOAD APPLICATION/car_module/car_operations.o
LOAD ECUAL/keypad/keypad_config.o
LOAD ECUAL/keypad/keypad_program.o
LOAD ECUAL/push_button/pb_config.o
LOAD ECUAL/push_button/PB_prog.o
LOAD ECUAL/ultrasonic/ultrasonic_prog.o
LOAD lcd_test/dio_prog.o
LOAD lcd_test/lcd_config.o
LOAD lcd_test/lcd_program.o
LOAD main.o
LOAD MCAL/dio/Dio.o
LOAD MCAL/exti/EXT_INTERRUPT_Config.o
LOAD MCAL/exti/EXT_INTERRUPT_Prog.o
LOAD MCAL/icu/ICU.o
LOAD MCAL/icu/ICU_cfg.o
LOAD MCAL/mcu_cfg/MCU_Prog.o
LOAD MCAL/pwm/pwm_config.o
LOAD MCAL/pwm/pwm_program.o
LOAD MCAL/timer/timer.o
LOAD MCAL/timer/timer_config.o
START GROUP
LOAD c:/program files (x86)/atmel/studio/7.0/toolchain/avr8/avr8-gnu-toolchain/bin/../lib/gcc/avr/5.4.0/../../../../avr/lib/avr5\libm.a
END GROUP
START GROUP
LOAD c:/program files (x86)/atmel/studio/7.0/toolchain/avr8/avr8-gnu-toolchain/bin/../lib/gcc/avr/5.4.0/avr5\libgcc.a
LOAD c:/program files (x86)/atmel/studio/7.0/toolchain/avr8/avr8-gnu-toolchain/bin/../lib/gcc/avr/5.4.0/../../../../avr/lib/avr5\libm.a
LOAD c:/program files (x86)/atmel/studio/7.0/toolchain/avr8/avr8-gnu-toolchain/bin/../lib/gcc/avr/5.4.0/../../../../avr/lib/avr5\libc.a
LOAD C:/Program Files (x86)/Atmel/Studio/7.0/Packs/atmel/ATmega_DFP/1.7.374/gcc/dev/atmega32/avr5\libatmega32.a
END GROUP
                0x00000000                __TEXT_REGION_ORIGIN__ = DEFINED (__TEXT_REGION_ORIGIN__)?__TEXT_REGION_ORIGIN__:0x0
                [0x00800060]                __DATA_REGION_ORIGIN__ = DEFINED (__DATA_REGION_ORIGIN__)?__DATA_REGION_ORIGIN__:0x800060
                [0x00008000]                __TEXT_REGION_LENGTH__ = DEFINED (__TEXT_REGION_LENGTH__)?__TEXT_REGION_LENGTH__:0x20000
                [0x00000800]                __DATA_REGION_LENGTH__ = DEFINED (__DATA_REGION_LENGTH__)?__DATA_REGION_LENGTH__:0xffa0
                [0x00000400]                __EEPROM_REGION_LENGTH__ = DEFINED (__EEPROM_REGION_LENGTH__)?__EEPROM_REGION_LENGTH__:0x10000
                [0x00000002]                __FUSE_REGION_LENGTH__ = DEFINED (__FUSE_REGION_LENGTH__)?__FUSE_REGION_LENGTH__:0x400
                0x00000400                __LOCK_REGION_LENGTH__ = DEFINED (__LOCK_REGION_LENGTH__)?__LOCK_REGION_LENGTH__:0x400
                0x00000400                __SIGNATURE_REGION_LENGTH__ = DEFINED (__SIGNATURE_REGION_LENGTH__)?__SIGNATURE_REGION_LENGTH__:0x400
                0x00000400                __USER_SIGNATURE_REGION_LENGTH__ = DEFINED (__USER_SIGNATURE_REGION_LENGTH__)?__USER_SIGNATURE_REGION_LENGTH__:0x400

.hash
 *(.hash)

.dynsym
 *(.dynsym)

.dynstr
 *(.dynstr)

.gnu.version
 *(.gnu.version)

.gnu.version_d
 *(.gnu.version_d)

.gnu.version_r
 *(.gnu.version_r)

.rel.init
 *(.rel.init)

.rela.init
 *(.rela.init)

.rel.text
 *(.rel.text)
 *(.rel.text.*)
 *(.rel.gnu.linkonce.t*)

.rela.text
 *(.rela.text)
 *(.rela.text.*)
 *(.rela.gnu.linkonce.t*)

.rel.fini
 *(.rel.fini)

.rela.fini
 *(.rela.fini)

.rel.rodata
 *(.rel.rodata)
 *(.rel.rodata.*)
 *(.rel.gnu.linkonce.r*)

.rela.rodata
 *(.rela.rodata)
 *(.rela.rodata.*)
 *(.rela.gnu.linkonce.r*)

.rel.data
 *(.rel.data)
 *(.rel.data.*)
 *(.rel.gnu.linkonce.d*)

.rela.data
 *(.rela.data)
 *(.rela.data.*)
 *(.rela.gnu.linkonce.d*)

.rel.ctors
 *(.rel.ctors)

.rela.ctors
 *(.rela.ctors)

.rel.dtors
 *(.rel.dtors)

.rela.dtors
 *(.rela.dtors)

.rel.got
 *(.rel.got)

.rela.got
 *(.rela.got)

.rel.bss
 *(.rel.bss)

.rela.bss
 *(.rela.bss)

.rel.plt
 *(.rel.plt)

.rela.plt
 *(.rela.plt)

.text           0x00000000     0x1e00
 *(.vectors)
 .vectors       0x00000000       0x54 C:/Program Files (x86)/Atmel/Studio/7.0/Packs/atmel/ATmega_DFP/1.7.374/gcc/dev/atmega32/avr5/crtatmega32.o
                0x00000000                __vector_default
                0x00000000                __vectors
 *(.vectors)
 *(.progmem.gcc*)
                0x00000054                . = ALIGN (0x2)
                0x00000054                __trampolines_start = .
 *(.trampolines)
 .trampolines   0x00000054        0x0 linker stubs
 *(.trampolines*)
                0x00000054                __trampolines_end = .
 *libprintf_flt.a:*(.progmem.data)
 *libc.a:*(.progmem.data)
 *(.progmem*)
                0x00000054                . = ALIGN (0x2)
 *(.jumptables)
 *(.jumptables*)
 *(.lowtext)
 *(.lowtext*)
                0x00000054                __ctors_start = .
 *(.ctors)
                0x00000054                __ctors_end = .
                0x00000054                __dtors_start = .
 *(.dtors)
                0x00000054                __dtors_end = .
 SORT(*)(.ctors)
 SORT(*)(.dtors)
 *(.init0)
 .init0         0x00000054        0x0 C:/Program Files (x86)/Atmel/Studio/7.0/Packs/atmel/ATmega_DFP/1.7.374/gcc/dev/atmega32/avr5/crtatmega32.o
                0x00000054                __init
 *(.init0)
 *(.init1)
 *(.init1)
 *(.init2)
 .init2         0x00000054        0xc C:/Program Files (x86)/Atmel/Studio/7.0/Packs/atmel/ATmega_DFP/1.7.374/gcc/dev/atmega32/avr5/crtatmega32.o
 *(.init2)
 *(.init3)
 *(.init3)
 *(.init4)
 .init4         0x00000060       0x16 c:/program files (x86)/atmel/studio/7.0/toolchain/avr8/avr8-gnu-toolchain/bin/../lib/gcc/avr/5.4.0/avr5\libgcc.a(_copy_data.o)
                0x00000060                __do_copy_data
 .init4         0x00000076       0x10 c:/program files (x86)/atmel/studio/7.0/toolchain/avr8/avr8-gnu-toolchain/bin/../lib/gcc/avr/5.4.0/avr5\libgcc.a(_clear_bss.o)
                0x00000076                __do_clear_bss
 *(.init4)
 *(.init5)
 *(.init5)
 *(.init6)
 *(.init6)
 *(.init7)
 *(.init7)
 *(.init8)
 *(.init8)
 *(.init9)
 .init9         0x00000086        0x8 C:/Program Files (x86)/Atmel/Studio/7.0/Packs/atmel/ATmega_DFP/1.7.374/gcc/dev/atmega32/avr5/crtatmega32.o
 *(.init9)
 *(.text)
 .text          0x0000008e        0x4 C:/Program Files (x86)/Atmel/Studio/7.0/Packs/atmel/ATmega_DFP/1.7.374/gcc/dev/atmega32/avr5/crtatmega32.o
                0x0000008e                __vector_12
                0x0000008e                __bad_interrupt
                0x0000008e                __vector_6
                0x0000008e                __vector_3
                0x0000008e                __vector_13
                0x0000008e                __vector_17
                0x0000008e                __vector_19
                0x0000008e                __vector_7
                0x0000008e                __vector_4
                0x0000008e                __vector_2
                0x0000008e                __vector_15
                0x0000008e                __vector_8
                0x0000008e                __vector_14
                0x0000008e                __vector_10
                0x0000008e                __vector_16
                0x0000008e                __vector_18
                0x0000008e                __vector_20
                0x00000092                . = ALIGN (0x2)
 *(.text.*)
 .text.app_init
                0x00000092       0x14 APPLICATION/app/app.o
                0x00000092                app_init
 .text.app_main
                0x000000a6      0x134 APPLICATION/app/app.o
                0x000000a6                app_main
 .text.setDefaultRotation
                0x000001da       0xb6 APPLICATION/car_module/car_operations.o
                0x000001da                setDefaultRotation
 .text.obstcaleMoreThan70
                0x00000290       0xa8 APPLICATION/car_module/car_operations.o
                0x00000290                obstcaleMoreThan70
 .text.PUSH_BTN_intialize
                0x00000338        0x6 ECUAL/push_button/PB_prog.o
                0x00000338                PUSH_BTN_intialize
 .text.PUSH_BTN_read_state
                0x0000033e       0x82 ECUAL/push_button/PB_prog.o
                0x0000033e                PUSH_BTN_read_state
 .text.ultrasonic_vInit
                0x000003c0       0x16 ECUAL/ultrasonic/ultrasonic_prog.o
                0x000003c0                ultrasonic_vInit
 .text.ultrasonic_vGetDistance
                0x000003d6       0x7c ECUAL/ultrasonic/ultrasonic_prog.o
                0x000003d6                ultrasonic_vGetDistance
 .text.DIO_s8SETPinDir
                0x00000452       0x80 lcd_test/dio_prog.o
                0x00000452                DIO_s8SETPinDir
 .text.DIO_s8SETPinVal
                0x000004d2       0x80 lcd_test/dio_prog.o
                0x000004d2                DIO_s8SETPinVal
 .text.HLCD_vidWritecmd
                0x00000552       0xc8 lcd_test/lcd_program.o
                0x00000552                HLCD_vidWritecmd
 .text.HLCD_vidInit
                0x0000061a       0x9e lcd_test/lcd_program.o
                0x0000061a                HLCD_vidInit
 .text.HLCD_vidWriteChar
                0x000006b8       0xc8 lcd_test/lcd_program.o
                0x000006b8                HLCD_vidWriteChar
 .text.HLCD_ClrDisplay
                0x00000780       0x26 lcd_test/lcd_program.o
                0x00000780                HLCD_ClrDisplay
 .text.HLCD_gotoXY
                0x000007a6       0x28 lcd_test/lcd_program.o
                0x000007a6                HLCD_gotoXY
 .text.HLCD_WriteString
                0x000007ce       0x30 lcd_test/lcd_program.o
                0x000007ce                HLCD_WriteString
 .text.HLCD_WriteInt
                0x000007fe       0x3a lcd_test/lcd_program.o
                0x000007fe                HLCD_WriteInt
 .text.main     0x00000838        0xa main.o
                0x00000838                main
 .text.DIO_Init
                0x00000842      0x54a MCAL/dio/Dio.o
                0x00000842                DIO_Init
 .text.DIO_WritePin
                0x00000d8c       0xe2 MCAL/dio/Dio.o
                0x00000d8c                DIO_WritePin
 .text.DIO_read
                0x00000e6e       0x68 MCAL/dio/Dio.o
                0x00000e6e                DIO_read
 .text.DIO_Initpin
                0x00000ed6      0x2da MCAL/dio/Dio.o
                0x00000ed6                DIO_Initpin
 .text.ICU_getValue
                0x000011b0       0x10 MCAL/icu/ICU.o
                0x000011b0                ICU_getValue
 .text.EXI_enablePIE
                0x000011c0      0x108 MCAL/icu/ICU.o
                0x000011c0                EXI_enablePIE
 .text.TIMER_tmr1NormalModeInit
                0x000012c8       0x6a MCAL/icu/ICU.o
                0x000012c8                TIMER_tmr1NormalModeInit
 .text.TIMER_tmr1Start
                0x00001332       0x96 MCAL/icu/ICU.o
                0x00001332                TIMER_tmr1Start
 .text.TIMER_tmr1Stop
                0x000013c8       0x14 MCAL/icu/ICU.o
                0x000013c8                TIMER_tmr1Stop
 .text.ICU_RisingEdgeCapture
                0x000013dc       0x2c MCAL/icu/ICU.o
                0x000013dc                ICU_RisingEdgeCapture
 .text.__vector_1
                0x00001408       0xa6 MCAL/icu/ICU.o
                0x00001408                __vector_1
 .text.__vector_9
                0x000014ae       0x2e MCAL/icu/ICU.o
                0x000014ae                __vector_9
 .text.MCU_vEnableInterrupt
                0x000014dc        0x8 MCAL/mcu_cfg/MCU_Prog.o
                0x000014dc                MCU_vEnableInterrupt
 .text.TIMER0_PWM_ExecutedFunction
                0x000014e4       0x7e MCAL/pwm/pwm_program.o
 .text.__vector_11
                0x00001562       0x48 MCAL/pwm/pwm_program.o
                0x00001562                __vector_11
 .text.TIMER_TMR2NormalModeInit
                0x000015aa       0x3a MCAL/timer/timer.o
                0x000015aa                TIMER_TMR2NormalModeInit
 .text.TIMER_TMR2Start
                0x000015e4       0xce MCAL/timer/timer.o
                0x000015e4                TIMER_TMR2Start
 .text.TMR_intDelay_ms
                0x000016b2      0x138 MCAL/timer/timer.o
                0x000016b2                TMR_intDelay_ms
 .text.TMR_TMR2Stop
                0x000017ea       0x14 MCAL/timer/timer.o
                0x000017ea                TMR_TMR2Stop
 .text.__vector_5
                0x000017fe       0x76 MCAL/timer/timer.o
                0x000017fe                __vector_5
 .text.avr-libc.fplib
                0x00001874        0xe c:/program files (x86)/atmel/studio/7.0/toolchain/avr8/avr8-gnu-toolchain/bin/../lib/gcc/avr/5.4.0/../../../../avr/lib/avr5\libm.a(addsf3.o)
                0x00001874                __subsf3
                0x00001876                __addsf3
 .text.avr-libc.fplib
                0x00001882       0xcc c:/program files (x86)/atmel/studio/7.0/toolchain/avr8/avr8-gnu-toolchain/bin/../lib/gcc/avr/5.4.0/../../../../avr/lib/avr5\libm.a(addsf3x.o)
                0x000018a4                __addsf3x
 .text.avr-libc.fplib
                0x0000194e       0x2e c:/program files (x86)/atmel/studio/7.0/toolchain/avr8/avr8-gnu-toolchain/bin/../lib/gcc/avr/5.4.0/../../../../avr/lib/avr5\libm.a(ceil.o)
                0x0000194e                ceil
 .text.avr-libc.fplib
                0x0000197c        0xa c:/program files (x86)/atmel/studio/7.0/toolchain/avr8/avr8-gnu-toolchain/bin/../lib/gcc/avr/5.4.0/../../../../avr/lib/avr5\libm.a(cmpsf2.o)
                0x0000197c                __nesf2
                0x0000197c                __eqsf2
                0x0000197c                __cmpsf2
                0x0000197c                __ltsf2
                0x0000197c                __lesf2
 .text.avr-libc.fplib
                0x00001986        0x8 c:/program files (x86)/atmel/studio/7.0/toolchain/avr8/avr8-gnu-toolchain/bin/../lib/gcc/avr/5.4.0/../../../../avr/lib/avr5\libm.a(divsf3.o)
                0x00001986                __divsf3
 .text.avr-libc.fplib
                0x0000198e       0xdc c:/program files (x86)/atmel/studio/7.0/toolchain/avr8/avr8-gnu-toolchain/bin/../lib/gcc/avr/5.4.0/../../../../avr/lib/avr5\libm.a(divsf3x.o)
                0x000019ae                __divsf3x
                0x000019b4                __divsf3_pse
 .text.avr-libc.fplib
                0x00001a6a       0x5e c:/program files (x86)/atmel/studio/7.0/toolchain/avr8/avr8-gnu-toolchain/bin/../lib/gcc/avr/5.4.0/../../../../avr/lib/avr5\libm.a(fixunssfsi.o)
                0x00001a6a                __fixunssfsi
 .text.avr-libc.fplib
                0x00001ac8       0x7a c:/program files (x86)/atmel/studio/7.0/toolchain/avr8/avr8-gnu-toolchain/bin/../lib/gcc/avr/5.4.0/../../../../avr/lib/avr5\libm.a(floatsisf.o)
                0x00001ac8                __floatunsisf
                0x00001acc                __floatsisf
 .text.avr-libc.fplib
                0x00001b42       0x48 c:/program files (x86)/atmel/studio/7.0/toolchain/avr8/avr8-gnu-toolchain/bin/../lib/gcc/avr/5.4.0/../../../../avr/lib/avr5\libm.a(fp_cmp.o)
                0x00001b42                __fp_cmp
 .text.avr-libc.fplib
                0x00001b8a        0xc c:/program files (x86)/atmel/studio/7.0/toolchain/avr8/avr8-gnu-toolchain/bin/../lib/gcc/avr/5.4.0/../../../../avr/lib/avr5\libm.a(fp_inf.o)
                0x00001b8a                __fp_inf
 .text.avr-libc.fplib
                0x00001b96       0x36 c:/program files (x86)/atmel/studio/7.0/toolchain/avr8/avr8-gnu-toolchain/bin/../lib/gcc/avr/5.4.0/../../../../avr/lib/avr5\libm.a(fp_mintl.o)
                0x00001b96                __fp_mintl
 .text.avr-libc.fplib
                0x00001bcc       0x1c c:/program files (x86)/atmel/studio/7.0/toolchain/avr8/avr8-gnu-toolchain/bin/../lib/gcc/avr/5.4.0/../../../../avr/lib/avr5\libm.a(fp_mpack.o)
                0x00001bcc                __fp_mpack
                0x00001bd0                __fp_mpack_finite
 .text.avr-libc.fplib
                0x00001be8        0x6 c:/program files (x86)/atmel/studio/7.0/toolchain/avr8/avr8-gnu-toolchain/bin/../lib/gcc/avr/5.4.0/../../../../avr/lib/avr5\libm.a(fp_nan.o)
                0x00001be8                __fp_nan
 .text.avr-libc.fplib
                0x00001bee        0xe c:/program files (x86)/atmel/studio/7.0/toolchain/avr8/avr8-gnu-toolchain/bin/../lib/gcc/avr/5.4.0/../../../../avr/lib/avr5\libm.a(fp_pscA.o)
                0x00001bee                __fp_pscA
 .text.avr-libc.fplib
                0x00001bfc        0xe c:/program files (x86)/atmel/studio/7.0/toolchain/avr8/avr8-gnu-toolchain/bin/../lib/gcc/avr/5.4.0/../../../../avr/lib/avr5\libm.a(fp_pscB.o)
                0x00001bfc                __fp_pscB
 .text.avr-libc.fplib
                0x00001c0a       0x22 c:/program files (x86)/atmel/studio/7.0/toolchain/avr8/avr8-gnu-toolchain/bin/../lib/gcc/avr/5.4.0/../../../../avr/lib/avr5\libm.a(fp_round.o)
                0x00001c0a                __fp_round
 .text.avr-libc.fplib
                0x00001c2c       0x44 c:/program files (x86)/atmel/studio/7.0/toolchain/avr8/avr8-gnu-toolchain/bin/../lib/gcc/avr/5.4.0/../../../../avr/lib/avr5\libm.a(fp_split3.o)
                0x00001c2c                __fp_split3
                0x00001c3c                __fp_splitA
 .text.avr-libc.fplib
                0x00001c70       0x30 c:/program files (x86)/atmel/studio/7.0/toolchain/avr8/avr8-gnu-toolchain/bin/../lib/gcc/avr/5.4.0/../../../../avr/lib/avr5\libm.a(fp_trunc.o)
                0x00001c70                __fp_trunc
 .text.avr-libc.fplib
                0x00001ca0        0xe c:/program files (x86)/atmel/studio/7.0/toolchain/avr8/avr8-gnu-toolchain/bin/../lib/gcc/avr/5.4.0/../../../../avr/lib/avr5\libm.a(fp_zero.o)
                0x00001ca0                __fp_zero
                0x00001ca2                __fp_szero
 .text.avr-libc.fplib
                0x00001cae        0xa c:/program files (x86)/atmel/studio/7.0/toolchain/avr8/avr8-gnu-toolchain/bin/../lib/gcc/avr/5.4.0/../../../../avr/lib/avr5\libm.a(gesf2.o)
                0x00001cae                __gesf2
                0x00001cae                __gtsf2
 .text.avr-libc.fplib
                0x00001cb8        0x8 c:/program files (x86)/atmel/studio/7.0/toolchain/avr8/avr8-gnu-toolchain/bin/../lib/gcc/avr/5.4.0/../../../../avr/lib/avr5\libm.a(mulsf3.o)
                0x00001cb8                __mulsf3
 .text.avr-libc.fplib
                0x00001cc0       0xd2 c:/program files (x86)/atmel/studio/7.0/toolchain/avr8/avr8-gnu-toolchain/bin/../lib/gcc/avr/5.4.0/../../../../avr/lib/avr5\libm.a(mulsf3x.o)
                0x00001cde                __mulsf3x
                0x00001ce4                __mulsf3_pse
 .text.avr-libc
                0x00001d92       0x16 c:/program files (x86)/atmel/studio/7.0/toolchain/avr8/avr8-gnu-toolchain/bin/../lib/gcc/avr/5.4.0/../../../../avr/lib/avr5\libc.a(itoa_ncheck.o)
                0x00001d92                __itoa_ncheck
 .text.avr-libc
                0x00001da8       0x34 c:/program files (x86)/atmel/studio/7.0/toolchain/avr8/avr8-gnu-toolchain/bin/../lib/gcc/avr/5.4.0/../../../../avr/lib/avr5\libc.a(utoa_ncheck.o)
                0x00001da8                __utoa_ncheck
                0x00001daa                __utoa_common
 .text.avr-libc
                0x00001ddc       0x20 c:/program files (x86)/atmel/studio/7.0/toolchain/avr8/avr8-gnu-toolchain/bin/../lib/gcc/avr/5.4.0/../../../../avr/lib/avr5\libc.a(strrev.o)
                0x00001ddc                strrev
                0x00001dfc                . = ALIGN (0x2)
 *(.fini9)
 .fini9         0x00001dfc        0x0 c:/program files (x86)/atmel/studio/7.0/toolchain/avr8/avr8-gnu-toolchain/bin/../lib/gcc/avr/5.4.0/avr5\libgcc.a(_exit.o)
                0x00001dfc                _exit
                0x00001dfc                exit
 *(.fini9)
 *(.fini8)
 *(.fini8)
 *(.fini7)
 *(.fini7)
 *(.fini6)
 *(.fini6)
 *(.fini5)
 *(.fini5)
 *(.fini4)
 *(.fini4)
 *(.fini3)
 *(.fini3)
 *(.fini2)
 *(.fini2)
 *(.fini1)
 *(.fini1)
 *(.fini0)
 .fini0         0x00001dfc        0x4 c:/program files (x86)/atmel/studio/7.0/toolchain/avr8/avr8-gnu-toolchain/bin/../lib/gcc/avr/5.4.0/avr5\libgcc.a(_exit.o)
 *(.fini0)
                0x00001e00                _etext = .

.data           0x00800060       0x90 load address 0x00001e00
                0x00800060                PROVIDE (__data_start, .)
 *(.data)
 *(.data*)
 .data.rotation
                0x00800060        0x1 APPLICATION/car_module/car_operations.o
                0x00800060                rotation
 .data.ultra    0x00800061        0xa ECUAL/ultrasonic/ultrasonic_prog.o
 .data.ddrReg   0x0080006b        0x8 lcd_test/dio_prog.o
                0x0080006b                ddrReg
 .data.portReg  0x00800073        0x8 lcd_test/dio_prog.o
                0x00800073                portReg
 .data.dataPin  0x0080007b        0x4 lcd_test/lcd_config.o
                0x0080007b                dataPin
 .data.DIO_ConfigArray
                0x0080007f        0xa MCAL/dio/Dio.o
                0x0080007f                DIO_ConfigArray
 .data.ST_g_softwareICU
                0x00800089        0x4 MCAL/icu/ICU_cfg.o
                0x00800089                ST_g_softwareICU
 *(.gnu.linkonce.d*)
 *(.rodata)
 *(.rodata*)
 .rodata.str1.1
                0x0080008d       0x11 APPLICATION/app/app.o
 .rodata.str1.1
                0x0080009e       0x40 APPLICATION/car_module/car_operations.o
 .rodata.A_pbConfig
                0x008000de        0x7 ECUAL/push_button/pb_config.o
                0x008000de                A_pbConfig
 .rodata.st_pwm_configs
                0x008000e5        0xa MCAL/pwm/pwm_config.o
                0x008000e5                st_pwm_configs
 *(.gnu.linkonce.r*)
                0x008000f0                . = ALIGN (0x2)
 *fill*         0x008000ef        0x1 
                0x008000f0                _edata = .
                0x008000f0                PROVIDE (__data_end, .)

.bss            0x008000f0       0x1e
                0x008000f0                PROVIDE (__bss_start, .)
 *(.bss)
 *(.bss*)
 .bss.moreThan70Flag
                0x008000f0        0x1 APPLICATION/car_module/car_operations.o
                0x008000f0                moreThan70Flag
 .bss.obstcaleDistance
                0x008000f1        0x4 APPLICATION/car_module/car_operations.o
                0x008000f1                obstcaleDistance
 .bss.rotationBtnState
                0x008000f5        0x1 APPLICATION/car_module/car_operations.o
                0x008000f5                rotationBtnState
 .bss.rotationFlag
                0x008000f6        0x1 APPLICATION/car_module/car_operations.o
                0x008000f6                rotationFlag
 .bss.state     0x008000f7        0x1 APPLICATION/car_module/car_operations.o
                0x008000f7                state
 .bss.ICU_g_Count
                0x008000f8        0x2 MCAL/icu/ICU.o
                0x008000f8                ICU_g_Count
 .bss.ICU_g_flag
                0x008000fa        0x1 MCAL/icu/ICU.o
                0x008000fa                ICU_g_flag
 .bss.ICU_g_ValueFalling
                0x008000fb        0x2 MCAL/icu/ICU.o
                0x008000fb                ICU_g_ValueFalling
 .bss.ICU_g_ValueRising
                0x008000fd        0x2 MCAL/icu/ICU.o
                0x008000fd                ICU_g_ValueRising
 .bss.u32_g_timer1Overflow
                0x008000ff        0x2 MCAL/icu/ICU.o
                0x008000ff                u32_g_timer1Overflow
 .bss.TIMER_g_timer1RegValue
                0x00800101        0x2 MCAL/icu/ICU.o
                0x00800101                TIMER_g_timer1RegValue
 .bss.u8_g_on_off_state
                0x00800103        0x1 MCAL/pwm/pwm_program.o
                0x00800103                u8_g_on_off_state
 .bss.u8_g_OffTime
                0x00800104        0x1 MCAL/pwm/pwm_program.o
                0x00800104                u8_g_OffTime
 .bss.u8_g_OnTime
                0x00800105        0x1 MCAL/pwm/pwm_program.o
                0x00800105                u8_g_OnTime
 .bss.u16_g_tcnt2InitialVal
                0x00800106        0x2 MCAL/timer/timer.o
                0x00800106                u16_g_tcnt2InitialVal
 .bss.u16_g_overflow2Numbers
                0x00800108        0x2 MCAL/timer/timer.o
                0x00800108                u16_g_overflow2Numbers
 .bss.u16_g_overflow2Ticks
                0x0080010a        0x2 MCAL/timer/timer.o
                0x0080010a                u16_g_overflow2Ticks
 .bss.u8_g_timeOut
                0x0080010c        0x1 MCAL/timer/timer.o
                0x0080010c                u8_g_timeOut
 *(COMMON)
 COMMON         0x0080010d        0x1 MCAL/icu/ICU.o
                0x0080010d                ICU_g_edgeFlag
                0x0080010e                PROVIDE (__bss_end, .)
                0x00001e00                __data_load_start = LOADADDR (.data)
                0x00001e90                __data_load_end = (__data_load_start + SIZEOF (.data))

.noinit         0x0080010e        0x0
                [!provide]                PROVIDE (__noinit_start, .)
 *(.noinit*)
                [!provide]                PROVIDE (__noinit_end, .)
                0x0080010e                _end = .
                [!provide]                PROVIDE (__heap_start, .)

.eeprom         0x00810000        0x0
 *(.eeprom*)
                0x00810000                __eeprom_end = .

.fuse
 *(.fuse)
 *(.lfuse)
 *(.hfuse)
 *(.efuse)

.lock
 *(.lock*)

.signature
 *(.signature*)

.user_signatures
 *(.user_signatures*)

.stab
 *(.stab)

.stabstr
 *(.stabstr)

.stab.excl
 *(.stab.excl)

.stab.exclstr
 *(.stab.exclstr)

.stab.index
 *(.stab.index)

.stab.indexstr
 *(.stab.indexstr)

.comment        0x00000000       0x30
 *(.comment)
 .comment       0x00000000       0x30 APPLICATION/app/app.o
                                 0x31 (size before relaxing)
 .comment       0x00000030       0x31 APPLICATION/car_module/car_operations.o
 .comment       0x00000030       0x31 ECUAL/push_button/pb_config.o
 .comment       0x00000030       0x31 ECUAL/push_button/PB_prog.o
 .comment       0x00000030       0x31 ECUAL/ultrasonic/ultrasonic_prog.o
 .comment       0x00000030       0x31 lcd_test/dio_prog.o
 .comment       0x00000030       0x31 lcd_test/lcd_config.o
 .comment       0x00000030       0x31 lcd_test/lcd_program.o
 .comment       0x00000030       0x31 main.o
 .comment       0x00000030       0x31 MCAL/dio/Dio.o
 .comment       0x00000030       0x31 MCAL/icu/ICU.o
 .comment       0x00000030       0x31 MCAL/icu/ICU_cfg.o
 .comment       0x00000030       0x31 MCAL/mcu_cfg/MCU_Prog.o
 .comment       0x00000030       0x31 MCAL/pwm/pwm_config.o
 .comment       0x00000030       0x31 MCAL/pwm/pwm_program.o
 .comment       0x00000030       0x31 MCAL/timer/timer.o

.note.gnu.avr.deviceinfo
                0x00000000       0x3c
 .note.gnu.avr.deviceinfo
                0x00000000       0x3c C:/Program Files (x86)/Atmel/Studio/7.0/Packs/atmel/ATmega_DFP/1.7.374/gcc/dev/atmega32/avr5/crtatmega32.o

.note.gnu.build-id
 *(.note.gnu.build-id)

.debug
 *(.debug)

.line
 *(.line)

.debug_srcinfo
 *(.debug_srcinfo)

.debug_sfnames
 *(.debug_sfnames)

.debug_aranges  0x00000000      0x368
 *(.debug_aranges)
 .debug_aranges
                0x00000000       0x28 APPLICATION/app/app.o
 .debug_aranges
                0x00000028       0x28 APPLICATION/car_module/car_operations.o
 .debug_aranges
                0x00000050       0x18 ECUAL/push_button/pb_config.o
 .debug_aranges
                0x00000068       0x28 ECUAL/push_button/PB_prog.o
 .debug_aranges
                0x00000090       0x28 ECUAL/ultrasonic/ultrasonic_prog.o
 .debug_aranges
                0x000000b8       0x50 lcd_test/dio_prog.o
 .debug_aranges
                0x00000108       0x18 lcd_test/lcd_config.o
 .debug_aranges
                0x00000120       0x70 lcd_test/lcd_program.o
 .debug_aranges
                0x00000190       0x20 main.o
 .debug_aranges
                0x000001b0       0x40 MCAL/dio/Dio.o
 .debug_aranges
                0x000001f0       0x60 MCAL/icu/ICU.o
 .debug_aranges
                0x00000250       0x18 MCAL/icu/ICU_cfg.o
 .debug_aranges
                0x00000268       0x20 MCAL/mcu_cfg/MCU_Prog.o
 .debug_aranges
                0x00000288       0x18 MCAL/pwm/pwm_config.o
 .debug_aranges
                0x000002a0       0x58 MCAL/pwm/pwm_program.o
 .debug_aranges
                0x000002f8       0x70 MCAL/timer/timer.o

.debug_pubnames
 *(.debug_pubnames)

.debug_info     0x00000000     0x3db5
 *(.debug_info .gnu.linkonce.wi.*)
 .debug_info    0x00000000      0x4e6 C:/Program Files (x86)/Atmel/Studio/7.0/Packs/atmel/ATmega_DFP/1.7.374/gcc/dev/atmega32/avr5/crtatmega32.o
 .debug_info    0x000004e6      0x25b APPLICATION/app/app.o
 .debug_info    0x00000741      0x526 APPLICATION/car_module/car_operations.o
 .debug_info    0x00000c67      0x262 ECUAL/push_button/pb_config.o
 .debug_info    0x00000ec9      0x323 ECUAL/push_button/PB_prog.o
 .debug_info    0x000011ec      0x3e2 ECUAL/ultrasonic/ultrasonic_prog.o
 .debug_info    0x000015ce      0x4c7 lcd_test/dio_prog.o
 .debug_info    0x00001a95      0x1c1 lcd_test/lcd_config.o
 .debug_info    0x00001c56      0xd9d lcd_test/lcd_program.o
 .debug_info    0x000029f3       0xbf main.o
 .debug_info    0x00002ab2      0x30b MCAL/dio/Dio.o
 .debug_info    0x00002dbd      0x425 MCAL/icu/ICU.o
 .debug_info    0x000031e2      0x118 MCAL/icu/ICU_cfg.o
 .debug_info    0x000032fa       0x98 MCAL/mcu_cfg/MCU_Prog.o
 .debug_info    0x00003392      0x202 MCAL/pwm/pwm_config.o
 .debug_info    0x00003594      0x403 MCAL/pwm/pwm_program.o
 .debug_info    0x00003997      0x41e MCAL/timer/timer.o

.debug_abbrev   0x00000000     0x15cf
 *(.debug_abbrev)
 .debug_abbrev  0x00000000      0x4a3 C:/Program Files (x86)/Atmel/Studio/7.0/Packs/atmel/ATmega_DFP/1.7.374/gcc/dev/atmega32/avr5/crtatmega32.o
 .debug_abbrev  0x000004a3       0xc8 APPLICATION/app/app.o
 .debug_abbrev  0x0000056b       0xf5 APPLICATION/car_module/car_operations.o
 .debug_abbrev  0x00000660       0x91 ECUAL/push_button/pb_config.o
 .debug_abbrev  0x000006f1      0x124 ECUAL/push_button/PB_prog.o
 .debug_abbrev  0x00000815      0x191 ECUAL/ultrasonic/ultrasonic_prog.o
 .debug_abbrev  0x000009a6       0xd6 lcd_test/dio_prog.o
 .debug_abbrev  0x00000a7c       0x8a lcd_test/lcd_config.o
 .debug_abbrev  0x00000b06      0x30d lcd_test/lcd_program.o
 .debug_abbrev  0x00000e13       0x66 main.o
 .debug_abbrev  0x00000e79       0xef MCAL/dio/Dio.o
 .debug_abbrev  0x00000f68      0x1b8 MCAL/icu/ICU.o
 .debug_abbrev  0x00001120       0x7f MCAL/icu/ICU_cfg.o
 .debug_abbrev  0x0000119f       0x51 MCAL/mcu_cfg/MCU_Prog.o
 .debug_abbrev  0x000011f0       0xa0 MCAL/pwm/pwm_config.o
 .debug_abbrev  0x00001290      0x191 MCAL/pwm/pwm_program.o
 .debug_abbrev  0x00001421      0x1ae MCAL/timer/timer.o

.debug_line     0x00000000     0x2302
 *(.debug_line .debug_line.* .debug_line_end)
 .debug_line    0x00000000      0x116 C:/Program Files (x86)/Atmel/Studio/7.0/Packs/atmel/ATmega_DFP/1.7.374/gcc/dev/atmega32/avr5/crtatmega32.o
 .debug_line    0x00000116      0x2a9 APPLICATION/app/app.o
 .debug_line    0x000003bf      0x29a APPLICATION/car_module/car_operations.o
 .debug_line    0x00000659       0x89 ECUAL/push_button/pb_config.o
 .debug_line    0x000006e2      0x138 ECUAL/push_button/PB_prog.o
 .debug_line    0x0000081a      0x277 ECUAL/ultrasonic/ultrasonic_prog.o
 .debug_line    0x00000a91      0x261 lcd_test/dio_prog.o
 .debug_line    0x00000cf2       0x7e lcd_test/lcd_config.o
 .debug_line    0x00000d70      0x58d lcd_test/lcd_program.o
 .debug_line    0x000012fd       0x68 main.o
 .debug_line    0x00001365      0x2fd MCAL/dio/Dio.o
 .debug_line    0x00001662      0x3fe MCAL/icu/ICU.o
 .debug_line    0x00001a60       0x40 MCAL/icu/ICU_cfg.o
 .debug_line    0x00001aa0       0x7a MCAL/mcu_cfg/MCU_Prog.o
 .debug_line    0x00001b1a       0x71 MCAL/pwm/pwm_config.o
 .debug_line    0x00001b8b      0x232 MCAL/pwm/pwm_program.o
 .debug_line    0x00001dbd      0x545 MCAL/timer/timer.o

.debug_frame    0x00000000      0x6e4
 *(.debug_frame)
 .debug_frame   0x00000000       0x48 APPLICATION/app/app.o
 .debug_frame   0x00000048       0x34 APPLICATION/car_module/car_operations.o
 .debug_frame   0x0000007c       0x58 ECUAL/push_button/PB_prog.o
 .debug_frame   0x000000d4       0x50 ECUAL/ultrasonic/ultrasonic_prog.o
 .debug_frame   0x00000124       0x84 lcd_test/dio_prog.o
 .debug_frame   0x000001a8      0x158 lcd_test/lcd_program.o
 .debug_frame   0x00000300       0x24 main.o
 .debug_frame   0x00000324       0x64 MCAL/dio/Dio.o
 .debug_frame   0x00000388      0x10c MCAL/icu/ICU.o
 .debug_frame   0x00000494       0x24 MCAL/mcu_cfg/MCU_Prog.o
 .debug_frame   0x000004b8       0xf8 MCAL/pwm/pwm_program.o
 .debug_frame   0x000005b0      0x134 MCAL/timer/timer.o

.debug_str      0x00000000     0x143d
 *(.debug_str)
 .debug_str     0x00000000      0x196 C:/Program Files (x86)/Atmel/Studio/7.0/Packs/atmel/ATmega_DFP/1.7.374/gcc/dev/atmega32/avr5/crtatmega32.o
 .debug_str     0x00000196      0x2fb APPLICATION/app/app.o
                                0x33b (size before relaxing)
 .debug_str     0x00000491      0x13e APPLICATION/car_module/car_operations.o
                                0x3eb (size before relaxing)
 .debug_str     0x000005cf      0x20a ECUAL/push_button/pb_config.o
                                0x3ef (size before relaxing)
 .debug_str     0x000007d9       0x56 ECUAL/push_button/PB_prog.o
                                0x454 (size before relaxing)
 .debug_str     0x0000082f      0x101 ECUAL/ultrasonic/ultrasonic_prog.o
                                0x462 (size before relaxing)
 .debug_str     0x00000930      0x2a3 lcd_test/dio_prog.o
                                0x491 (size before relaxing)
 .debug_str     0x00000bd3       0x3f lcd_test/lcd_config.o
                                0x36f (size before relaxing)
 .debug_str     0x00000c12      0x17a lcd_test/lcd_program.o
                                0x5da (size before relaxing)
 .debug_str     0x00000d8c        0xc main.o
                                0x1c5 (size before relaxing)
 .debug_str     0x00000d98       0x38 MCAL/dio/Dio.o
                                0x380 (size before relaxing)
 .debug_str     0x00000dd0      0x2f7 MCAL/icu/ICU.o
                                0x4fc (size before relaxing)
 .debug_str     0x000010c7       0x16 MCAL/icu/ICU_cfg.o
                                0x28f (size before relaxing)
 .debug_str     0x000010dd       0x25 MCAL/mcu_cfg/MCU_Prog.o
                                0x1dc (size before relaxing)
 .debug_str     0x00001102       0x44 MCAL/pwm/pwm_config.o
                                0x34d (size before relaxing)
 .debug_str     0x00001146      0x130 MCAL/pwm/pwm_program.o
                                0x4a3 (size before relaxing)
 .debug_str     0x00001276      0x1c7 MCAL/timer/timer.o
                                0x410 (size before relaxing)

.debug_loc      0x00000000     0x1e97
 *(.debug_loc)
 .debug_loc     0x00000000       0x49 APPLICATION/app/app.o
 .debug_loc     0x00000049       0xd3 ECUAL/push_button/PB_prog.o
 .debug_loc     0x0000011c       0xe0 ECUAL/ultrasonic/ultrasonic_prog.o
 .debug_loc     0x000001fc      0x546 lcd_test/dio_prog.o
 .debug_loc     0x00000742      0xb44 lcd_test/lcd_program.o
 .debug_loc     0x00001286      0x1ef MCAL/dio/Dio.o
 .debug_loc     0x00001475      0x30f MCAL/icu/ICU.o
 .debug_loc     0x00001784      0x20d MCAL/pwm/pwm_program.o
 .debug_loc     0x00001991      0x506 MCAL/timer/timer.o

.debug_macinfo
 *(.debug_macinfo)

.debug_weaknames
 *(.debug_weaknames)

.debug_funcnames
 *(.debug_funcnames)

.debug_typenames
 *(.debug_typenames)

.debug_varnames
 *(.debug_varnames)

.debug_pubtypes
 *(.debug_pubtypes)

.debug_ranges   0x00000000      0x260
 *(.debug_ranges)
 .debug_ranges  0x00000000       0x18 APPLICATION/app/app.o
 .debug_ranges  0x00000018       0x18 APPLICATION/car_module/car_operations.o
 .debug_ranges  0x00000030       0x18 ECUAL/push_button/PB_prog.o
 .debug_ranges  0x00000048       0x18 ECUAL/ultrasonic/ultrasonic_prog.o
 .debug_ranges  0x00000060       0x40 lcd_test/dio_prog.o
 .debug_ranges  0x000000a0       0x60 lcd_test/lcd_program.o
 .debug_ranges  0x00000100       0x10 main.o
 .debug_ranges  0x00000110       0x30 MCAL/dio/Dio.o
 .debug_ranges  0x00000140       0x50 MCAL/icu/ICU.o
 .debug_ranges  0x00000190       0x10 MCAL/mcu_cfg/MCU_Prog.o
 .debug_ranges  0x000001a0       0x48 MCAL/pwm/pwm_program.o
 .debug_ranges  0x000001e8       0x78 MCAL/timer/timer.o

.debug_macro
 *(.debug_macro)
OUTPUT(Project.elf elf32-avr)
LOAD linker stubs
