Archive member included to satisfy reference by file (symbol)

c:/program files (x86)/atmel/studio/7.0/toolchain/avr8/avr8-gnu-toolchain/bin/../lib/gcc/avr/5.4.0/../../../../avr/lib/avr5\libm.a(addsf3.o)
                              MCAL/timer/timer.o (__subsf3)
c:/program files (x86)/atmel/studio/7.0/toolchain/avr8/avr8-gnu-toolchain/bin/../lib/gcc/avr/5.4.0/../../../../avr/lib/avr5\libm.a(addsf3x.o)
                              c:/program files (x86)/atmel/studio/7.0/toolchain/avr8/avr8-gnu-toolchain/bin/../lib/gcc/avr/5.4.0/../../../../avr/lib/avr5\libm.a(addsf3.o) (__addsf3x)
c:/program files (x86)/atmel/studio/7.0/toolchain/avr8/avr8-gnu-toolchain/bin/../lib/gcc/avr/5.4.0/../../../../avr/lib/avr5\libm.a(ceil.o)
                              MCAL/timer/timer.o (ceil)
c:/program files (x86)/atmel/studio/7.0/toolchain/avr8/avr8-gnu-toolchain/bin/../lib/gcc/avr/5.4.0/../../../../avr/lib/avr5\libm.a(cmpsf2.o)
                              MCAL/timer/timer.o (__eqsf2)
c:/program files (x86)/atmel/studio/7.0/toolchain/avr8/avr8-gnu-toolchain/bin/../lib/gcc/avr/5.4.0/../../../../avr/lib/avr5\libm.a(divsf3.o)
                              ECUAL/ultrasonic/ultrasonic_prog.o (__divsf3)
c:/program files (x86)/atmel/studio/7.0/toolchain/avr8/avr8-gnu-toolchain/bin/../lib/gcc/avr/5.4.0/../../../../avr/lib/avr5\libm.a(divsf3x.o)
                              c:/program files (x86)/atmel/studio/7.0/toolchain/avr8/avr8-gnu-toolchain/bin/../lib/gcc/avr/5.4.0/../../../../avr/lib/avr5\libm.a(divsf3.o) (__divsf3x)
c:/program files (x86)/atmel/studio/7.0/toolchain/avr8/avr8-gnu-toolchain/bin/../lib/gcc/avr/5.4.0/../../../../avr/lib/avr5\libm.a(fixsfsi.o)
                              APPLICATION/car_module/car_operations.o (__fixsfsi)
c:/program files (x86)/atmel/studio/7.0/toolchain/avr8/avr8-gnu-toolchain/bin/../lib/gcc/avr/5.4.0/../../../../avr/lib/avr5\libm.a(fixunssfsi.o)
                              MCAL/timer/timer.o (__fixunssfsi)
c:/program files (x86)/atmel/studio/7.0/toolchain/avr8/avr8-gnu-toolchain/bin/../lib/gcc/avr/5.4.0/../../../../avr/lib/avr5\libm.a(floatsisf.o)
                              ECUAL/ultrasonic/ultrasonic_prog.o (__floatunsisf)
c:/program files (x86)/atmel/studio/7.0/toolchain/avr8/avr8-gnu-toolchain/bin/../lib/gcc/avr/5.4.0/../../../../avr/lib/avr5\libm.a(fp_cmp.o)
                              c:/program files (x86)/atmel/studio/7.0/toolchain/avr8/avr8-gnu-toolchain/bin/../lib/gcc/avr/5.4.0/../../../../avr/lib/avr5\libm.a(cmpsf2.o) (__fp_cmp)
c:/program files (x86)/atmel/studio/7.0/toolchain/avr8/avr8-gnu-toolchain/bin/../lib/gcc/avr/5.4.0/../../../../avr/lib/avr5\libm.a(fp_inf.o)
                              c:/program files (x86)/atmel/studio/7.0/toolchain/avr8/avr8-gnu-toolchain/bin/../lib/gcc/avr/5.4.0/../../../../avr/lib/avr5\libm.a(addsf3x.o) (__fp_inf)
c:/program files (x86)/atmel/studio/7.0/toolchain/avr8/avr8-gnu-toolchain/bin/../lib/gcc/avr/5.4.0/../../../../avr/lib/avr5\libm.a(fp_mintl.o)
                              c:/program files (x86)/atmel/studio/7.0/toolchain/avr8/avr8-gnu-toolchain/bin/../lib/gcc/avr/5.4.0/../../../../avr/lib/avr5\libm.a(ceil.o) (__fp_mintl)
c:/program files (x86)/atmel/studio/7.0/toolchain/avr8/avr8-gnu-toolchain/bin/../lib/gcc/avr/5.4.0/../../../../avr/lib/avr5\libm.a(fp_mpack.o)
                              c:/program files (x86)/atmel/studio/7.0/toolchain/avr8/avr8-gnu-toolchain/bin/../lib/gcc/avr/5.4.0/../../../../avr/lib/avr5\libm.a(ceil.o) (__fp_mpack)
c:/program files (x86)/atmel/studio/7.0/toolchain/avr8/avr8-gnu-toolchain/bin/../lib/gcc/avr/5.4.0/../../../../avr/lib/avr5\libm.a(fp_nan.o)
                              c:/program files (x86)/atmel/studio/7.0/toolchain/avr8/avr8-gnu-toolchain/bin/../lib/gcc/avr/5.4.0/../../../../avr/lib/avr5\libm.a(addsf3x.o) (__fp_nan)
c:/program files (x86)/atmel/studio/7.0/toolchain/avr8/avr8-gnu-toolchain/bin/../lib/gcc/avr/5.4.0/../../../../avr/lib/avr5\libm.a(fp_pscA.o)
                              c:/program files (x86)/atmel/studio/7.0/toolchain/avr8/avr8-gnu-toolchain/bin/../lib/gcc/avr/5.4.0/../../../../avr/lib/avr5\libm.a(addsf3x.o) (__fp_pscA)
c:/program files (x86)/atmel/studio/7.0/toolchain/avr8/avr8-gnu-toolchain/bin/../lib/gcc/avr/5.4.0/../../../../avr/lib/avr5\libm.a(fp_pscB.o)
                              c:/program files (x86)/atmel/studio/7.0/toolchain/avr8/avr8-gnu-toolchain/bin/../lib/gcc/avr/5.4.0/../../../../avr/lib/avr5\libm.a(addsf3x.o) (__fp_pscB)
c:/program files (x86)/atmel/studio/7.0/toolchain/avr8/avr8-gnu-toolchain/bin/../lib/gcc/avr/5.4.0/../../../../avr/lib/avr5\libm.a(fp_round.o)
                              c:/program files (x86)/atmel/studio/7.0/toolchain/avr8/avr8-gnu-toolchain/bin/../lib/gcc/avr/5.4.0/../../../../avr/lib/avr5\libm.a(addsf3.o) (__fp_round)
c:/program files (x86)/atmel/studio/7.0/toolchain/avr8/avr8-gnu-toolchain/bin/../lib/gcc/avr/5.4.0/../../../../avr/lib/avr5\libm.a(fp_split3.o)
                              c:/program files (x86)/atmel/studio/7.0/toolchain/avr8/avr8-gnu-toolchain/bin/../lib/gcc/avr/5.4.0/../../../../avr/lib/avr5\libm.a(addsf3x.o) (__fp_split3)
c:/program files (x86)/atmel/studio/7.0/toolchain/avr8/avr8-gnu-toolchain/bin/../lib/gcc/avr/5.4.0/../../../../avr/lib/avr5\libm.a(fp_trunc.o)
                              c:/program files (x86)/atmel/studio/7.0/toolchain/avr8/avr8-gnu-toolchain/bin/../lib/gcc/avr/5.4.0/../../../../avr/lib/avr5\libm.a(ceil.o) (__fp_trunc)
c:/program files (x86)/atmel/studio/7.0/toolchain/avr8/avr8-gnu-toolchain/bin/../lib/gcc/avr/5.4.0/../../../../avr/lib/avr5\libm.a(fp_zero.o)
                              c:/program files (x86)/atmel/studio/7.0/toolchain/avr8/avr8-gnu-toolchain/bin/../lib/gcc/avr/5.4.0/../../../../avr/lib/avr5\libm.a(addsf3x.o) (__fp_zero)
c:/program files (x86)/atmel/studio/7.0/toolchain/avr8/avr8-gnu-toolchain/bin/../lib/gcc/avr/5.4.0/../../../../avr/lib/avr5\libm.a(gesf2.o)
                              APPLICATION/app/app.o (__gtsf2)
c:/program files (x86)/atmel/studio/7.0/toolchain/avr8/avr8-gnu-toolchain/bin/../lib/gcc/avr/5.4.0/../../../../avr/lib/avr5\libm.a(mulsf3.o)
                              ECUAL/ultrasonic/ultrasonic_prog.o (__mulsf3)
c:/program files (x86)/atmel/studio/7.0/toolchain/avr8/avr8-gnu-toolchain/bin/../lib/gcc/avr/5.4.0/../../../../avr/lib/avr5\libm.a(mulsf3x.o)
                              c:/program files (x86)/atmel/studio/7.0/toolchain/avr8/avr8-gnu-toolchain/bin/../lib/gcc/avr/5.4.0/../../../../avr/lib/avr5\libm.a(mulsf3.o) (__mulsf3x)
c:/program files (x86)/atmel/studio/7.0/toolchain/avr8/avr8-gnu-toolchain/bin/../lib/gcc/avr/5.4.0/avr5\libgcc.a(_divmodhi4.o)
                              ECUAL/lcd/lcd_program.o (__divmodhi4)
c:/program files (x86)/atmel/studio/7.0/toolchain/avr8/avr8-gnu-toolchain/bin/../lib/gcc/avr/5.4.0/avr5\libgcc.a(_exit.o)
                              C:/Program Files (x86)/Atmel/Studio/7.0/Packs/atmel/ATmega_DFP/1.7.374/gcc/dev/atmega32/avr5/crtatmega32.o (exit)
c:/program files (x86)/atmel/studio/7.0/toolchain/avr8/avr8-gnu-toolchain/bin/../lib/gcc/avr/5.4.0/avr5\libgcc.a(_tablejump2.o)
                              APPLICATION/app/app.o (__tablejump2__)
c:/program files (x86)/atmel/studio/7.0/toolchain/avr8/avr8-gnu-toolchain/bin/../lib/gcc/avr/5.4.0/avr5\libgcc.a(_copy_data.o)
                              APPLICATION/car_module/car_operations.o (__do_copy_data)
c:/program files (x86)/atmel/studio/7.0/toolchain/avr8/avr8-gnu-toolchain/bin/../lib/gcc/avr/5.4.0/avr5\libgcc.a(_clear_bss.o)
                              APPLICATION/app/app.o (__do_clear_bss)
c:/program files (x86)/atmel/studio/7.0/toolchain/avr8/avr8-gnu-toolchain/bin/../lib/gcc/avr/5.4.0/avr5\libgcc.a(_udivmodhi4.o)
                              c:/program files (x86)/atmel/studio/7.0/toolchain/avr8/avr8-gnu-toolchain/bin/../lib/gcc/avr/5.4.0/avr5\libgcc.a(_divmodhi4.o) (__udivmodhi4)

Allocating common symbols
Common symbol       size              file

ICU_g_edgeFlag      0x1               MCAL/icu/ICU.o

Discarded input sections

 .data          0x00000000        0x0 C:/Program Files (x86)/Atmel/Studio/7.0/Packs/atmel/ATmega_DFP/1.7.374/gcc/dev/atmega32/avr5/crtatmega32.o
 .bss           0x00000000        0x0 C:/Program Files (x86)/Atmel/Studio/7.0/Packs/atmel/ATmega_DFP/1.7.374/gcc/dev/atmega32/avr5/crtatmega32.o
 .text          0x00000000        0x0 APPLICATION/app/app.o
 .data          0x00000000        0x0 APPLICATION/app/app.o
 .bss           0x00000000        0x0 APPLICATION/app/app.o
 .text          0x00000000        0x0 APPLICATION/car_module/car_operations.o
 .data          0x00000000        0x0 APPLICATION/car_module/car_operations.o
 .bss           0x00000000        0x0 APPLICATION/car_module/car_operations.o
 .text          0x00000000        0x0 ECUAL/keypad/keypad_config.o
 .data          0x00000000        0x0 ECUAL/keypad/keypad_config.o
 .bss           0x00000000        0x0 ECUAL/keypad/keypad_config.o
 .text          0x00000000        0x0 ECUAL/keypad/keypad_program.o
 .data          0x00000000        0x0 ECUAL/keypad/keypad_program.o
 .bss           0x00000000        0x0 ECUAL/keypad/keypad_program.o
 .text          0x00000000        0x0 ECUAL/lcd/lcd_program.o
 .data          0x00000000        0x0 ECUAL/lcd/lcd_program.o
 .bss           0x00000000        0x0 ECUAL/lcd/lcd_program.o
 .text          0x00000000        0x0 ECUAL/motors/dcm_cfg.o
 .data          0x00000000        0x0 ECUAL/motors/dcm_cfg.o
 .bss           0x00000000        0x0 ECUAL/motors/dcm_cfg.o
 .text          0x00000000        0x0 ECUAL/motors/dcm_program.o
 .data          0x00000000        0x0 ECUAL/motors/dcm_program.o
 .bss           0x00000000        0x0 ECUAL/motors/dcm_program.o
 .text.DCM_updateStopFlag
                0x00000000        0x8 ECUAL/motors/dcm_program.o
 .bss.DCM_g_stopFlag
                0x00000000        0x1 ECUAL/motors/dcm_program.o
 .text          0x00000000        0x0 ECUAL/push_button/pb_config.o
 .data          0x00000000        0x0 ECUAL/push_button/pb_config.o
 .bss           0x00000000        0x0 ECUAL/push_button/pb_config.o
 .text          0x00000000        0x0 ECUAL/push_button/PB_prog.o
 .data          0x00000000        0x0 ECUAL/push_button/PB_prog.o
 .bss           0x00000000        0x0 ECUAL/push_button/PB_prog.o
 .text          0x00000000        0x0 ECUAL/ultrasonic/ultrasonic_prog.o
 .data          0x00000000        0x0 ECUAL/ultrasonic/ultrasonic_prog.o
 .bss           0x00000000        0x0 ECUAL/ultrasonic/ultrasonic_prog.o
 .text          0x00000000        0x0 main.o
 .data          0x00000000        0x0 main.o
 .bss           0x00000000        0x0 main.o
 .text          0x00000000        0x0 MCAL/dio/dio.o
 .data          0x00000000        0x0 MCAL/dio/dio.o
 .bss           0x00000000        0x0 MCAL/dio/dio.o
 .text.DIO_Init
                0x00000000        0x2 MCAL/dio/dio.o
 .text.DIO_readpin
                0x00000000       0x82 MCAL/dio/dio.o
 .text.DIO_togglepin
                0x00000000       0x82 MCAL/dio/dio.o
 .bss.DIO_ConfigArray
                0x00000000        0x0 MCAL/dio/dio.o
 .text          0x00000000        0x0 MCAL/exti/ext_interrupt_config.o
 .data          0x00000000        0x0 MCAL/exti/ext_interrupt_config.o
 .bss           0x00000000        0x0 MCAL/exti/ext_interrupt_config.o
 .rodata.A_interruptConfig
                0x00000000        0x0 MCAL/exti/ext_interrupt_config.o
 .debug_info    0x00000000       0xf8 MCAL/exti/ext_interrupt_config.o
 .debug_abbrev  0x00000000       0x96 MCAL/exti/ext_interrupt_config.o
 .debug_aranges
                0x00000000       0x18 MCAL/exti/ext_interrupt_config.o
 .debug_line    0x00000000       0x5b MCAL/exti/ext_interrupt_config.o
 .debug_str     0x00000000      0x26f MCAL/exti/ext_interrupt_config.o
 .comment       0x00000000       0x31 MCAL/exti/ext_interrupt_config.o
 .text          0x00000000        0x0 MCAL/exti/EXT_INTERRUPT_Prog.o
 .data          0x00000000        0x0 MCAL/exti/EXT_INTERRUPT_Prog.o
 .bss           0x00000000        0x0 MCAL/exti/EXT_INTERRUPT_Prog.o
 .text.EXT0_INTERRUPT_SetInterruptHandler
                0x00000000        0x2 MCAL/exti/EXT_INTERRUPT_Prog.o
 .text.EXT1_INTERRUPT_SetInterruptHandler
                0x00000000        0x2 MCAL/exti/EXT_INTERRUPT_Prog.o
 .text.EXT2_INTERRUPT_SetInterruptHandler
                0x00000000        0x2 MCAL/exti/EXT_INTERRUPT_Prog.o
 .text.EXT_vINTERRUPT_setSenseControl
                0x00000000      0x148 MCAL/exti/EXT_INTERRUPT_Prog.o
 .text.EXT_vINTERRUPT_Denit
                0x00000000       0x28 MCAL/exti/EXT_INTERRUPT_Prog.o
 .text.EXT_INTERRUPT_SetInterruptHandler
                0x00000000        0xc MCAL/exti/EXT_INTERRUPT_Prog.o
 .text.EXT_vINTERRUPT_Init
                0x00000000        0xa MCAL/exti/EXT_INTERRUPT_Prog.o
 .debug_info    0x00000000      0x367 MCAL/exti/EXT_INTERRUPT_Prog.o
 .debug_abbrev  0x00000000      0x167 MCAL/exti/EXT_INTERRUPT_Prog.o
 .debug_loc     0x00000000       0xa2 MCAL/exti/EXT_INTERRUPT_Prog.o
 .debug_aranges
                0x00000000       0x50 MCAL/exti/EXT_INTERRUPT_Prog.o
 .debug_ranges  0x00000000       0x40 MCAL/exti/EXT_INTERRUPT_Prog.o
 .debug_line    0x00000000      0x2c3 MCAL/exti/EXT_INTERRUPT_Prog.o
 .debug_str     0x00000000      0x4dd MCAL/exti/EXT_INTERRUPT_Prog.o
 .comment       0x00000000       0x31 MCAL/exti/EXT_INTERRUPT_Prog.o
 .debug_frame   0x00000000       0x8c MCAL/exti/EXT_INTERRUPT_Prog.o
 .text          0x00000000        0x0 MCAL/icu/ICU.o
 .data          0x00000000        0x0 MCAL/icu/ICU.o
 .bss           0x00000000        0x0 MCAL/icu/ICU.o
 .text          0x00000000        0x0 MCAL/icu/ICU_cfg.o
 .data          0x00000000        0x0 MCAL/icu/ICU_cfg.o
 .bss           0x00000000        0x0 MCAL/icu/ICU_cfg.o
 .text          0x00000000        0x0 MCAL/mcu_cfg/MCU_Prog.o
 .data          0x00000000        0x0 MCAL/mcu_cfg/MCU_Prog.o
 .bss           0x00000000        0x0 MCAL/mcu_cfg/MCU_Prog.o
 .text          0x00000000        0x0 MCAL/pwm/pwm_config.o
 .data          0x00000000        0x0 MCAL/pwm/pwm_config.o
 .bss           0x00000000        0x0 MCAL/pwm/pwm_config.o
 .text          0x00000000        0x0 MCAL/pwm/pwm_program.o
 .data          0x00000000        0x0 MCAL/pwm/pwm_program.o
 .bss           0x00000000        0x0 MCAL/pwm/pwm_program.o
 .text          0x00000000        0x0 MCAL/timer/timer.o
 .data          0x00000000        0x0 MCAL/timer/timer.o
 .bss           0x00000000        0x0 MCAL/timer/timer.o
 .text.TMR_TMR0NormalModeInit
                0x00000000       0x44 MCAL/timer/timer.o
 .text.TIMER_delay_us
                0x00000000       0x38 MCAL/timer/timer.o
 .text.TIMER_timer0Start
                0x00000000       0x96 MCAL/timer/timer.o
 .text.TIMER_timer0Stop
                0x00000000       0x14 MCAL/timer/timer.o
 .text.TIMER_delay_ms
                0x00000000      0x16e MCAL/timer/timer.o
 .text.TMR_ovfSetCallback
                0x00000000       0x14 MCAL/timer/timer.o
 .bss.void_g_pfOvfInterruptAction
                0x00000000        0x2 MCAL/timer/timer.o
 .bss.u8_g_TMRShutdownFlag
                0x00000000        0x2 MCAL/timer/timer.o
 .bss.u16_g_tcnt0InitialVal
                0x00000000        0x2 MCAL/timer/timer.o
 .bss.u16_g_overflowTicks
                0x00000000        0x2 MCAL/timer/timer.o
 .bss.u16_g_overflowNumbers
                0x00000000        0x2 MCAL/timer/timer.o
 .bss.u16_g_TMR1Overflow
                0x00000000        0x2 MCAL/timer/timer.o
 .data.u8_l_mode
                0x00000000        0x1 MCAL/timer/timer.o
 .text          0x00000000        0x0 MCAL/timer/timer_config.o
 .data          0x00000000        0x0 MCAL/timer/timer_config.o
 .bss           0x00000000        0x0 MCAL/timer/timer_config.o
 .rodata.TimerConfig
                0x00000000       0x18 MCAL/timer/timer_config.o
 .debug_info    0x00000000      0x250 MCAL/timer/timer_config.o
 .debug_abbrev  0x00000000       0x86 MCAL/timer/timer_config.o
 .debug_aranges
                0x00000000       0x18 MCAL/timer/timer_config.o
 .debug_line    0x00000000       0x4c MCAL/timer/timer_config.o
 .debug_str     0x00000000      0x4cf MCAL/timer/timer_config.o
 .comment       0x00000000       0x31 MCAL/timer/timer_config.o
 .text          0x00000000        0x0 c:/program files (x86)/atmel/studio/7.0/toolchain/avr8/avr8-gnu-toolchain/bin/../lib/gcc/avr/5.4.0/../../../../avr/lib/avr5\libm.a(addsf3.o)
 .data          0x00000000        0x0 c:/program files (x86)/atmel/studio/7.0/toolchain/avr8/avr8-gnu-toolchain/bin/../lib/gcc/avr/5.4.0/../../../../avr/lib/avr5\libm.a(addsf3.o)
 .bss           0x00000000        0x0 c:/program files (x86)/atmel/studio/7.0/toolchain/avr8/avr8-gnu-toolchain/bin/../lib/gcc/avr/5.4.0/../../../../avr/lib/avr5\libm.a(addsf3.o)
 .text          0x00000000        0x0 c:/program files (x86)/atmel/studio/7.0/toolchain/avr8/avr8-gnu-toolchain/bin/../lib/gcc/avr/5.4.0/../../../../avr/lib/avr5\libm.a(addsf3x.o)
 .data          0x00000000        0x0 c:/program files (x86)/atmel/studio/7.0/toolchain/avr8/avr8-gnu-toolchain/bin/../lib/gcc/avr/5.4.0/../../../../avr/lib/avr5\libm.a(addsf3x.o)
 .bss           0x00000000        0x0 c:/program files (x86)/atmel/studio/7.0/toolchain/avr8/avr8-gnu-toolchain/bin/../lib/gcc/avr/5.4.0/../../../../avr/lib/avr5\libm.a(addsf3x.o)
 .text          0x00000000        0x0 c:/program files (x86)/atmel/studio/7.0/toolchain/avr8/avr8-gnu-toolchain/bin/../lib/gcc/avr/5.4.0/../../../../avr/lib/avr5\libm.a(ceil.o)
 .data          0x00000000        0x0 c:/program files (x86)/atmel/studio/7.0/toolchain/avr8/avr8-gnu-toolchain/bin/../lib/gcc/avr/5.4.0/../../../../avr/lib/avr5\libm.a(ceil.o)
 .bss           0x00000000        0x0 c:/program files (x86)/atmel/studio/7.0/toolchain/avr8/avr8-gnu-toolchain/bin/../lib/gcc/avr/5.4.0/../../../../avr/lib/avr5\libm.a(ceil.o)
 .text          0x00000000        0x0 c:/program files (x86)/atmel/studio/7.0/toolchain/avr8/avr8-gnu-toolchain/bin/../lib/gcc/avr/5.4.0/../../../../avr/lib/avr5\libm.a(cmpsf2.o)
 .data          0x00000000        0x0 c:/program files (x86)/atmel/studio/7.0/toolchain/avr8/avr8-gnu-toolchain/bin/../lib/gcc/avr/5.4.0/../../../../avr/lib/avr5\libm.a(cmpsf2.o)
 .bss           0x00000000        0x0 c:/program files (x86)/atmel/studio/7.0/toolchain/avr8/avr8-gnu-toolchain/bin/../lib/gcc/avr/5.4.0/../../../../avr/lib/avr5\libm.a(cmpsf2.o)
 .text          0x00000000        0x0 c:/program files (x86)/atmel/studio/7.0/toolchain/avr8/avr8-gnu-toolchain/bin/../lib/gcc/avr/5.4.0/../../../../avr/lib/avr5\libm.a(divsf3.o)
 .data          0x00000000        0x0 c:/program files (x86)/atmel/studio/7.0/toolchain/avr8/avr8-gnu-toolchain/bin/../lib/gcc/avr/5.4.0/../../../../avr/lib/avr5\libm.a(divsf3.o)
 .bss           0x00000000        0x0 c:/program files (x86)/atmel/studio/7.0/toolchain/avr8/avr8-gnu-toolchain/bin/../lib/gcc/avr/5.4.0/../../../../avr/lib/avr5\libm.a(divsf3.o)
 .text          0x00000000        0x0 c:/program files (x86)/atmel/studio/7.0/toolchain/avr8/avr8-gnu-toolchain/bin/../lib/gcc/avr/5.4.0/../../../../avr/lib/avr5\libm.a(divsf3x.o)
 .data          0x00000000        0x0 c:/program files (x86)/atmel/studio/7.0/toolchain/avr8/avr8-gnu-toolchain/bin/../lib/gcc/avr/5.4.0/../../../../avr/lib/avr5\libm.a(divsf3x.o)
 .bss           0x00000000        0x0 c:/program files (x86)/atmel/studio/7.0/toolchain/avr8/avr8-gnu-toolchain/bin/../lib/gcc/avr/5.4.0/../../../../avr/lib/avr5\libm.a(divsf3x.o)
 .text          0x00000000        0x0 c:/program files (x86)/atmel/studio/7.0/toolchain/avr8/avr8-gnu-toolchain/bin/../lib/gcc/avr/5.4.0/../../../../avr/lib/avr5\libm.a(fixsfsi.o)
 .data          0x00000000        0x0 c:/program files (x86)/atmel/studio/7.0/toolchain/avr8/avr8-gnu-toolchain/bin/../lib/gcc/avr/5.4.0/../../../../avr/lib/avr5\libm.a(fixsfsi.o)
 .bss           0x00000000        0x0 c:/program files (x86)/atmel/studio/7.0/toolchain/avr8/avr8-gnu-toolchain/bin/../lib/gcc/avr/5.4.0/../../../../avr/lib/avr5\libm.a(fixsfsi.o)
 .text          0x00000000        0x0 c:/program files (x86)/atmel/studio/7.0/toolchain/avr8/avr8-gnu-toolchain/bin/../lib/gcc/avr/5.4.0/../../../../avr/lib/avr5\libm.a(fixunssfsi.o)
 .data          0x00000000        0x0 c:/program files (x86)/atmel/studio/7.0/toolchain/avr8/avr8-gnu-toolchain/bin/../lib/gcc/avr/5.4.0/../../../../avr/lib/avr5\libm.a(fixunssfsi.o)
 .bss           0x00000000        0x0 c:/program files (x86)/atmel/studio/7.0/toolchain/avr8/avr8-gnu-toolchain/bin/../lib/gcc/avr/5.4.0/../../../../avr/lib/avr5\libm.a(fixunssfsi.o)
 .text          0x00000000        0x0 c:/program files (x86)/atmel/studio/7.0/toolchain/avr8/avr8-gnu-toolchain/bin/../lib/gcc/avr/5.4.0/../../../../avr/lib/avr5\libm.a(floatsisf.o)
 .data          0x00000000        0x0 c:/program files (x86)/atmel/studio/7.0/toolchain/avr8/avr8-gnu-toolchain/bin/../lib/gcc/avr/5.4.0/../../../../avr/lib/avr5\libm.a(floatsisf.o)
 .bss           0x00000000        0x0 c:/program files (x86)/atmel/studio/7.0/toolchain/avr8/avr8-gnu-toolchain/bin/../lib/gcc/avr/5.4.0/../../../../avr/lib/avr5\libm.a(floatsisf.o)
 .text          0x00000000        0x0 c:/program files (x86)/atmel/studio/7.0/toolchain/avr8/avr8-gnu-toolchain/bin/../lib/gcc/avr/5.4.0/../../../../avr/lib/avr5\libm.a(fp_cmp.o)
 .data          0x00000000        0x0 c:/program files (x86)/atmel/studio/7.0/toolchain/avr8/avr8-gnu-toolchain/bin/../lib/gcc/avr/5.4.0/../../../../avr/lib/avr5\libm.a(fp_cmp.o)
 .bss           0x00000000        0x0 c:/program files (x86)/atmel/studio/7.0/toolchain/avr8/avr8-gnu-toolchain/bin/../lib/gcc/avr/5.4.0/../../../../avr/lib/avr5\libm.a(fp_cmp.o)
 .text          0x00000000        0x0 c:/program files (x86)/atmel/studio/7.0/toolchain/avr8/avr8-gnu-toolchain/bin/../lib/gcc/avr/5.4.0/../../../../avr/lib/avr5\libm.a(fp_inf.o)
 .data          0x00000000        0x0 c:/program files (x86)/atmel/studio/7.0/toolchain/avr8/avr8-gnu-toolchain/bin/../lib/gcc/avr/5.4.0/../../../../avr/lib/avr5\libm.a(fp_inf.o)
 .bss           0x00000000        0x0 c:/program files (x86)/atmel/studio/7.0/toolchain/avr8/avr8-gnu-toolchain/bin/../lib/gcc/avr/5.4.0/../../../../avr/lib/avr5\libm.a(fp_inf.o)
 .text          0x00000000        0x0 c:/program files (x86)/atmel/studio/7.0/toolchain/avr8/avr8-gnu-toolchain/bin/../lib/gcc/avr/5.4.0/../../../../avr/lib/avr5\libm.a(fp_mintl.o)
 .data          0x00000000        0x0 c:/program files (x86)/atmel/studio/7.0/toolchain/avr8/avr8-gnu-toolchain/bin/../lib/gcc/avr/5.4.0/../../../../avr/lib/avr5\libm.a(fp_mintl.o)
 .bss           0x00000000        0x0 c:/program files (x86)/atmel/studio/7.0/toolchain/avr8/avr8-gnu-toolchain/bin/../lib/gcc/avr/5.4.0/../../../../avr/lib/avr5\libm.a(fp_mintl.o)
 .text          0x00000000        0x0 c:/program files (x86)/atmel/studio/7.0/toolchain/avr8/avr8-gnu-toolchain/bin/../lib/gcc/avr/5.4.0/../../../../avr/lib/avr5\libm.a(fp_mpack.o)
 .data          0x00000000        0x0 c:/program files (x86)/atmel/studio/7.0/toolchain/avr8/avr8-gnu-toolchain/bin/../lib/gcc/avr/5.4.0/../../../../avr/lib/avr5\libm.a(fp_mpack.o)
 .bss           0x00000000        0x0 c:/program files (x86)/atmel/studio/7.0/toolchain/avr8/avr8-gnu-toolchain/bin/../lib/gcc/avr/5.4.0/../../../../avr/lib/avr5\libm.a(fp_mpack.o)
 .text          0x00000000        0x0 c:/program files (x86)/atmel/studio/7.0/toolchain/avr8/avr8-gnu-toolchain/bin/../lib/gcc/avr/5.4.0/../../../../avr/lib/avr5\libm.a(fp_nan.o)
 .data          0x00000000        0x0 c:/program files (x86)/atmel/studio/7.0/toolchain/avr8/avr8-gnu-toolchain/bin/../lib/gcc/avr/5.4.0/../../../../avr/lib/avr5\libm.a(fp_nan.o)
 .bss           0x00000000        0x0 c:/program files (x86)/atmel/studio/7.0/toolchain/avr8/avr8-gnu-toolchain/bin/../lib/gcc/avr/5.4.0/../../../../avr/lib/avr5\libm.a(fp_nan.o)
 .text          0x00000000        0x0 c:/program files (x86)/atmel/studio/7.0/toolchain/avr8/avr8-gnu-toolchain/bin/../lib/gcc/avr/5.4.0/../../../../avr/lib/avr5\libm.a(fp_pscA.o)
 .data          0x00000000        0x0 c:/program files (x86)/atmel/studio/7.0/toolchain/avr8/avr8-gnu-toolchain/bin/../lib/gcc/avr/5.4.0/../../../../avr/lib/avr5\libm.a(fp_pscA.o)
 .bss           0x00000000        0x0 c:/program files (x86)/atmel/studio/7.0/toolchain/avr8/avr8-gnu-toolchain/bin/../lib/gcc/avr/5.4.0/../../../../avr/lib/avr5\libm.a(fp_pscA.o)
 .text          0x00000000        0x0 c:/program files (x86)/atmel/studio/7.0/toolchain/avr8/avr8-gnu-toolchain/bin/../lib/gcc/avr/5.4.0/../../../../avr/lib/avr5\libm.a(fp_pscB.o)
 .data          0x00000000        0x0 c:/program files (x86)/atmel/studio/7.0/toolchain/avr8/avr8-gnu-toolchain/bin/../lib/gcc/avr/5.4.0/../../../../avr/lib/avr5\libm.a(fp_pscB.o)
 .bss           0x00000000        0x0 c:/program files (x86)/atmel/studio/7.0/toolchain/avr8/avr8-gnu-toolchain/bin/../lib/gcc/avr/5.4.0/../../../../avr/lib/avr5\libm.a(fp_pscB.o)
 .text          0x00000000        0x0 c:/program files (x86)/atmel/studio/7.0/toolchain/avr8/avr8-gnu-toolchain/bin/../lib/gcc/avr/5.4.0/../../../../avr/lib/avr5\libm.a(fp_round.o)
 .data          0x00000000        0x0 c:/program files (x86)/atmel/studio/7.0/toolchain/avr8/avr8-gnu-toolchain/bin/../lib/gcc/avr/5.4.0/../../../../avr/lib/avr5\libm.a(fp_round.o)
 .bss           0x00000000        0x0 c:/program files (x86)/atmel/studio/7.0/toolchain/avr8/avr8-gnu-toolchain/bin/../lib/gcc/avr/5.4.0/../../../../avr/lib/avr5\libm.a(fp_round.o)
 .text          0x00000000        0x0 c:/program files (x86)/atmel/studio/7.0/toolchain/avr8/avr8-gnu-toolchain/bin/../lib/gcc/avr/5.4.0/../../../../avr/lib/avr5\libm.a(fp_split3.o)
 .data          0x00000000        0x0 c:/program files (x86)/atmel/studio/7.0/toolchain/avr8/avr8-gnu-toolchain/bin/../lib/gcc/avr/5.4.0/../../../../avr/lib/avr5\libm.a(fp_split3.o)
 .bss           0x00000000        0x0 c:/program files (x86)/atmel/studio/7.0/toolchain/avr8/avr8-gnu-toolchain/bin/../lib/gcc/avr/5.4.0/../../../../avr/lib/avr5\libm.a(fp_split3.o)
 .text          0x00000000        0x0 c:/program files (x86)/atmel/studio/7.0/toolchain/avr8/avr8-gnu-toolchain/bin/../lib/gcc/avr/5.4.0/../../../../avr/lib/avr5\libm.a(fp_trunc.o)
 .data          0x00000000        0x0 c:/program files (x86)/atmel/studio/7.0/toolchain/avr8/avr8-gnu-toolchain/bin/../lib/gcc/avr/5.4.0/../../../../avr/lib/avr5\libm.a(fp_trunc.o)
 .bss           0x00000000        0x0 c:/program files (x86)/atmel/studio/7.0/toolchain/avr8/avr8-gnu-toolchain/bin/../lib/gcc/avr/5.4.0/../../../../avr/lib/avr5\libm.a(fp_trunc.o)
 .text          0x00000000        0x0 c:/program files (x86)/atmel/studio/7.0/toolchain/avr8/avr8-gnu-toolchain/bin/../lib/gcc/avr/5.4.0/../../../../avr/lib/avr5\libm.a(fp_zero.o)
 .data          0x00000000        0x0 c:/program files (x86)/atmel/studio/7.0/toolchain/avr8/avr8-gnu-toolchain/bin/../lib/gcc/avr/5.4.0/../../../../avr/lib/avr5\libm.a(fp_zero.o)
 .bss           0x00000000        0x0 c:/program files (x86)/atmel/studio/7.0/toolchain/avr8/avr8-gnu-toolchain/bin/../lib/gcc/avr/5.4.0/../../../../avr/lib/avr5\libm.a(fp_zero.o)
 .text          0x00000000        0x0 c:/program files (x86)/atmel/studio/7.0/toolchain/avr8/avr8-gnu-toolchain/bin/../lib/gcc/avr/5.4.0/../../../../avr/lib/avr5\libm.a(gesf2.o)
 .data          0x00000000        0x0 c:/program files (x86)/atmel/studio/7.0/toolchain/avr8/avr8-gnu-toolchain/bin/../lib/gcc/avr/5.4.0/../../../../avr/lib/avr5\libm.a(gesf2.o)
 .bss           0x00000000        0x0 c:/program files (x86)/atmel/studio/7.0/toolchain/avr8/avr8-gnu-toolchain/bin/../lib/gcc/avr/5.4.0/../../../../avr/lib/avr5\libm.a(gesf2.o)
 .text          0x00000000        0x0 c:/program files (x86)/atmel/studio/7.0/toolchain/avr8/avr8-gnu-toolchain/bin/../lib/gcc/avr/5.4.0/../../../../avr/lib/avr5\libm.a(mulsf3.o)
 .data          0x00000000        0x0 c:/program files (x86)/atmel/studio/7.0/toolchain/avr8/avr8-gnu-toolchain/bin/../lib/gcc/avr/5.4.0/../../../../avr/lib/avr5\libm.a(mulsf3.o)
 .bss           0x00000000        0x0 c:/program files (x86)/atmel/studio/7.0/toolchain/avr8/avr8-gnu-toolchain/bin/../lib/gcc/avr/5.4.0/../../../../avr/lib/avr5\libm.a(mulsf3.o)
 .text          0x00000000        0x0 c:/program files (x86)/atmel/studio/7.0/toolchain/avr8/avr8-gnu-toolchain/bin/../lib/gcc/avr/5.4.0/../../../../avr/lib/avr5\libm.a(mulsf3x.o)
 .data          0x00000000        0x0 c:/program files (x86)/atmel/studio/7.0/toolchain/avr8/avr8-gnu-toolchain/bin/../lib/gcc/avr/5.4.0/../../../../avr/lib/avr5\libm.a(mulsf3x.o)
 .bss           0x00000000        0x0 c:/program files (x86)/atmel/studio/7.0/toolchain/avr8/avr8-gnu-toolchain/bin/../lib/gcc/avr/5.4.0/../../../../avr/lib/avr5\libm.a(mulsf3x.o)
 .text          0x00000000        0x0 c:/program files (x86)/atmel/studio/7.0/toolchain/avr8/avr8-gnu-toolchain/bin/../lib/gcc/avr/5.4.0/avr5\libgcc.a(_divmodhi4.o)
 .data          0x00000000        0x0 c:/program files (x86)/atmel/studio/7.0/toolchain/avr8/avr8-gnu-toolchain/bin/../lib/gcc/avr/5.4.0/avr5\libgcc.a(_divmodhi4.o)
 .bss           0x00000000        0x0 c:/program files (x86)/atmel/studio/7.0/toolchain/avr8/avr8-gnu-toolchain/bin/../lib/gcc/avr/5.4.0/avr5\libgcc.a(_divmodhi4.o)
 .text.libgcc.mul
                0x00000000        0x0 c:/program files (x86)/atmel/studio/7.0/toolchain/avr8/avr8-gnu-toolchain/bin/../lib/gcc/avr/5.4.0/avr5\libgcc.a(_divmodhi4.o)
 .text.libgcc   0x00000000        0x0 c:/program files (x86)/atmel/studio/7.0/toolchain/avr8/avr8-gnu-toolchain/bin/../lib/gcc/avr/5.4.0/avr5\libgcc.a(_divmodhi4.o)
 .text.libgcc.prologue
                0x00000000        0x0 c:/program files (x86)/atmel/studio/7.0/toolchain/avr8/avr8-gnu-toolchain/bin/../lib/gcc/avr/5.4.0/avr5\libgcc.a(_divmodhi4.o)
 .text.libgcc.builtins
                0x00000000        0x0 c:/program files (x86)/atmel/studio/7.0/toolchain/avr8/avr8-gnu-toolchain/bin/../lib/gcc/avr/5.4.0/avr5\libgcc.a(_divmodhi4.o)
 .text.libgcc.fmul
                0x00000000        0x0 c:/program files (x86)/atmel/studio/7.0/toolchain/avr8/avr8-gnu-toolchain/bin/../lib/gcc/avr/5.4.0/avr5\libgcc.a(_divmodhi4.o)
 .text.libgcc.fixed
                0x00000000        0x0 c:/program files (x86)/atmel/studio/7.0/toolchain/avr8/avr8-gnu-toolchain/bin/../lib/gcc/avr/5.4.0/avr5\libgcc.a(_divmodhi4.o)
 .text          0x00000000        0x0 c:/program files (x86)/atmel/studio/7.0/toolchain/avr8/avr8-gnu-toolchain/bin/../lib/gcc/avr/5.4.0/avr5\libgcc.a(_exit.o)
 .data          0x00000000        0x0 c:/program files (x86)/atmel/studio/7.0/toolchain/avr8/avr8-gnu-toolchain/bin/../lib/gcc/avr/5.4.0/avr5\libgcc.a(_exit.o)
 .bss           0x00000000        0x0 c:/program files (x86)/atmel/studio/7.0/toolchain/avr8/avr8-gnu-toolchain/bin/../lib/gcc/avr/5.4.0/avr5\libgcc.a(_exit.o)
 .text.libgcc.mul
                0x00000000        0x0 c:/program files (x86)/atmel/studio/7.0/toolchain/avr8/avr8-gnu-toolchain/bin/../lib/gcc/avr/5.4.0/avr5\libgcc.a(_exit.o)
 .text.libgcc.div
                0x00000000        0x0 c:/program files (x86)/atmel/studio/7.0/toolchain/avr8/avr8-gnu-toolchain/bin/../lib/gcc/avr/5.4.0/avr5\libgcc.a(_exit.o)
 .text.libgcc   0x00000000        0x0 c:/program files (x86)/atmel/studio/7.0/toolchain/avr8/avr8-gnu-toolchain/bin/../lib/gcc/avr/5.4.0/avr5\libgcc.a(_exit.o)
 .text.libgcc.prologue
                0x00000000        0x0 c:/program files (x86)/atmel/studio/7.0/toolchain/avr8/avr8-gnu-toolchain/bin/../lib/gcc/avr/5.4.0/avr5\libgcc.a(_exit.o)
 .text.libgcc.builtins
                0x00000000        0x0 c:/program files (x86)/atmel/studio/7.0/toolchain/avr8/avr8-gnu-toolchain/bin/../lib/gcc/avr/5.4.0/avr5\libgcc.a(_exit.o)
 .text.libgcc.fmul
                0x00000000        0x0 c:/program files (x86)/atmel/studio/7.0/toolchain/avr8/avr8-gnu-toolchain/bin/../lib/gcc/avr/5.4.0/avr5\libgcc.a(_exit.o)
 .text.libgcc.fixed
                0x00000000        0x0 c:/program files (x86)/atmel/studio/7.0/toolchain/avr8/avr8-gnu-toolchain/bin/../lib/gcc/avr/5.4.0/avr5\libgcc.a(_exit.o)
 .text          0x00000000        0x0 c:/program files (x86)/atmel/studio/7.0/toolchain/avr8/avr8-gnu-toolchain/bin/../lib/gcc/avr/5.4.0/avr5\libgcc.a(_tablejump2.o)
 .data          0x00000000        0x0 c:/program files (x86)/atmel/studio/7.0/toolchain/avr8/avr8-gnu-toolchain/bin/../lib/gcc/avr/5.4.0/avr5\libgcc.a(_tablejump2.o)
 .bss           0x00000000        0x0 c:/program files (x86)/atmel/studio/7.0/toolchain/avr8/avr8-gnu-toolchain/bin/../lib/gcc/avr/5.4.0/avr5\libgcc.a(_tablejump2.o)
 .text.libgcc.mul
                0x00000000        0x0 c:/program files (x86)/atmel/studio/7.0/toolchain/avr8/avr8-gnu-toolchain/bin/../lib/gcc/avr/5.4.0/avr5\libgcc.a(_tablejump2.o)
 .text.libgcc.div
                0x00000000        0x0 c:/program files (x86)/atmel/studio/7.0/toolchain/avr8/avr8-gnu-toolchain/bin/../lib/gcc/avr/5.4.0/avr5\libgcc.a(_tablejump2.o)
 .text.libgcc.prologue
                0x00000000        0x0 c:/program files (x86)/atmel/studio/7.0/toolchain/avr8/avr8-gnu-toolchain/bin/../lib/gcc/avr/5.4.0/avr5\libgcc.a(_tablejump2.o)
 .text.libgcc.builtins
                0x00000000        0x0 c:/program files (x86)/atmel/studio/7.0/toolchain/avr8/avr8-gnu-toolchain/bin/../lib/gcc/avr/5.4.0/avr5\libgcc.a(_tablejump2.o)
 .text.libgcc.fmul
                0x00000000        0x0 c:/program files (x86)/atmel/studio/7.0/toolchain/avr8/avr8-gnu-toolchain/bin/../lib/gcc/avr/5.4.0/avr5\libgcc.a(_tablejump2.o)
 .text.libgcc.fixed
                0x00000000        0x0 c:/program files (x86)/atmel/studio/7.0/toolchain/avr8/avr8-gnu-toolchain/bin/../lib/gcc/avr/5.4.0/avr5\libgcc.a(_tablejump2.o)
 .text          0x00000000        0x0 c:/program files (x86)/atmel/studio/7.0/toolchain/avr8/avr8-gnu-toolchain/bin/../lib/gcc/avr/5.4.0/avr5\libgcc.a(_copy_data.o)
 .data          0x00000000        0x0 c:/program files (x86)/atmel/studio/7.0/toolchain/avr8/avr8-gnu-toolchain/bin/../lib/gcc/avr/5.4.0/avr5\libgcc.a(_copy_data.o)
 .bss           0x00000000        0x0 c:/program files (x86)/atmel/studio/7.0/toolchain/avr8/avr8-gnu-toolchain/bin/../lib/gcc/avr/5.4.0/avr5\libgcc.a(_copy_data.o)
 .text.libgcc.mul
                0x00000000        0x0 c:/program files (x86)/atmel/studio/7.0/toolchain/avr8/avr8-gnu-toolchain/bin/../lib/gcc/avr/5.4.0/avr5\libgcc.a(_copy_data.o)
 .text.libgcc.div
                0x00000000        0x0 c:/program files (x86)/atmel/studio/7.0/toolchain/avr8/avr8-gnu-toolchain/bin/../lib/gcc/avr/5.4.0/avr5\libgcc.a(_copy_data.o)
 .text.libgcc   0x00000000        0x0 c:/program files (x86)/atmel/studio/7.0/toolchain/avr8/avr8-gnu-toolchain/bin/../lib/gcc/avr/5.4.0/avr5\libgcc.a(_copy_data.o)
 .text.libgcc.prologue
                0x00000000        0x0 c:/program files (x86)/atmel/studio/7.0/toolchain/avr8/avr8-gnu-toolchain/bin/../lib/gcc/avr/5.4.0/avr5\libgcc.a(_copy_data.o)
 .text.libgcc.builtins
                0x00000000        0x0 c:/program files (x86)/atmel/studio/7.0/toolchain/avr8/avr8-gnu-toolchain/bin/../lib/gcc/avr/5.4.0/avr5\libgcc.a(_copy_data.o)
 .text.libgcc.fmul
                0x00000000        0x0 c:/program files (x86)/atmel/studio/7.0/toolchain/avr8/avr8-gnu-toolchain/bin/../lib/gcc/avr/5.4.0/avr5\libgcc.a(_copy_data.o)
 .text.libgcc.fixed
                0x00000000        0x0 c:/program files (x86)/atmel/studio/7.0/toolchain/avr8/avr8-gnu-toolchain/bin/../lib/gcc/avr/5.4.0/avr5\libgcc.a(_copy_data.o)
 .text          0x00000000        0x0 c:/program files (x86)/atmel/studio/7.0/toolchain/avr8/avr8-gnu-toolchain/bin/../lib/gcc/avr/5.4.0/avr5\libgcc.a(_clear_bss.o)
 .data          0x00000000        0x0 c:/program files (x86)/atmel/studio/7.0/toolchain/avr8/avr8-gnu-toolchain/bin/../lib/gcc/avr/5.4.0/avr5\libgcc.a(_clear_bss.o)
 .bss           0x00000000        0x0 c:/program files (x86)/atmel/studio/7.0/toolchain/avr8/avr8-gnu-toolchain/bin/../lib/gcc/avr/5.4.0/avr5\libgcc.a(_clear_bss.o)
 .text.libgcc.mul
                0x00000000        0x0 c:/program files (x86)/atmel/studio/7.0/toolchain/avr8/avr8-gnu-toolchain/bin/../lib/gcc/avr/5.4.0/avr5\libgcc.a(_clear_bss.o)
 .text.libgcc.div
                0x00000000        0x0 c:/program files (x86)/atmel/studio/7.0/toolchain/avr8/avr8-gnu-toolchain/bin/../lib/gcc/avr/5.4.0/avr5\libgcc.a(_clear_bss.o)
 .text.libgcc   0x00000000        0x0 c:/program files (x86)/atmel/studio/7.0/toolchain/avr8/avr8-gnu-toolchain/bin/../lib/gcc/avr/5.4.0/avr5\libgcc.a(_clear_bss.o)
 .text.libgcc.prologue
                0x00000000        0x0 c:/program files (x86)/atmel/studio/7.0/toolchain/avr8/avr8-gnu-toolchain/bin/../lib/gcc/avr/5.4.0/avr5\libgcc.a(_clear_bss.o)
 .text.libgcc.builtins
                0x00000000        0x0 c:/program files (x86)/atmel/studio/7.0/toolchain/avr8/avr8-gnu-toolchain/bin/../lib/gcc/avr/5.4.0/avr5\libgcc.a(_clear_bss.o)
 .text.libgcc.fmul
                0x00000000        0x0 c:/program files (x86)/atmel/studio/7.0/toolchain/avr8/avr8-gnu-toolchain/bin/../lib/gcc/avr/5.4.0/avr5\libgcc.a(_clear_bss.o)
 .text.libgcc.fixed
                0x00000000        0x0 c:/program files (x86)/atmel/studio/7.0/toolchain/avr8/avr8-gnu-toolchain/bin/../lib/gcc/avr/5.4.0/avr5\libgcc.a(_clear_bss.o)
 .text          0x00000000        0x0 c:/program files (x86)/atmel/studio/7.0/toolchain/avr8/avr8-gnu-toolchain/bin/../lib/gcc/avr/5.4.0/avr5\libgcc.a(_udivmodhi4.o)
 .data          0x00000000        0x0 c:/program files (x86)/atmel/studio/7.0/toolchain/avr8/avr8-gnu-toolchain/bin/../lib/gcc/avr/5.4.0/avr5\libgcc.a(_udivmodhi4.o)
 .bss           0x00000000        0x0 c:/program files (x86)/atmel/studio/7.0/toolchain/avr8/avr8-gnu-toolchain/bin/../lib/gcc/avr/5.4.0/avr5\libgcc.a(_udivmodhi4.o)
 .text.libgcc.mul
                0x00000000        0x0 c:/program files (x86)/atmel/studio/7.0/toolchain/avr8/avr8-gnu-toolchain/bin/../lib/gcc/avr/5.4.0/avr5\libgcc.a(_udivmodhi4.o)
 .text.libgcc   0x00000000        0x0 c:/program files (x86)/atmel/studio/7.0/toolchain/avr8/avr8-gnu-toolchain/bin/../lib/gcc/avr/5.4.0/avr5\libgcc.a(_udivmodhi4.o)
 .text.libgcc.prologue
                0x00000000        0x0 c:/program files (x86)/atmel/studio/7.0/toolchain/avr8/avr8-gnu-toolchain/bin/../lib/gcc/avr/5.4.0/avr5\libgcc.a(_udivmodhi4.o)
 .text.libgcc.builtins
                0x00000000        0x0 c:/program files (x86)/atmel/studio/7.0/toolchain/avr8/avr8-gnu-toolchain/bin/../lib/gcc/avr/5.4.0/avr5\libgcc.a(_udivmodhi4.o)
 .text.libgcc.fmul
                0x00000000        0x0 c:/program files (x86)/atmel/studio/7.0/toolchain/avr8/avr8-gnu-toolchain/bin/../lib/gcc/avr/5.4.0/avr5\libgcc.a(_udivmodhi4.o)
 .text.libgcc.fixed
                0x00000000        0x0 c:/program files (x86)/atmel/studio/7.0/toolchain/avr8/avr8-gnu-toolchain/bin/../lib/gcc/avr/5.4.0/avr5\libgcc.a(_udivmodhi4.o)

Memory Configuration

Name             Origin             Length             Attributes
text             0x00000000         0x00008000         xr
data             0x00800060         0x00000800         rw !x
eeprom           0x00810000         0x00000400         rw !x
fuse             0x00820000         0x00000002         rw !x
lock             0x00830000         0x00000400         rw !x
signature        0x00840000         0x00000400         rw !x
user_signatures  0x00850000         0x00000400         rw !x
*default*        0x00000000         0xffffffff

Linker script and memory map

LOAD C:/Program Files (x86)/Atmel/Studio/7.0/Packs/atmel/ATmega_DFP/1.7.374/gcc/dev/atmega32/avr5/crtatmega32.o
LOAD APPLICATION/app/app.o
LOAD APPLICATION/car_module/car_operations.o
LOAD ECUAL/keypad/keypad_config.o
LOAD ECUAL/keypad/keypad_program.o
LOAD ECUAL/lcd/lcd_program.o
LOAD ECUAL/motors/dcm_cfg.o
LOAD ECUAL/motors/dcm_program.o
LOAD ECUAL/push_button/pb_config.o
LOAD ECUAL/push_button/PB_prog.o
LOAD ECUAL/ultrasonic/ultrasonic_prog.o
LOAD main.o
LOAD MCAL/dio/dio.o
LOAD MCAL/exti/ext_interrupt_config.o
LOAD MCAL/exti/EXT_INTERRUPT_Prog.o
LOAD MCAL/icu/ICU.o
LOAD MCAL/icu/ICU_cfg.o
LOAD MCAL/mcu_cfg/MCU_Prog.o
LOAD MCAL/pwm/pwm_config.o
LOAD MCAL/pwm/pwm_program.o
LOAD MCAL/timer/timer.o
LOAD MCAL/timer/timer_config.o
START GROUP
LOAD c:/program files (x86)/atmel/studio/7.0/toolchain/avr8/avr8-gnu-toolchain/bin/../lib/gcc/avr/5.4.0/../../../../avr/lib/avr5\libm.a
END GROUP
START GROUP
LOAD c:/program files (x86)/atmel/studio/7.0/toolchain/avr8/avr8-gnu-toolchain/bin/../lib/gcc/avr/5.4.0/avr5\libgcc.a
LOAD c:/program files (x86)/atmel/studio/7.0/toolchain/avr8/avr8-gnu-toolchain/bin/../lib/gcc/avr/5.4.0/../../../../avr/lib/avr5\libm.a
LOAD c:/program files (x86)/atmel/studio/7.0/toolchain/avr8/avr8-gnu-toolchain/bin/../lib/gcc/avr/5.4.0/../../../../avr/lib/avr5\libc.a
LOAD C:/Program Files (x86)/Atmel/Studio/7.0/Packs/atmel/ATmega_DFP/1.7.374/gcc/dev/atmega32/avr5\libatmega32.a
END GROUP
                0x00000000                __TEXT_REGION_ORIGIN__ = DEFINED (__TEXT_REGION_ORIGIN__)?__TEXT_REGION_ORIGIN__:0x0
                [0x00800060]                __DATA_REGION_ORIGIN__ = DEFINED (__DATA_REGION_ORIGIN__)?__DATA_REGION_ORIGIN__:0x800060
                [0x00008000]                __TEXT_REGION_LENGTH__ = DEFINED (__TEXT_REGION_LENGTH__)?__TEXT_REGION_LENGTH__:0x20000
                [0x00000800]                __DATA_REGION_LENGTH__ = DEFINED (__DATA_REGION_LENGTH__)?__DATA_REGION_LENGTH__:0xffa0
                [0x00000400]                __EEPROM_REGION_LENGTH__ = DEFINED (__EEPROM_REGION_LENGTH__)?__EEPROM_REGION_LENGTH__:0x10000
                [0x00000002]                __FUSE_REGION_LENGTH__ = DEFINED (__FUSE_REGION_LENGTH__)?__FUSE_REGION_LENGTH__:0x400
                0x00000400                __LOCK_REGION_LENGTH__ = DEFINED (__LOCK_REGION_LENGTH__)?__LOCK_REGION_LENGTH__:0x400
                0x00000400                __SIGNATURE_REGION_LENGTH__ = DEFINED (__SIGNATURE_REGION_LENGTH__)?__SIGNATURE_REGION_LENGTH__:0x400
                0x00000400                __USER_SIGNATURE_REGION_LENGTH__ = DEFINED (__USER_SIGNATURE_REGION_LENGTH__)?__USER_SIGNATURE_REGION_LENGTH__:0x400

.hash
 *(.hash)

.dynsym
 *(.dynsym)

.dynstr
 *(.dynstr)

.gnu.version
 *(.gnu.version)

.gnu.version_d
 *(.gnu.version_d)

.gnu.version_r
 *(.gnu.version_r)

.rel.init
 *(.rel.init)

.rela.init
 *(.rela.init)

.rel.text
 *(.rel.text)
 *(.rel.text.*)
 *(.rel.gnu.linkonce.t*)

.rela.text
 *(.rela.text)
 *(.rela.text.*)
 *(.rela.gnu.linkonce.t*)

.rel.fini
 *(.rel.fini)

.rela.fini
 *(.rela.fini)

.rel.rodata
 *(.rel.rodata)
 *(.rel.rodata.*)
 *(.rel.gnu.linkonce.r*)

.rela.rodata
 *(.rela.rodata)
 *(.rela.rodata.*)
 *(.rela.gnu.linkonce.r*)

.rel.data
 *(.rel.data)
 *(.rel.data.*)
 *(.rel.gnu.linkonce.d*)

.rela.data
 *(.rela.data)
 *(.rela.data.*)
 *(.rela.gnu.linkonce.d*)

.rel.ctors
 *(.rel.ctors)

.rela.ctors
 *(.rela.ctors)

.rel.dtors
 *(.rel.dtors)

.rela.dtors
 *(.rela.dtors)

.rel.got
 *(.rel.got)

.rela.got
 *(.rela.got)

.rel.bss
 *(.rel.bss)

.rela.bss
 *(.rela.bss)

.rel.plt
 *(.rel.plt)

.rela.plt
 *(.rela.plt)

.text           0x00000000     0x2130
 *(.vectors)
 .vectors       0x00000000       0x54 C:/Program Files (x86)/Atmel/Studio/7.0/Packs/atmel/ATmega_DFP/1.7.374/gcc/dev/atmega32/avr5/crtatmega32.o
                0x00000000                __vector_default
                0x00000000                __vectors
 *(.vectors)
 *(.progmem.gcc*)
 .progmem.gcc_sw_table.app_main
                0x00000054       0x10 APPLICATION/app/app.o
                0x00000064                . = ALIGN (0x2)
                0x00000064                __trampolines_start = .
 *(.trampolines)
 .trampolines   0x00000064        0x0 linker stubs
 *(.trampolines*)
                0x00000064                __trampolines_end = .
 *libprintf_flt.a:*(.progmem.data)
 *libc.a:*(.progmem.data)
 *(.progmem*)
                0x00000064                . = ALIGN (0x2)
 *(.jumptables)
 *(.jumptables*)
 *(.lowtext)
 *(.lowtext*)
                0x00000064                __ctors_start = .
 *(.ctors)
                0x00000064                __ctors_end = .
                0x00000064                __dtors_start = .
 *(.dtors)
                0x00000064                __dtors_end = .
 SORT(*)(.ctors)
 SORT(*)(.dtors)
 *(.init0)
 .init0         0x00000064        0x0 C:/Program Files (x86)/Atmel/Studio/7.0/Packs/atmel/ATmega_DFP/1.7.374/gcc/dev/atmega32/avr5/crtatmega32.o
                0x00000064                __init
 *(.init0)
 *(.init1)
 *(.init1)
 *(.init2)
 .init2         0x00000064        0xc C:/Program Files (x86)/Atmel/Studio/7.0/Packs/atmel/ATmega_DFP/1.7.374/gcc/dev/atmega32/avr5/crtatmega32.o
 *(.init2)
 *(.init3)
 *(.init3)
 *(.init4)
 .init4         0x00000070       0x16 c:/program files (x86)/atmel/studio/7.0/toolchain/avr8/avr8-gnu-toolchain/bin/../lib/gcc/avr/5.4.0/avr5\libgcc.a(_copy_data.o)
                0x00000070                __do_copy_data
 .init4         0x00000086       0x10 c:/program files (x86)/atmel/studio/7.0/toolchain/avr8/avr8-gnu-toolchain/bin/../lib/gcc/avr/5.4.0/avr5\libgcc.a(_clear_bss.o)
                0x00000086                __do_clear_bss
 *(.init4)
 *(.init5)
 *(.init5)
 *(.init6)
 *(.init6)
 *(.init7)
 *(.init7)
 *(.init8)
 *(.init8)
 *(.init9)
 .init9         0x00000096        0x8 C:/Program Files (x86)/Atmel/Studio/7.0/Packs/atmel/ATmega_DFP/1.7.374/gcc/dev/atmega32/avr5/crtatmega32.o
 *(.init9)
 *(.text)
 .text          0x0000009e        0x4 C:/Program Files (x86)/Atmel/Studio/7.0/Packs/atmel/ATmega_DFP/1.7.374/gcc/dev/atmega32/avr5/crtatmega32.o
                0x0000009e                __vector_1
                0x0000009e                __vector_12
                0x0000009e                __bad_interrupt
                0x0000009e                __vector_6
                0x0000009e                __vector_13
                0x0000009e                __vector_17
                0x0000009e                __vector_19
                0x0000009e                __vector_7
                0x0000009e                __vector_4
                0x0000009e                __vector_2
                0x0000009e                __vector_15
                0x0000009e                __vector_8
                0x0000009e                __vector_14
                0x0000009e                __vector_10
                0x0000009e                __vector_16
                0x0000009e                __vector_18
                0x0000009e                __vector_20
                0x000000a2                . = ALIGN (0x2)
 *(.text.*)
 .text.app_init
                0x000000a2       0x20 APPLICATION/app/app.o
                0x000000a2                app_init
 .text.app_main
                0x000000c2      0x1c0 APPLICATION/app/app.o
                0x000000c2                app_main
 .text.setDefaultRotation
                0x00000282       0xae APPLICATION/car_module/car_operations.o
                0x00000282                setDefaultRotation
 .text.LCD_update
                0x00000330       0xd6 APPLICATION/car_module/car_operations.o
                0x00000330                LCD_update
 .text.obstcaleMoreThan70
                0x00000406       0x64 APPLICATION/car_module/car_operations.o
                0x00000406                obstcaleMoreThan70
 .text.obstcaleMoreThan30
                0x0000046a       0x3a APPLICATION/car_module/car_operations.o
                0x0000046a                obstcaleMoreThan30
 .text.obstcaleMoreThan20
                0x000004a4       0x9a APPLICATION/car_module/car_operations.o
                0x000004a4                obstcaleMoreThan20
 .text.obstcaleLessThan20
                0x0000053e       0x60 APPLICATION/car_module/car_operations.o
                0x0000053e                obstcaleLessThan20
 .text.Car_Stop
                0x0000059e       0x1a APPLICATION/car_module/car_operations.o
                0x0000059e                Car_Stop
 .text.LCD_update_stop
                0x000005b8       0x22 APPLICATION/car_module/car_operations.o
                0x000005b8                LCD_update_stop
 .text.KEYPAD_init
                0x000005da       0x4e ECUAL/keypad/keypad_program.o
                0x000005da                KEYPAD_init
 .text.KEYPAD_getButton
                0x00000628       0xe8 ECUAL/keypad/keypad_program.o
                0x00000628                KEYPAD_getButton
 .text.WriteIns
                0x00000710       0xc0 ECUAL/lcd/lcd_program.o
 .text.WriteData
                0x000007d0       0xc0 ECUAL/lcd/lcd_program.o
 .text.LCD_WriteChar
                0x00000890        0x6 ECUAL/lcd/lcd_program.o
                0x00000890                LCD_WriteChar
 .text.LCD_WriteString
                0x00000896       0x26 ECUAL/lcd/lcd_program.o
                0x00000896                LCD_WriteString
 .text.LCD_SetCursor
                0x000008bc       0x1c ECUAL/lcd/lcd_program.o
                0x000008bc                LCD_SetCursor
 .text.LCD_Clear
                0x000008d8       0x14 ECUAL/lcd/lcd_program.o
                0x000008d8                LCD_Clear
 .text.LCD_WriteNumber
                0x000008ec       0x9a ECUAL/lcd/lcd_program.o
                0x000008ec                LCD_WriteNumber
 .text.LCD_PinsInit
                0x00000986       0x3a ECUAL/lcd/lcd_program.o
                0x00000986                LCD_PinsInit
 .text.LCD_Init
                0x000009c0       0x3c ECUAL/lcd/lcd_program.o
                0x000009c0                LCD_Init
 .text.DCM_motorInit
                0x000009fc       0x54 ECUAL/motors/dcm_program.o
                0x000009fc                DCM_motorInit
 .text.DCM_changeDCMDirection
                0x00000a50       0x26 ECUAL/motors/dcm_program.o
                0x00000a50                DCM_changeDCMDirection
 .text.DCM_vdStopDCM
                0x00000a76       0x1a ECUAL/motors/dcm_program.o
                0x00000a76                DCM_vdStopDCM
 .text.DCM_u8SetDutyCycleOfPWM
                0x00000a90        0xe ECUAL/motors/dcm_program.o
                0x00000a90                DCM_u8SetDutyCycleOfPWM
 .text.DCM_rotateDCM
                0x00000a9e       0x6c ECUAL/motors/dcm_program.o
                0x00000a9e                DCM_rotateDCM
 .text.DCM_MoveForward
                0x00000b0a       0x3a ECUAL/motors/dcm_program.o
                0x00000b0a                DCM_MoveForward
 .text.DCM_MoveBackward
                0x00000b44       0x3a ECUAL/motors/dcm_program.o
                0x00000b44                DCM_MoveBackward
 .text.PUSH_BTN_intialize
                0x00000b7e        0xa ECUAL/push_button/PB_prog.o
                0x00000b7e                PUSH_BTN_intialize
 .text.PUSH_BTN_read_state
                0x00000b88       0x82 ECUAL/push_button/PB_prog.o
                0x00000b88                PUSH_BTN_read_state
 .text.ultrasonic_vInit
                0x00000c0a        0xe ECUAL/ultrasonic/ultrasonic_prog.o
                0x00000c0a                ultrasonic_vInit
 .text.ultrasonic_vGetDistance
                0x00000c18       0x94 ECUAL/ultrasonic/ultrasonic_prog.o
                0x00000c18                ultrasonic_vGetDistance
 .text.main     0x00000cac        0xa main.o
                0x00000cac                main
 .text.DIO_WritePin
                0x00000cb6       0xe2 MCAL/dio/dio.o
                0x00000cb6                DIO_WritePin
 .text.DIO_read
                0x00000d98       0x68 MCAL/dio/dio.o
                0x00000d98                DIO_read
 .text.DIO_toggle
                0x00000e00       0x68 MCAL/dio/dio.o
                0x00000e00                DIO_toggle
 .text.DIO_Initpin
                0x00000e68      0x2da MCAL/dio/dio.o
                0x00000e68                DIO_Initpin
 .text.DIO_initpinn
                0x00001142      0x1fa MCAL/dio/dio.o
                0x00001142                DIO_initpinn
 .text.DIO_writepinn
                0x0000133c      0x10e MCAL/dio/dio.o
                0x0000133c                DIO_writepinn
 .text.DIO_InitDCM
                0x0000144a      0x100 MCAL/dio/dio.o
                0x0000144a                DIO_InitDCM
 .text.ICU_getValue
                0x0000154a       0x10 MCAL/icu/ICU.o
                0x0000154a                ICU_getValue
 .text.EXI_enablePIE
                0x0000155a       0x26 MCAL/icu/ICU.o
                0x0000155a                EXI_enablePIE
 .text.TIMER_tmr1NormalModeInit
                0x00001580       0x6a MCAL/icu/ICU.o
                0x00001580                TIMER_tmr1NormalModeInit
 .text.TIMER_tmr1Start
                0x000015ea       0x96 MCAL/icu/ICU.o
                0x000015ea                TIMER_tmr1Start
 .text.TIMER_tmr1Stop
                0x00001680       0x14 MCAL/icu/ICU.o
                0x00001680                TIMER_tmr1Stop
 .text.ICU_RisingEdgeCapture
                0x00001694       0x2c MCAL/icu/ICU.o
                0x00001694                ICU_RisingEdgeCapture
 .text.__vector_3
                0x000016c0       0xa6 MCAL/icu/ICU.o
                0x000016c0                __vector_3
 .text.__vector_9
                0x00001766       0x2e MCAL/icu/ICU.o
                0x00001766                __vector_9
 .text.MCU_vEnableInterrupt
                0x00001794        0x8 MCAL/mcu_cfg/MCU_Prog.o
                0x00001794                MCU_vEnableInterrupt
 .text.TIMER0_PWM_ExecutedFunction
                0x0000179c       0x5e MCAL/pwm/pwm_program.o
 .text.TIMER0_init
                0x000017fa       0x10 MCAL/pwm/pwm_program.o
                0x000017fa                TIMER0_init
 .text.TIMER0_start
                0x0000180a        0xa MCAL/pwm/pwm_program.o
                0x0000180a                TIMER0_start
 .text.TIMER0_stop
                0x00001814        0x8 MCAL/pwm/pwm_program.o
                0x00001814                TIMER0_stop
 .text.TIMER0_initPWM
                0x0000181c       0x38 MCAL/pwm/pwm_program.o
                0x0000181c                TIMER0_initPWM
 .text.TIMER0_setPwm
                0x00001854       0x3e MCAL/pwm/pwm_program.o
                0x00001854                TIMER0_setPwm
 .text.__vector_11
                0x00001892       0x48 MCAL/pwm/pwm_program.o
                0x00001892                __vector_11
 .text.TIMER_TMR2NormalModeInit
                0x000018da       0x3a MCAL/timer/timer.o
                0x000018da                TIMER_TMR2NormalModeInit
 .text.TIMER_TMR2Start
                0x00001914       0xce MCAL/timer/timer.o
                0x00001914                TIMER_TMR2Start
 .text.TMR_intDelay_ms
                0x000019e2      0x138 MCAL/timer/timer.o
                0x000019e2                TMR_intDelay_ms
 .text.TMR_TMR2Stop
                0x00001b1a       0x14 MCAL/timer/timer.o
                0x00001b1a                TMR_TMR2Stop
 .text.__vector_5
                0x00001b2e       0x76 MCAL/timer/timer.o
                0x00001b2e                __vector_5
 .text.avr-libc.fplib
                0x00001ba4        0xe c:/program files (x86)/atmel/studio/7.0/toolchain/avr8/avr8-gnu-toolchain/bin/../lib/gcc/avr/5.4.0/../../../../avr/lib/avr5\libm.a(addsf3.o)
                0x00001ba4                __subsf3
                0x00001ba6                __addsf3
 .text.avr-libc.fplib
                0x00001bb2       0xcc c:/program files (x86)/atmel/studio/7.0/toolchain/avr8/avr8-gnu-toolchain/bin/../lib/gcc/avr/5.4.0/../../../../avr/lib/avr5\libm.a(addsf3x.o)
                0x00001bd4                __addsf3x
 .text.avr-libc.fplib
                0x00001c7e       0x2e c:/program files (x86)/atmel/studio/7.0/toolchain/avr8/avr8-gnu-toolchain/bin/../lib/gcc/avr/5.4.0/../../../../avr/lib/avr5\libm.a(ceil.o)
                0x00001c7e                ceil
 .text.avr-libc.fplib
                0x00001cac        0xa c:/program files (x86)/atmel/studio/7.0/toolchain/avr8/avr8-gnu-toolchain/bin/../lib/gcc/avr/5.4.0/../../../../avr/lib/avr5\libm.a(cmpsf2.o)
                0x00001cac                __nesf2
                0x00001cac                __eqsf2
                0x00001cac                __cmpsf2
                0x00001cac                __ltsf2
                0x00001cac                __lesf2
 .text.avr-libc.fplib
                0x00001cb6        0x8 c:/program files (x86)/atmel/studio/7.0/toolchain/avr8/avr8-gnu-toolchain/bin/../lib/gcc/avr/5.4.0/../../../../avr/lib/avr5\libm.a(divsf3.o)
                0x00001cb6                __divsf3
 .text.avr-libc.fplib
                0x00001cbe       0xdc c:/program files (x86)/atmel/studio/7.0/toolchain/avr8/avr8-gnu-toolchain/bin/../lib/gcc/avr/5.4.0/../../../../avr/lib/avr5\libm.a(divsf3x.o)
                0x00001cde                __divsf3x
                0x00001ce4                __divsf3_pse
 .text.avr-libc.fplib
                0x00001d9a        0xe c:/program files (x86)/atmel/studio/7.0/toolchain/avr8/avr8-gnu-toolchain/bin/../lib/gcc/avr/5.4.0/../../../../avr/lib/avr5\libm.a(fixsfsi.o)
                0x00001d9a                __fixsfsi
 .text.avr-libc.fplib
                0x00001da8       0x5e c:/program files (x86)/atmel/studio/7.0/toolchain/avr8/avr8-gnu-toolchain/bin/../lib/gcc/avr/5.4.0/../../../../avr/lib/avr5\libm.a(fixunssfsi.o)
                0x00001da8                __fixunssfsi
 .text.avr-libc.fplib
                0x00001e06       0x7a c:/program files (x86)/atmel/studio/7.0/toolchain/avr8/avr8-gnu-toolchain/bin/../lib/gcc/avr/5.4.0/../../../../avr/lib/avr5\libm.a(floatsisf.o)
                0x00001e06                __floatunsisf
                0x00001e0a                __floatsisf
 .text.avr-libc.fplib
                0x00001e80       0x48 c:/program files (x86)/atmel/studio/7.0/toolchain/avr8/avr8-gnu-toolchain/bin/../lib/gcc/avr/5.4.0/../../../../avr/lib/avr5\libm.a(fp_cmp.o)
                0x00001e80                __fp_cmp
 .text.avr-libc.fplib
                0x00001ec8        0xc c:/program files (x86)/atmel/studio/7.0/toolchain/avr8/avr8-gnu-toolchain/bin/../lib/gcc/avr/5.4.0/../../../../avr/lib/avr5\libm.a(fp_inf.o)
                0x00001ec8                __fp_inf
 .text.avr-libc.fplib
                0x00001ed4       0x36 c:/program files (x86)/atmel/studio/7.0/toolchain/avr8/avr8-gnu-toolchain/bin/../lib/gcc/avr/5.4.0/../../../../avr/lib/avr5\libm.a(fp_mintl.o)
                0x00001ed4                __fp_mintl
 .text.avr-libc.fplib
                0x00001f0a       0x1c c:/program files (x86)/atmel/studio/7.0/toolchain/avr8/avr8-gnu-toolchain/bin/../lib/gcc/avr/5.4.0/../../../../avr/lib/avr5\libm.a(fp_mpack.o)
                0x00001f0a                __fp_mpack
                0x00001f0e                __fp_mpack_finite
 .text.avr-libc.fplib
                0x00001f26        0x6 c:/program files (x86)/atmel/studio/7.0/toolchain/avr8/avr8-gnu-toolchain/bin/../lib/gcc/avr/5.4.0/../../../../avr/lib/avr5\libm.a(fp_nan.o)
                0x00001f26                __fp_nan
 .text.avr-libc.fplib
                0x00001f2c        0xe c:/program files (x86)/atmel/studio/7.0/toolchain/avr8/avr8-gnu-toolchain/bin/../lib/gcc/avr/5.4.0/../../../../avr/lib/avr5\libm.a(fp_pscA.o)
                0x00001f2c                __fp_pscA
 .text.avr-libc.fplib
                0x00001f3a        0xe c:/program files (x86)/atmel/studio/7.0/toolchain/avr8/avr8-gnu-toolchain/bin/../lib/gcc/avr/5.4.0/../../../../avr/lib/avr5\libm.a(fp_pscB.o)
                0x00001f3a                __fp_pscB
 .text.avr-libc.fplib
                0x00001f48       0x22 c:/program files (x86)/atmel/studio/7.0/toolchain/avr8/avr8-gnu-toolchain/bin/../lib/gcc/avr/5.4.0/../../../../avr/lib/avr5\libm.a(fp_round.o)
                0x00001f48                __fp_round
 .text.avr-libc.fplib
                0x00001f6a       0x44 c:/program files (x86)/atmel/studio/7.0/toolchain/avr8/avr8-gnu-toolchain/bin/../lib/gcc/avr/5.4.0/../../../../avr/lib/avr5\libm.a(fp_split3.o)
                0x00001f6a                __fp_split3
                0x00001f7a                __fp_splitA
 .text.avr-libc.fplib
                0x00001fae       0x30 c:/program files (x86)/atmel/studio/7.0/toolchain/avr8/avr8-gnu-toolchain/bin/../lib/gcc/avr/5.4.0/../../../../avr/lib/avr5\libm.a(fp_trunc.o)
                0x00001fae                __fp_trunc
 .text.avr-libc.fplib
                0x00001fde        0xe c:/program files (x86)/atmel/studio/7.0/toolchain/avr8/avr8-gnu-toolchain/bin/../lib/gcc/avr/5.4.0/../../../../avr/lib/avr5\libm.a(fp_zero.o)
                0x00001fde                __fp_zero
                0x00001fe0                __fp_szero
 .text.avr-libc.fplib
                0x00001fec        0xa c:/program files (x86)/atmel/studio/7.0/toolchain/avr8/avr8-gnu-toolchain/bin/../lib/gcc/avr/5.4.0/../../../../avr/lib/avr5\libm.a(gesf2.o)
                0x00001fec                __gesf2
                0x00001fec                __gtsf2
 .text.avr-libc.fplib
                0x00001ff6        0x8 c:/program files (x86)/atmel/studio/7.0/toolchain/avr8/avr8-gnu-toolchain/bin/../lib/gcc/avr/5.4.0/../../../../avr/lib/avr5\libm.a(mulsf3.o)
                0x00001ff6                __mulsf3
 .text.avr-libc.fplib
                0x00001ffe       0xd2 c:/program files (x86)/atmel/studio/7.0/toolchain/avr8/avr8-gnu-toolchain/bin/../lib/gcc/avr/5.4.0/../../../../avr/lib/avr5\libm.a(mulsf3x.o)
                0x0000201c                __mulsf3x
                0x00002022                __mulsf3_pse
 .text.libgcc.div
                0x000020d0       0x28 c:/program files (x86)/atmel/studio/7.0/toolchain/avr8/avr8-gnu-toolchain/bin/../lib/gcc/avr/5.4.0/avr5\libgcc.a(_divmodhi4.o)
                0x000020d0                _div
                0x000020d0                __divmodhi4
 .text.libgcc   0x000020f8        0xc c:/program files (x86)/atmel/studio/7.0/toolchain/avr8/avr8-gnu-toolchain/bin/../lib/gcc/avr/5.4.0/avr5\libgcc.a(_tablejump2.o)
                0x000020f8                __tablejump2__
 .text.libgcc.div
                0x00002104       0x28 c:/program files (x86)/atmel/studio/7.0/toolchain/avr8/avr8-gnu-toolchain/bin/../lib/gcc/avr/5.4.0/avr5\libgcc.a(_udivmodhi4.o)
                0x00002104                __udivmodhi4
                0x0000212c                . = ALIGN (0x2)
 *(.fini9)
 .fini9         0x0000212c        0x0 c:/program files (x86)/atmel/studio/7.0/toolchain/avr8/avr8-gnu-toolchain/bin/../lib/gcc/avr/5.4.0/avr5\libgcc.a(_exit.o)
                0x0000212c                _exit
                0x0000212c                exit
 *(.fini9)
 *(.fini8)
 *(.fini8)
 *(.fini7)
 *(.fini7)
 *(.fini6)
 *(.fini6)
 *(.fini5)
 *(.fini5)
 *(.fini4)
 *(.fini4)
 *(.fini3)
 *(.fini3)
 *(.fini2)
 *(.fini2)
 *(.fini1)
 *(.fini1)
 *(.fini0)
 .fini0         0x0000212c        0x4 c:/program files (x86)/atmel/studio/7.0/toolchain/avr8/avr8-gnu-toolchain/bin/../lib/gcc/avr/5.4.0/avr5\libgcc.a(_exit.o)
 *(.fini0)
                0x00002130                _etext = .

.data           0x00800060       0xa0 load address 0x00002130
                0x00800060                PROVIDE (__data_start, .)
 *(.data)
 *(.data*)
 .data.en_g_rotation
                0x00800060        0x1 APPLICATION/car_module/car_operations.o
                0x00800060                en_g_rotation
 .data.ST_g_carMotors
                0x00800061        0x6 ECUAL/motors/dcm_cfg.o
                0x00800061                ST_g_carMotors
 .data.ultra    0x00800067        0xa ECUAL/ultrasonic/ultrasonic_prog.o
 .data.ST_g_softwareICU
                0x00800071        0x4 MCAL/icu/ICU_cfg.o
                0x00800071                ST_g_softwareICU
 *(.gnu.linkonce.d*)
 *(.rodata)
 *(.rodata*)
 .rodata.str1.1
                0x00800075       0x70 APPLICATION/car_module/car_operations.o
 .rodata.st_keypad_conf
                0x008000e5       0x11 ECUAL/keypad/keypad_config.o
                0x008000e5                st_keypad_conf
 .rodata.A_pbConfig
                0x008000f6        0x7 ECUAL/push_button/pb_config.o
                0x008000f6                A_pbConfig
 .rodata.st_pwm_configs
                0x008000fd        0x2 MCAL/pwm/pwm_config.o
                0x008000fd                st_pwm_configs
 *(.gnu.linkonce.r*)
                0x00800100                . = ALIGN (0x2)
 *fill*         0x008000ff        0x1 
                0x00800100                _edata = .
                0x00800100                PROVIDE (__data_end, .)

.bss            0x00800100       0x25
                0x00800100                PROVIDE (__bss_start, .)
 *(.bss)
 *(.bss*)
 .bss.u8_g_stopFlag
                0x00800100        0x1 APPLICATION/app/app.o
                0x00800100                u8_g_stopFlag
 .bss.u8_g_startFlag
                0x00800101        0x1 APPLICATION/app/app.o
                0x00800101                u8_g_startFlag
 .bss.en_g_keyState
                0x00800102        0x1 APPLICATION/app/app.o
                0x00800102                en_g_keyState
 .bss.u8_g_rot360Flag
                0x00800103        0x1 APPLICATION/car_module/car_operations.o
                0x00800103                u8_g_rot360Flag
 .bss.u8_g_lessThan20Flag
                0x00800104        0x1 APPLICATION/car_module/car_operations.o
                0x00800104                u8_g_lessThan20Flag
 .bss.u8_g_moreThan30Flag
                0x00800105        0x1 APPLICATION/car_module/car_operations.o
                0x00800105                u8_g_moreThan30Flag
 .bss.u8_g_moreThan70Flag
                0x00800106        0x1 APPLICATION/car_module/car_operations.o
                0x00800106                u8_g_moreThan70Flag
 .bss.f64_g_obstcaleDistance
                0x00800107        0x4 APPLICATION/car_module/car_operations.o
                0x00800107                f64_g_obstcaleDistance
 .bss.en_g_rotationBtnState
                0x0080010b        0x1 APPLICATION/car_module/car_operations.o
                0x0080010b                en_g_rotationBtnState
 .bss.en_g_state
                0x0080010c        0x1 APPLICATION/car_module/car_operations.o
                0x0080010c                en_g_state
 .bss.en_g_direction
                0x0080010d        0x1 APPLICATION/car_module/car_operations.o
                0x0080010d                en_g_direction
 .bss.en_g_speed
                0x0080010e        0x1 APPLICATION/car_module/car_operations.o
                0x0080010e                en_g_speed
 .bss.ICU_g_Count
                0x0080010f        0x2 MCAL/icu/ICU.o
                0x0080010f                ICU_g_Count
 .bss.ICU_g_flag
                0x00800111        0x1 MCAL/icu/ICU.o
                0x00800111                ICU_g_flag
 .bss.ICU_g_ValueFalling
                0x00800112        0x2 MCAL/icu/ICU.o
                0x00800112                ICU_g_ValueFalling
 .bss.ICU_g_ValueRising
                0x00800114        0x2 MCAL/icu/ICU.o
                0x00800114                ICU_g_ValueRising
 .bss.u32_g_timer1Overflow
                0x00800116        0x2 MCAL/icu/ICU.o
                0x00800116                u32_g_timer1Overflow
 .bss.TIMER_g_timer1RegValue
                0x00800118        0x2 MCAL/icu/ICU.o
                0x00800118                TIMER_g_timer1RegValue
 .bss.u8_g_on_off_state
                0x0080011a        0x1 MCAL/pwm/pwm_program.o
                0x0080011a                u8_g_on_off_state
 .bss.u8_g_OffTime
                0x0080011b        0x1 MCAL/pwm/pwm_program.o
                0x0080011b                u8_g_OffTime
 .bss.u8_g_OnTime
                0x0080011c        0x1 MCAL/pwm/pwm_program.o
                0x0080011c                u8_g_OnTime
 .bss.u16_g_tcnt2InitialVal
                0x0080011d        0x2 MCAL/timer/timer.o
                0x0080011d                u16_g_tcnt2InitialVal
 .bss.u16_g_overflow2Numbers
                0x0080011f        0x2 MCAL/timer/timer.o
                0x0080011f                u16_g_overflow2Numbers
 .bss.u16_g_overflow2Ticks
                0x00800121        0x2 MCAL/timer/timer.o
                0x00800121                u16_g_overflow2Ticks
 .bss.u8_g_timeOut
                0x00800123        0x1 MCAL/timer/timer.o
                0x00800123                u8_g_timeOut
 *(COMMON)
 COMMON         0x00800124        0x1 MCAL/icu/ICU.o
                0x00800124                ICU_g_edgeFlag
                0x00800125                PROVIDE (__bss_end, .)
                0x00002130                __data_load_start = LOADADDR (.data)
                0x000021d0                __data_load_end = (__data_load_start + SIZEOF (.data))

.noinit         0x00800125        0x0
                [!provide]                PROVIDE (__noinit_start, .)
 *(.noinit*)
                [!provide]                PROVIDE (__noinit_end, .)
                0x00800125                _end = .
                [!provide]                PROVIDE (__heap_start, .)

.eeprom         0x00810000        0x0
 *(.eeprom*)
                0x00810000                __eeprom_end = .

.fuse
 *(.fuse)
 *(.lfuse)
 *(.hfuse)
 *(.efuse)

.lock
 *(.lock*)

.signature
 *(.signature*)

.user_signatures
 *(.user_signatures*)

.stab
 *(.stab)

.stabstr
 *(.stabstr)

.stab.excl
 *(.stab.excl)

.stab.exclstr
 *(.stab.exclstr)

.stab.index
 *(.stab.index)

.stab.indexstr
 *(.stab.indexstr)

.comment        0x00000000       0x30
 *(.comment)
 .comment       0x00000000       0x30 APPLICATION/app/app.o
                                 0x31 (size before relaxing)
 .comment       0x00000030       0x31 APPLICATION/car_module/car_operations.o
 .comment       0x00000030       0x31 ECUAL/keypad/keypad_config.o
 .comment       0x00000030       0x31 ECUAL/keypad/keypad_program.o
 .comment       0x00000030       0x31 ECUAL/lcd/lcd_program.o
 .comment       0x00000030       0x31 ECUAL/motors/dcm_cfg.o
 .comment       0x00000030       0x31 ECUAL/motors/dcm_program.o
 .comment       0x00000030       0x31 ECUAL/push_button/pb_config.o
 .comment       0x00000030       0x31 ECUAL/push_button/PB_prog.o
 .comment       0x00000030       0x31 ECUAL/ultrasonic/ultrasonic_prog.o
 .comment       0x00000030       0x31 main.o
 .comment       0x00000030       0x31 MCAL/dio/dio.o
 .comment       0x00000030       0x31 MCAL/icu/ICU.o
 .comment       0x00000030       0x31 MCAL/icu/ICU_cfg.o
 .comment       0x00000030       0x31 MCAL/mcu_cfg/MCU_Prog.o
 .comment       0x00000030       0x31 MCAL/pwm/pwm_config.o
 .comment       0x00000030       0x31 MCAL/pwm/pwm_program.o
 .comment       0x00000030       0x31 MCAL/timer/timer.o

.note.gnu.avr.deviceinfo
                0x00000000       0x3c
 .note.gnu.avr.deviceinfo
                0x00000000       0x3c C:/Program Files (x86)/Atmel/Studio/7.0/Packs/atmel/ATmega_DFP/1.7.374/gcc/dev/atmega32/avr5/crtatmega32.o

.note.gnu.build-id
 *(.note.gnu.build-id)

.debug
 *(.debug)

.line
 *(.line)

.debug_srcinfo
 *(.debug_srcinfo)

.debug_sfnames
 *(.debug_sfnames)

.debug_aranges  0x00000000      0x3e8
 *(.debug_aranges)
 .debug_aranges
                0x00000000       0x28 APPLICATION/app/app.o
 .debug_aranges
                0x00000028       0x58 APPLICATION/car_module/car_operations.o
 .debug_aranges
                0x00000080       0x18 ECUAL/keypad/keypad_config.o
 .debug_aranges
                0x00000098       0x28 ECUAL/keypad/keypad_program.o
 .debug_aranges
                0x000000c0       0x60 ECUAL/lcd/lcd_program.o
 .debug_aranges
                0x00000120       0x18 ECUAL/motors/dcm_cfg.o
 .debug_aranges
                0x00000138       0x58 ECUAL/motors/dcm_program.o
 .debug_aranges
                0x00000190       0x18 ECUAL/push_button/pb_config.o
 .debug_aranges
                0x000001a8       0x28 ECUAL/push_button/PB_prog.o
 .debug_aranges
                0x000001d0       0x28 ECUAL/ultrasonic/ultrasonic_prog.o
 .debug_aranges
                0x000001f8       0x20 main.o
 .debug_aranges
                0x00000218       0x68 MCAL/dio/dio.o
 .debug_aranges
                0x00000280       0x58 MCAL/icu/ICU.o
 .debug_aranges
                0x000002d8       0x18 MCAL/icu/ICU_cfg.o
 .debug_aranges
                0x000002f0       0x20 MCAL/mcu_cfg/MCU_Prog.o
 .debug_aranges
                0x00000310       0x18 MCAL/pwm/pwm_config.o
 .debug_aranges
                0x00000328       0x50 MCAL/pwm/pwm_program.o
 .debug_aranges
                0x00000378       0x70 MCAL/timer/timer.o

.debug_pubnames
 *(.debug_pubnames)

.debug_info     0x00000000     0x479c
 *(.debug_info .gnu.linkonce.wi.*)
 .debug_info    0x00000000      0x4e6 C:/Program Files (x86)/Atmel/Studio/7.0/Packs/atmel/ATmega_DFP/1.7.374/gcc/dev/atmega32/avr5/crtatmega32.o
 .debug_info    0x000004e6      0x3b2 APPLICATION/app/app.o
 .debug_info    0x00000898      0x8ea APPLICATION/car_module/car_operations.o
 .debug_info    0x00001182      0x26d ECUAL/keypad/keypad_config.o
 .debug_info    0x000013ef      0x39f ECUAL/keypad/keypad_program.o
 .debug_info    0x0000178e      0x98f ECUAL/lcd/lcd_program.o
 .debug_info    0x0000211d      0x106 ECUAL/motors/dcm_cfg.o
 .debug_info    0x00002223      0x59a ECUAL/motors/dcm_program.o
 .debug_info    0x000027bd      0x262 ECUAL/push_button/pb_config.o
 .debug_info    0x00002a1f      0x420 ECUAL/push_button/PB_prog.o
 .debug_info    0x00002e3f      0x3c6 ECUAL/ultrasonic/ultrasonic_prog.o
 .debug_info    0x00003205       0xc6 main.o
 .debug_info    0x000032cb      0x60f MCAL/dio/dio.o
 .debug_info    0x000038da      0x3d9 MCAL/icu/ICU.o
 .debug_info    0x00003cb3      0x118 MCAL/icu/ICU_cfg.o
 .debug_info    0x00003dcb       0x98 MCAL/mcu_cfg/MCU_Prog.o
 .debug_info    0x00003e63      0x1a2 MCAL/pwm/pwm_config.o
 .debug_info    0x00004005      0x37b MCAL/pwm/pwm_program.o
 .debug_info    0x00004380      0x41c MCAL/timer/timer.o

.debug_abbrev   0x00000000     0x177d
 *(.debug_abbrev)
 .debug_abbrev  0x00000000      0x4a3 C:/Program Files (x86)/Atmel/Studio/7.0/Packs/atmel/ATmega_DFP/1.7.374/gcc/dev/atmega32/avr5/crtatmega32.o
 .debug_abbrev  0x000004a3      0x11a APPLICATION/app/app.o
 .debug_abbrev  0x000005bd      0x111 APPLICATION/car_module/car_operations.o
 .debug_abbrev  0x000006ce       0xb1 ECUAL/keypad/keypad_config.o
 .debug_abbrev  0x0000077f      0x143 ECUAL/keypad/keypad_program.o
 .debug_abbrev  0x000008c2      0x1be ECUAL/lcd/lcd_program.o
 .debug_abbrev  0x00000a80       0x8c ECUAL/motors/dcm_cfg.o
 .debug_abbrev  0x00000b0c      0x198 ECUAL/motors/dcm_program.o
 .debug_abbrev  0x00000ca4       0x91 ECUAL/push_button/pb_config.o
 .debug_abbrev  0x00000d35      0x119 ECUAL/push_button/PB_prog.o
 .debug_abbrev  0x00000e4e      0x191 ECUAL/ultrasonic/ultrasonic_prog.o
 .debug_abbrev  0x00000fdf       0x66 main.o
 .debug_abbrev  0x00001045      0x15d MCAL/dio/dio.o
 .debug_abbrev  0x000011a2      0x16a MCAL/icu/ICU.o
 .debug_abbrev  0x0000130c       0x7f MCAL/icu/ICU_cfg.o
 .debug_abbrev  0x0000138b       0x51 MCAL/mcu_cfg/MCU_Prog.o
 .debug_abbrev  0x000013dc       0x93 MCAL/pwm/pwm_config.o
 .debug_abbrev  0x0000146f      0x155 MCAL/pwm/pwm_program.o
 .debug_abbrev  0x000015c4      0x1b9 MCAL/timer/timer.o

.debug_line     0x00000000     0x2892
 *(.debug_line .debug_line.* .debug_line_end)
 .debug_line    0x00000000      0x116 C:/Program Files (x86)/Atmel/Studio/7.0/Packs/atmel/ATmega_DFP/1.7.374/gcc/dev/atmega32/avr5/crtatmega32.o
 .debug_line    0x00000116      0x44b APPLICATION/app/app.o
 .debug_line    0x00000561      0x491 APPLICATION/car_module/car_operations.o
 .debug_line    0x000009f2       0x87 ECUAL/keypad/keypad_config.o
 .debug_line    0x00000a79      0x1a2 ECUAL/keypad/keypad_program.o
 .debug_line    0x00000c1b      0x435 ECUAL/lcd/lcd_program.o
 .debug_line    0x00001050       0xa7 ECUAL/motors/dcm_cfg.o
 .debug_line    0x000010f7      0x305 ECUAL/motors/dcm_program.o
 .debug_line    0x000013fc       0x89 ECUAL/push_button/pb_config.o
 .debug_line    0x00001485      0x138 ECUAL/push_button/PB_prog.o
 .debug_line    0x000015bd      0x271 ECUAL/ultrasonic/ultrasonic_prog.o
 .debug_line    0x0000182e       0x68 main.o
 .debug_line    0x00001896      0x490 MCAL/dio/dio.o
 .debug_line    0x00001d26      0x2f1 MCAL/icu/ICU.o
 .debug_line    0x00002017       0x40 MCAL/icu/ICU_cfg.o
 .debug_line    0x00002057       0x7a MCAL/mcu_cfg/MCU_Prog.o
 .debug_line    0x000020d1       0x71 MCAL/pwm/pwm_config.o
 .debug_line    0x00002142      0x20c MCAL/pwm/pwm_program.o
 .debug_line    0x0000234e      0x544 MCAL/timer/timer.o

.debug_frame    0x00000000      0x7e0
 *(.debug_frame)
 .debug_frame   0x00000000       0x48 APPLICATION/app/app.o
 .debug_frame   0x00000048       0xbc APPLICATION/car_module/car_operations.o
 .debug_frame   0x00000104       0x6c ECUAL/keypad/keypad_program.o
 .debug_frame   0x00000170       0xe4 ECUAL/lcd/lcd_program.o
 .debug_frame   0x00000254       0xc8 ECUAL/motors/dcm_program.o
 .debug_frame   0x0000031c       0x58 ECUAL/push_button/PB_prog.o
 .debug_frame   0x00000374       0x50 ECUAL/ultrasonic/ultrasonic_prog.o
 .debug_frame   0x000003c4       0x24 main.o
 .debug_frame   0x000003e8       0xb4 MCAL/dio/dio.o
 .debug_frame   0x0000049c       0xfc MCAL/icu/ICU.o
 .debug_frame   0x00000598       0x24 MCAL/mcu_cfg/MCU_Prog.o
 .debug_frame   0x000005bc       0xf0 MCAL/pwm/pwm_program.o
 .debug_frame   0x000006ac      0x134 MCAL/timer/timer.o

.debug_str      0x00000000     0x153e
 *(.debug_str)
 .debug_str     0x00000000      0x196 C:/Program Files (x86)/Atmel/Studio/7.0/Packs/atmel/ATmega_DFP/1.7.374/gcc/dev/atmega32/avr5/crtatmega32.o
 .debug_str     0x00000196      0x42d APPLICATION/app/app.o
                                0x48b (size before relaxing)
 .debug_str     0x000005c3      0x1fe APPLICATION/car_module/car_operations.o
                                0x4f4 (size before relaxing)
 .debug_str     0x000007c1      0x1c5 ECUAL/keypad/keypad_config.o
                                0x362 (size before relaxing)
 .debug_str     0x00000986       0x72 ECUAL/keypad/keypad_program.o
                                0x3da (size before relaxing)
 .debug_str     0x000009f8       0xc4 ECUAL/lcd/lcd_program.o
                                0x2b5 (size before relaxing)
 .debug_str     0x00000abc       0x1a ECUAL/motors/dcm_cfg.o
                                0x224 (size before relaxing)
 .debug_str     0x00000ad6      0x18d ECUAL/motors/dcm_program.o
                                0x43c (size before relaxing)
 .debug_str     0x00000c63       0xa3 ECUAL/push_button/pb_config.o
                                0x3bd (size before relaxing)
 .debug_str     0x00000d06      0x10f ECUAL/push_button/PB_prog.o
                                0x506 (size before relaxing)
 .debug_str     0x00000e15       0xae ECUAL/ultrasonic/ultrasonic_prog.o
                                0x430 (size before relaxing)
 .debug_str     0x00000ec3        0xc main.o
                                0x199 (size before relaxing)
 .debug_str     0x00000ecf       0xb5 MCAL/dio/dio.o
                                0x4dc (size before relaxing)
 .debug_str     0x00000f84      0x2cd MCAL/icu/ICU.o
                                0x49d (size before relaxing)
 .debug_str     0x00001251       0x16 MCAL/icu/ICU_cfg.o
                                0x25a (size before relaxing)
 .debug_str     0x00001267       0x25 MCAL/mcu_cfg/MCU_Prog.o
                                0x1a7 (size before relaxing)
 .debug_str     0x0000128c       0x47 MCAL/pwm/pwm_config.o
                                0x298 (size before relaxing)
 .debug_str     0x000012d3       0xa4 MCAL/pwm/pwm_program.o
                                0x394 (size before relaxing)
 .debug_str     0x00001377      0x1c7 MCAL/timer/timer.o
                                0x3f7 (size before relaxing)

.debug_loc      0x00000000     0x2134
 *(.debug_loc)
 .debug_loc     0x00000000       0x49 APPLICATION/app/app.o
 .debug_loc     0x00000049      0x121 APPLICATION/car_module/car_operations.o
 .debug_loc     0x0000016a      0x154 ECUAL/keypad/keypad_program.o
 .debug_loc     0x000002be      0x59e ECUAL/lcd/lcd_program.o
 .debug_loc     0x0000085c      0x2a0 ECUAL/motors/dcm_program.o
 .debug_loc     0x00000afc       0xd3 ECUAL/push_button/PB_prog.o
 .debug_loc     0x00000bcf       0xe0 ECUAL/ultrasonic/ultrasonic_prog.o
 .debug_loc     0x00000caf      0xb28 MCAL/dio/dio.o
 .debug_loc     0x000017d7      0x273 MCAL/icu/ICU.o
 .debug_loc     0x00001a4a      0x1e4 MCAL/pwm/pwm_program.o
 .debug_loc     0x00001c2e      0x506 MCAL/timer/timer.o

.debug_macinfo
 *(.debug_macinfo)

.debug_weaknames
 *(.debug_weaknames)

.debug_funcnames
 *(.debug_funcnames)

.debug_typenames
 *(.debug_typenames)

.debug_varnames
 *(.debug_varnames)

.debug_pubtypes
 *(.debug_pubtypes)

.debug_ranges   0x00000000      0x2d0
 *(.debug_ranges)
 .debug_ranges  0x00000000       0x18 APPLICATION/app/app.o
 .debug_ranges  0x00000018       0x48 APPLICATION/car_module/car_operations.o
 .debug_ranges  0x00000060       0x18 ECUAL/keypad/keypad_program.o
 .debug_ranges  0x00000078       0x50 ECUAL/lcd/lcd_program.o
 .debug_ranges  0x000000c8       0x60 ECUAL/motors/dcm_program.o
 .debug_ranges  0x00000128       0x18 ECUAL/push_button/PB_prog.o
 .debug_ranges  0x00000140       0x18 ECUAL/ultrasonic/ultrasonic_prog.o
 .debug_ranges  0x00000158       0x10 main.o
 .debug_ranges  0x00000168       0x58 MCAL/dio/dio.o
 .debug_ranges  0x000001c0       0x48 MCAL/icu/ICU.o
 .debug_ranges  0x00000208       0x10 MCAL/mcu_cfg/MCU_Prog.o
 .debug_ranges  0x00000218       0x40 MCAL/pwm/pwm_program.o
 .debug_ranges  0x00000258       0x78 MCAL/timer/timer.o

.debug_macro
 *(.debug_macro)
OUTPUT(Project.elf elf32-avr)
LOAD linker stubs
