Archive member included to satisfy reference by file (symbol)

c:/program files (x86)/atmel/studio/7.0/toolchain/avr8/avr8-gnu-toolchain/bin/../lib/gcc/avr/5.4.0/avr5\libgcc.a(_exit.o)
                              C:/Program Files (x86)/Atmel/Studio/7.0/Packs/atmel/ATmega_DFP/1.7.374/gcc/dev/atmega32/avr5/crtatmega32.o (exit)
c:/program files (x86)/atmel/studio/7.0/toolchain/avr8/avr8-gnu-toolchain/bin/../lib/gcc/avr/5.4.0/avr5\libgcc.a(_copy_data.o)
                              ECUAL/push_button/pb_config.o (__do_copy_data)
c:/program files (x86)/atmel/studio/7.0/toolchain/avr8/avr8-gnu-toolchain/bin/../lib/gcc/avr/5.4.0/avr5\libgcc.a(_clear_bss.o)
                              MCAL/exti/EXT_INTERRUPT_Prog.o (__do_clear_bss)

Discarded input sections

 .data          0x00000000        0x0 C:/Program Files (x86)/Atmel/Studio/7.0/Packs/atmel/ATmega_DFP/1.7.374/gcc/dev/atmega32/avr5/crtatmega32.o
 .bss           0x00000000        0x0 C:/Program Files (x86)/Atmel/Studio/7.0/Packs/atmel/ATmega_DFP/1.7.374/gcc/dev/atmega32/avr5/crtatmega32.o
 .text          0x00000000        0x0 APPLICATION/app/app.o
 .data          0x00000000        0x0 APPLICATION/app/app.o
 .bss           0x00000000        0x0 APPLICATION/app/app.o
 .debug_line    0x00000000        0x0 APPLICATION/app/app.o
 .debug_str     0x00000000      0x139 APPLICATION/app/app.o
 .comment       0x00000000       0x31 APPLICATION/app/app.o
 .text          0x00000000        0x0 APPLICATION/car_module/car_operations.o
 .data          0x00000000        0x0 APPLICATION/car_module/car_operations.o
 .bss           0x00000000        0x0 APPLICATION/car_module/car_operations.o
 .debug_line    0x00000000        0x0 APPLICATION/car_module/car_operations.o
 .debug_str     0x00000000      0x14b APPLICATION/car_module/car_operations.o
 .comment       0x00000000       0x31 APPLICATION/car_module/car_operations.o
 .text          0x00000000        0x0 ECUAL/push_button/pb_config.o
 .data          0x00000000        0x0 ECUAL/push_button/pb_config.o
 .bss           0x00000000        0x0 ECUAL/push_button/pb_config.o
 .text          0x00000000        0x0 ECUAL/push_button/PB_prog.o
 .data          0x00000000        0x0 ECUAL/push_button/PB_prog.o
 .bss           0x00000000        0x0 ECUAL/push_button/PB_prog.o
 .text          0x00000000        0x0 main.o
 .data          0x00000000        0x0 main.o
 .bss           0x00000000        0x0 main.o
 .text          0x00000000        0x0 MCAL/dio/Dio.o
 .data          0x00000000        0x0 MCAL/dio/Dio.o
 .bss           0x00000000        0x0 MCAL/dio/Dio.o
 .text.DIO_toggle
                0x00000000       0x68 MCAL/dio/Dio.o
 .text          0x00000000        0x0 MCAL/exti/EXT_INTERRUPT_Config.o
 .data          0x00000000        0x0 MCAL/exti/EXT_INTERRUPT_Config.o
 .bss           0x00000000        0x0 MCAL/exti/EXT_INTERRUPT_Config.o
 .rodata.A_interruptConfig
                0x00000000        0xc MCAL/exti/EXT_INTERRUPT_Config.o
 .debug_info    0x00000000       0xf8 MCAL/exti/EXT_INTERRUPT_Config.o
 .debug_abbrev  0x00000000       0x96 MCAL/exti/EXT_INTERRUPT_Config.o
 .debug_aranges
                0x00000000       0x18 MCAL/exti/EXT_INTERRUPT_Config.o
 .debug_line    0x00000000       0x5b MCAL/exti/EXT_INTERRUPT_Config.o
 .debug_str     0x00000000      0x2a3 MCAL/exti/EXT_INTERRUPT_Config.o
 .comment       0x00000000       0x31 MCAL/exti/EXT_INTERRUPT_Config.o
 .text          0x00000000        0x0 MCAL/exti/EXT_INTERRUPT_Prog.o
 .data          0x00000000        0x0 MCAL/exti/EXT_INTERRUPT_Prog.o
 .bss           0x00000000        0x0 MCAL/exti/EXT_INTERRUPT_Prog.o
 .text.EXT0_INTERRUPT_SetInterruptHandler
                0x00000000        0xa MCAL/exti/EXT_INTERRUPT_Prog.o
 .text.EXT1_INTERRUPT_SetInterruptHandler
                0x00000000        0xa MCAL/exti/EXT_INTERRUPT_Prog.o
 .text.EXT2_INTERRUPT_SetInterruptHandler
                0x00000000        0xa MCAL/exti/EXT_INTERRUPT_Prog.o
 .text.EXT_vINTERRUPT_setSenseControl
                0x00000000      0x148 MCAL/exti/EXT_INTERRUPT_Prog.o
 .text.EXT_vINTERRUPT_Denit
                0x00000000       0x28 MCAL/exti/EXT_INTERRUPT_Prog.o
 .text.EXT_INTERRUPT_SetInterruptHandler
                0x00000000       0x76 MCAL/exti/EXT_INTERRUPT_Prog.o
 .text.EXT_vINTERRUPT_Init
                0x00000000        0xa MCAL/exti/EXT_INTERRUPT_Prog.o
 .text          0x00000000        0x0 MCAL/mcu_cfg/MCU_Prog.o
 .data          0x00000000        0x0 MCAL/mcu_cfg/MCU_Prog.o
 .bss           0x00000000        0x0 MCAL/mcu_cfg/MCU_Prog.o
 .text.MCU_vEnableInterrupt
                0x00000000        0x8 MCAL/mcu_cfg/MCU_Prog.o
 .debug_info    0x00000000       0x98 MCAL/mcu_cfg/MCU_Prog.o
 .debug_abbrev  0x00000000       0x51 MCAL/mcu_cfg/MCU_Prog.o
 .debug_aranges
                0x00000000       0x20 MCAL/mcu_cfg/MCU_Prog.o
 .debug_ranges  0x00000000       0x10 MCAL/mcu_cfg/MCU_Prog.o
 .debug_line    0x00000000       0x7a MCAL/mcu_cfg/MCU_Prog.o
 .debug_str     0x00000000      0x1dc MCAL/mcu_cfg/MCU_Prog.o
 .comment       0x00000000       0x31 MCAL/mcu_cfg/MCU_Prog.o
 .debug_frame   0x00000000       0x24 MCAL/mcu_cfg/MCU_Prog.o
 .text          0x00000000        0x0 c:/program files (x86)/atmel/studio/7.0/toolchain/avr8/avr8-gnu-toolchain/bin/../lib/gcc/avr/5.4.0/avr5\libgcc.a(_exit.o)
 .data          0x00000000        0x0 c:/program files (x86)/atmel/studio/7.0/toolchain/avr8/avr8-gnu-toolchain/bin/../lib/gcc/avr/5.4.0/avr5\libgcc.a(_exit.o)
 .bss           0x00000000        0x0 c:/program files (x86)/atmel/studio/7.0/toolchain/avr8/avr8-gnu-toolchain/bin/../lib/gcc/avr/5.4.0/avr5\libgcc.a(_exit.o)
 .text.libgcc.mul
                0x00000000        0x0 c:/program files (x86)/atmel/studio/7.0/toolchain/avr8/avr8-gnu-toolchain/bin/../lib/gcc/avr/5.4.0/avr5\libgcc.a(_exit.o)
 .text.libgcc.div
                0x00000000        0x0 c:/program files (x86)/atmel/studio/7.0/toolchain/avr8/avr8-gnu-toolchain/bin/../lib/gcc/avr/5.4.0/avr5\libgcc.a(_exit.o)
 .text.libgcc   0x00000000        0x0 c:/program files (x86)/atmel/studio/7.0/toolchain/avr8/avr8-gnu-toolchain/bin/../lib/gcc/avr/5.4.0/avr5\libgcc.a(_exit.o)
 .text.libgcc.prologue
                0x00000000        0x0 c:/program files (x86)/atmel/studio/7.0/toolchain/avr8/avr8-gnu-toolchain/bin/../lib/gcc/avr/5.4.0/avr5\libgcc.a(_exit.o)
 .text.libgcc.builtins
                0x00000000        0x0 c:/program files (x86)/atmel/studio/7.0/toolchain/avr8/avr8-gnu-toolchain/bin/../lib/gcc/avr/5.4.0/avr5\libgcc.a(_exit.o)
 .text.libgcc.fmul
                0x00000000        0x0 c:/program files (x86)/atmel/studio/7.0/toolchain/avr8/avr8-gnu-toolchain/bin/../lib/gcc/avr/5.4.0/avr5\libgcc.a(_exit.o)
 .text.libgcc.fixed
                0x00000000        0x0 c:/program files (x86)/atmel/studio/7.0/toolchain/avr8/avr8-gnu-toolchain/bin/../lib/gcc/avr/5.4.0/avr5\libgcc.a(_exit.o)
 .text          0x00000000        0x0 c:/program files (x86)/atmel/studio/7.0/toolchain/avr8/avr8-gnu-toolchain/bin/../lib/gcc/avr/5.4.0/avr5\libgcc.a(_copy_data.o)
 .data          0x00000000        0x0 c:/program files (x86)/atmel/studio/7.0/toolchain/avr8/avr8-gnu-toolchain/bin/../lib/gcc/avr/5.4.0/avr5\libgcc.a(_copy_data.o)
 .bss           0x00000000        0x0 c:/program files (x86)/atmel/studio/7.0/toolchain/avr8/avr8-gnu-toolchain/bin/../lib/gcc/avr/5.4.0/avr5\libgcc.a(_copy_data.o)
 .text.libgcc.mul
                0x00000000        0x0 c:/program files (x86)/atmel/studio/7.0/toolchain/avr8/avr8-gnu-toolchain/bin/../lib/gcc/avr/5.4.0/avr5\libgcc.a(_copy_data.o)
 .text.libgcc.div
                0x00000000        0x0 c:/program files (x86)/atmel/studio/7.0/toolchain/avr8/avr8-gnu-toolchain/bin/../lib/gcc/avr/5.4.0/avr5\libgcc.a(_copy_data.o)
 .text.libgcc   0x00000000        0x0 c:/program files (x86)/atmel/studio/7.0/toolchain/avr8/avr8-gnu-toolchain/bin/../lib/gcc/avr/5.4.0/avr5\libgcc.a(_copy_data.o)
 .text.libgcc.prologue
                0x00000000        0x0 c:/program files (x86)/atmel/studio/7.0/toolchain/avr8/avr8-gnu-toolchain/bin/../lib/gcc/avr/5.4.0/avr5\libgcc.a(_copy_data.o)
 .text.libgcc.builtins
                0x00000000        0x0 c:/program files (x86)/atmel/studio/7.0/toolchain/avr8/avr8-gnu-toolchain/bin/../lib/gcc/avr/5.4.0/avr5\libgcc.a(_copy_data.o)
 .text.libgcc.fmul
                0x00000000        0x0 c:/program files (x86)/atmel/studio/7.0/toolchain/avr8/avr8-gnu-toolchain/bin/../lib/gcc/avr/5.4.0/avr5\libgcc.a(_copy_data.o)
 .text.libgcc.fixed
                0x00000000        0x0 c:/program files (x86)/atmel/studio/7.0/toolchain/avr8/avr8-gnu-toolchain/bin/../lib/gcc/avr/5.4.0/avr5\libgcc.a(_copy_data.o)
 .text          0x00000000        0x0 c:/program files (x86)/atmel/studio/7.0/toolchain/avr8/avr8-gnu-toolchain/bin/../lib/gcc/avr/5.4.0/avr5\libgcc.a(_clear_bss.o)
 .data          0x00000000        0x0 c:/program files (x86)/atmel/studio/7.0/toolchain/avr8/avr8-gnu-toolchain/bin/../lib/gcc/avr/5.4.0/avr5\libgcc.a(_clear_bss.o)
 .bss           0x00000000        0x0 c:/program files (x86)/atmel/studio/7.0/toolchain/avr8/avr8-gnu-toolchain/bin/../lib/gcc/avr/5.4.0/avr5\libgcc.a(_clear_bss.o)
 .text.libgcc.mul
                0x00000000        0x0 c:/program files (x86)/atmel/studio/7.0/toolchain/avr8/avr8-gnu-toolchain/bin/../lib/gcc/avr/5.4.0/avr5\libgcc.a(_clear_bss.o)
 .text.libgcc.div
                0x00000000        0x0 c:/program files (x86)/atmel/studio/7.0/toolchain/avr8/avr8-gnu-toolchain/bin/../lib/gcc/avr/5.4.0/avr5\libgcc.a(_clear_bss.o)
 .text.libgcc   0x00000000        0x0 c:/program files (x86)/atmel/studio/7.0/toolchain/avr8/avr8-gnu-toolchain/bin/../lib/gcc/avr/5.4.0/avr5\libgcc.a(_clear_bss.o)
 .text.libgcc.prologue
                0x00000000        0x0 c:/program files (x86)/atmel/studio/7.0/toolchain/avr8/avr8-gnu-toolchain/bin/../lib/gcc/avr/5.4.0/avr5\libgcc.a(_clear_bss.o)
 .text.libgcc.builtins
                0x00000000        0x0 c:/program files (x86)/atmel/studio/7.0/toolchain/avr8/avr8-gnu-toolchain/bin/../lib/gcc/avr/5.4.0/avr5\libgcc.a(_clear_bss.o)
 .text.libgcc.fmul
                0x00000000        0x0 c:/program files (x86)/atmel/studio/7.0/toolchain/avr8/avr8-gnu-toolchain/bin/../lib/gcc/avr/5.4.0/avr5\libgcc.a(_clear_bss.o)
 .text.libgcc.fixed
                0x00000000        0x0 c:/program files (x86)/atmel/studio/7.0/toolchain/avr8/avr8-gnu-toolchain/bin/../lib/gcc/avr/5.4.0/avr5\libgcc.a(_clear_bss.o)

Memory Configuration

Name             Origin             Length             Attributes
text             0x00000000         0x00008000         xr
data             0x00800060         0x00000800         rw !x
eeprom           0x00810000         0x00000400         rw !x
fuse             0x00820000         0x00000002         rw !x
lock             0x00830000         0x00000400         rw !x
signature        0x00840000         0x00000400         rw !x
user_signatures  0x00850000         0x00000400         rw !x
*default*        0x00000000         0xffffffff

Linker script and memory map

LOAD C:/Program Files (x86)/Atmel/Studio/7.0/Packs/atmel/ATmega_DFP/1.7.374/gcc/dev/atmega32/avr5/crtatmega32.o
LOAD APPLICATION/app/app.o
LOAD APPLICATION/car_module/car_operations.o
LOAD ECUAL/push_button/pb_config.o
LOAD ECUAL/push_button/PB_prog.o
LOAD main.o
LOAD MCAL/dio/Dio.o
LOAD MCAL/exti/EXT_INTERRUPT_Config.o
LOAD MCAL/exti/EXT_INTERRUPT_Prog.o
LOAD MCAL/mcu_cfg/MCU_Prog.o
START GROUP
LOAD c:/program files (x86)/atmel/studio/7.0/toolchain/avr8/avr8-gnu-toolchain/bin/../lib/gcc/avr/5.4.0/../../../../avr/lib/avr5\libm.a
END GROUP
START GROUP
LOAD c:/program files (x86)/atmel/studio/7.0/toolchain/avr8/avr8-gnu-toolchain/bin/../lib/gcc/avr/5.4.0/avr5\libgcc.a
LOAD c:/program files (x86)/atmel/studio/7.0/toolchain/avr8/avr8-gnu-toolchain/bin/../lib/gcc/avr/5.4.0/../../../../avr/lib/avr5\libm.a
LOAD c:/program files (x86)/atmel/studio/7.0/toolchain/avr8/avr8-gnu-toolchain/bin/../lib/gcc/avr/5.4.0/../../../../avr/lib/avr5\libc.a
LOAD C:/Program Files (x86)/Atmel/Studio/7.0/Packs/atmel/ATmega_DFP/1.7.374/gcc/dev/atmega32/avr5\libatmega32.a
END GROUP
                0x00000000                __TEXT_REGION_ORIGIN__ = DEFINED (__TEXT_REGION_ORIGIN__)?__TEXT_REGION_ORIGIN__:0x0
                [0x00800060]                __DATA_REGION_ORIGIN__ = DEFINED (__DATA_REGION_ORIGIN__)?__DATA_REGION_ORIGIN__:0x800060
                [0x00008000]                __TEXT_REGION_LENGTH__ = DEFINED (__TEXT_REGION_LENGTH__)?__TEXT_REGION_LENGTH__:0x20000
                [0x00000800]                __DATA_REGION_LENGTH__ = DEFINED (__DATA_REGION_LENGTH__)?__DATA_REGION_LENGTH__:0xffa0
                [0x00000400]                __EEPROM_REGION_LENGTH__ = DEFINED (__EEPROM_REGION_LENGTH__)?__EEPROM_REGION_LENGTH__:0x10000
                [0x00000002]                __FUSE_REGION_LENGTH__ = DEFINED (__FUSE_REGION_LENGTH__)?__FUSE_REGION_LENGTH__:0x400
                0x00000400                __LOCK_REGION_LENGTH__ = DEFINED (__LOCK_REGION_LENGTH__)?__LOCK_REGION_LENGTH__:0x400
                0x00000400                __SIGNATURE_REGION_LENGTH__ = DEFINED (__SIGNATURE_REGION_LENGTH__)?__SIGNATURE_REGION_LENGTH__:0x400
                0x00000400                __USER_SIGNATURE_REGION_LENGTH__ = DEFINED (__USER_SIGNATURE_REGION_LENGTH__)?__USER_SIGNATURE_REGION_LENGTH__:0x400

.hash
 *(.hash)

.dynsym
 *(.dynsym)

.dynstr
 *(.dynstr)

.gnu.version
 *(.gnu.version)

.gnu.version_d
 *(.gnu.version_d)

.gnu.version_r
 *(.gnu.version_r)

.rel.init
 *(.rel.init)

.rela.init
 *(.rela.init)

.rel.text
 *(.rel.text)
 *(.rel.text.*)
 *(.rel.gnu.linkonce.t*)

.rela.text
 *(.rela.text)
 *(.rela.text.*)
 *(.rela.gnu.linkonce.t*)

.rel.fini
 *(.rel.fini)

.rela.fini
 *(.rela.fini)

.rel.rodata
 *(.rel.rodata)
 *(.rel.rodata.*)
 *(.rel.gnu.linkonce.r*)

.rela.rodata
 *(.rela.rodata)
 *(.rela.rodata.*)
 *(.rela.gnu.linkonce.r*)

.rel.data
 *(.rel.data)
 *(.rel.data.*)
 *(.rel.gnu.linkonce.d*)

.rela.data
 *(.rela.data)
 *(.rela.data.*)
 *(.rela.gnu.linkonce.d*)

.rel.ctors
 *(.rel.ctors)

.rela.ctors
 *(.rela.ctors)

.rel.dtors
 *(.rel.dtors)

.rela.dtors
 *(.rela.dtors)

.rel.got
 *(.rel.got)

.rela.got
 *(.rela.got)

.rel.bss
 *(.rel.bss)

.rela.bss
 *(.rela.bss)

.rel.plt
 *(.rel.plt)

.rela.plt
 *(.rela.plt)

.text           0x00000000      0x8e2
 *(.vectors)
 .vectors       0x00000000       0x54 C:/Program Files (x86)/Atmel/Studio/7.0/Packs/atmel/ATmega_DFP/1.7.374/gcc/dev/atmega32/avr5/crtatmega32.o
                0x00000000                __vector_default
                0x00000000                __vectors
 *(.vectors)
 *(.progmem.gcc*)
                0x00000054                . = ALIGN (0x2)
                0x00000054                __trampolines_start = .
 *(.trampolines)
 .trampolines   0x00000054        0x0 linker stubs
 *(.trampolines*)
                0x00000054                __trampolines_end = .
 *libprintf_flt.a:*(.progmem.data)
 *libc.a:*(.progmem.data)
 *(.progmem*)
                0x00000054                . = ALIGN (0x2)
 *(.jumptables)
 *(.jumptables*)
 *(.lowtext)
 *(.lowtext*)
                0x00000054                __ctors_start = .
 *(.ctors)
                0x00000054                __ctors_end = .
                0x00000054                __dtors_start = .
 *(.dtors)
                0x00000054                __dtors_end = .
 SORT(*)(.ctors)
 SORT(*)(.dtors)
 *(.init0)
 .init0         0x00000054        0x0 C:/Program Files (x86)/Atmel/Studio/7.0/Packs/atmel/ATmega_DFP/1.7.374/gcc/dev/atmega32/avr5/crtatmega32.o
                0x00000054                __init
 *(.init0)
 *(.init1)
 *(.init1)
 *(.init2)
 .init2         0x00000054        0xc C:/Program Files (x86)/Atmel/Studio/7.0/Packs/atmel/ATmega_DFP/1.7.374/gcc/dev/atmega32/avr5/crtatmega32.o
 *(.init2)
 *(.init3)
 *(.init3)
 *(.init4)
 .init4         0x00000060       0x16 c:/program files (x86)/atmel/studio/7.0/toolchain/avr8/avr8-gnu-toolchain/bin/../lib/gcc/avr/5.4.0/avr5\libgcc.a(_copy_data.o)
                0x00000060                __do_copy_data
 .init4         0x00000076       0x10 c:/program files (x86)/atmel/studio/7.0/toolchain/avr8/avr8-gnu-toolchain/bin/../lib/gcc/avr/5.4.0/avr5\libgcc.a(_clear_bss.o)
                0x00000076                __do_clear_bss
 *(.init4)
 *(.init5)
 *(.init5)
 *(.init6)
 *(.init6)
 *(.init7)
 *(.init7)
 *(.init8)
 *(.init8)
 *(.init9)
 .init9         0x00000086        0x8 C:/Program Files (x86)/Atmel/Studio/7.0/Packs/atmel/ATmega_DFP/1.7.374/gcc/dev/atmega32/avr5/crtatmega32.o
 *(.init9)
 *(.text)
 .text          0x0000008e        0x4 C:/Program Files (x86)/Atmel/Studio/7.0/Packs/atmel/ATmega_DFP/1.7.374/gcc/dev/atmega32/avr5/crtatmega32.o
                0x0000008e                __vector_12
                0x0000008e                __bad_interrupt
                0x0000008e                __vector_6
                0x0000008e                __vector_11
                0x0000008e                __vector_13
                0x0000008e                __vector_17
                0x0000008e                __vector_19
                0x0000008e                __vector_7
                0x0000008e                __vector_5
                0x0000008e                __vector_4
                0x0000008e                __vector_9
                0x0000008e                __vector_15
                0x0000008e                __vector_8
                0x0000008e                __vector_14
                0x0000008e                __vector_10
                0x0000008e                __vector_16
                0x0000008e                __vector_18
                0x0000008e                __vector_20
                0x00000092                . = ALIGN (0x2)
 *(.text.*)
 .text.PUSH_BTN_intialize
                0x00000092        0x6 ECUAL/push_button/PB_prog.o
                0x00000092                PUSH_BTN_intialize
 .text.PUSH_BTN_read_state
                0x00000098       0x82 ECUAL/push_button/PB_prog.o
                0x00000098                PUSH_BTN_read_state
 .text.main     0x0000011a       0x44 main.o
                0x0000011a                main
 .text.DIO_Init
                0x0000015e      0x54c MCAL/dio/Dio.o
                0x0000015e                DIO_Init
 .text.DIO_WritePin
                0x000006aa       0xe2 MCAL/dio/Dio.o
                0x000006aa                DIO_WritePin
 .text.DIO_read
                0x0000078c       0x68 MCAL/dio/Dio.o
                0x0000078c                DIO_read
 .text.__vector_1
                0x000007f4       0x4e MCAL/exti/EXT_INTERRUPT_Prog.o
                0x000007f4                __vector_1
 .text.__vector_2
                0x00000842       0x4e MCAL/exti/EXT_INTERRUPT_Prog.o
                0x00000842                __vector_2
 .text.__vector_3
                0x00000890       0x4e MCAL/exti/EXT_INTERRUPT_Prog.o
                0x00000890                __vector_3
                0x000008de                . = ALIGN (0x2)
 *(.fini9)
 .fini9         0x000008de        0x0 c:/program files (x86)/atmel/studio/7.0/toolchain/avr8/avr8-gnu-toolchain/bin/../lib/gcc/avr/5.4.0/avr5\libgcc.a(_exit.o)
                0x000008de                _exit
                0x000008de                exit
 *(.fini9)
 *(.fini8)
 *(.fini8)
 *(.fini7)
 *(.fini7)
 *(.fini6)
 *(.fini6)
 *(.fini5)
 *(.fini5)
 *(.fini4)
 *(.fini4)
 *(.fini3)
 *(.fini3)
 *(.fini2)
 *(.fini2)
 *(.fini1)
 *(.fini1)
 *(.fini0)
 .fini0         0x000008de        0x4 c:/program files (x86)/atmel/studio/7.0/toolchain/avr8/avr8-gnu-toolchain/bin/../lib/gcc/avr/5.4.0/avr5\libgcc.a(_exit.o)
 *(.fini0)
                0x000008e2                _etext = .

.data           0x00800060       0x16 load address 0x000008e2
                0x00800060                PROVIDE (__data_start, .)
 *(.data)
 *(.data*)
 .data.pin      0x00800060        0x5 main.o
                0x00800060                pin
 .data.DIO_ConfigArray
                0x00800065        0xa MCAL/dio/Dio.o
                0x00800065                DIO_ConfigArray
 *(.gnu.linkonce.d*)
 *(.rodata)
 *(.rodata*)
 .rodata.A_pbConfig
                0x0080006f        0x7 ECUAL/push_button/pb_config.o
                0x0080006f                A_pbConfig
 *(.gnu.linkonce.r*)
                0x00800076                . = ALIGN (0x2)
                0x00800076                _edata = .
                0x00800076                PROVIDE (__data_end, .)

.bss            0x00800076        0x6
                0x00800076                PROVIDE (__bss_start, .)
 *(.bss)
 *(.bss*)
 .bss.INT2_InterruptHandler
                0x00800076        0x2 MCAL/exti/EXT_INTERRUPT_Prog.o
 .bss.INT1_InterruptHandler
                0x00800078        0x2 MCAL/exti/EXT_INTERRUPT_Prog.o
 .bss.INT0_InterruptHandler
                0x0080007a        0x2 MCAL/exti/EXT_INTERRUPT_Prog.o
 *(COMMON)
                0x0080007c                PROVIDE (__bss_end, .)
                0x000008e2                __data_load_start = LOADADDR (.data)
                0x000008f8                __data_load_end = (__data_load_start + SIZEOF (.data))

.noinit         0x0080007c        0x0
                [!provide]                PROVIDE (__noinit_start, .)
 *(.noinit*)
                [!provide]                PROVIDE (__noinit_end, .)
                0x0080007c                _end = .
                [!provide]                PROVIDE (__heap_start, .)

.eeprom         0x00810000        0x0
 *(.eeprom*)
                0x00810000                __eeprom_end = .

.fuse
 *(.fuse)
 *(.lfuse)
 *(.hfuse)
 *(.efuse)

.lock
 *(.lock*)

.signature
 *(.signature*)

.user_signatures
 *(.user_signatures*)

.stab
 *(.stab)

.stabstr
 *(.stabstr)

.stab.excl
 *(.stab.excl)

.stab.exclstr
 *(.stab.exclstr)

.stab.index
 *(.stab.index)

.stab.indexstr
 *(.stab.indexstr)

.comment        0x00000000       0x30
 *(.comment)
 .comment       0x00000000       0x30 ECUAL/push_button/pb_config.o
                                 0x31 (size before relaxing)
 .comment       0x00000030       0x31 ECUAL/push_button/PB_prog.o
 .comment       0x00000030       0x31 main.o
 .comment       0x00000030       0x31 MCAL/dio/Dio.o
 .comment       0x00000030       0x31 MCAL/exti/EXT_INTERRUPT_Prog.o

.note.gnu.avr.deviceinfo
                0x00000000       0x3c
 .note.gnu.avr.deviceinfo
                0x00000000       0x3c C:/Program Files (x86)/Atmel/Studio/7.0/Packs/atmel/ATmega_DFP/1.7.374/gcc/dev/atmega32/avr5/crtatmega32.o

.note.gnu.build-id
 *(.note.gnu.build-id)

.debug
 *(.debug)

.line
 *(.line)

.debug_srcinfo
 *(.debug_srcinfo)

.debug_sfnames
 *(.debug_sfnames)

.debug_aranges  0x00000000      0x100
 *(.debug_aranges)
 .debug_aranges
                0x00000000       0x18 ECUAL/push_button/pb_config.o
 .debug_aranges
                0x00000018       0x28 ECUAL/push_button/PB_prog.o
 .debug_aranges
                0x00000040       0x20 main.o
 .debug_aranges
                0x00000060       0x38 MCAL/dio/Dio.o
 .debug_aranges
                0x00000098       0x68 MCAL/exti/EXT_INTERRUPT_Prog.o

.debug_pubnames
 *(.debug_pubnames)

.debug_info     0x00000000     0x13a1
 *(.debug_info .gnu.linkonce.wi.*)
 .debug_info    0x00000000      0x4e6 C:/Program Files (x86)/Atmel/Studio/7.0/Packs/atmel/ATmega_DFP/1.7.374/gcc/dev/atmega32/avr5/crtatmega32.o
 .debug_info    0x000004e6      0x262 ECUAL/push_button/pb_config.o
 .debug_info    0x00000748      0x323 ECUAL/push_button/PB_prog.o
 .debug_info    0x00000a6b      0x285 main.o
 .debug_info    0x00000cf0      0x2db MCAL/dio/Dio.o
 .debug_info    0x00000fcb      0x3d6 MCAL/exti/EXT_INTERRUPT_Prog.o

.debug_abbrev   0x00000000      0x9b3
 *(.debug_abbrev)
 .debug_abbrev  0x00000000      0x4a3 C:/Program Files (x86)/Atmel/Studio/7.0/Packs/atmel/ATmega_DFP/1.7.374/gcc/dev/atmega32/avr5/crtatmega32.o
 .debug_abbrev  0x000004a3       0x91 ECUAL/push_button/pb_config.o
 .debug_abbrev  0x00000534      0x124 ECUAL/push_button/PB_prog.o
 .debug_abbrev  0x00000658       0xeb main.o
 .debug_abbrev  0x00000743       0xef MCAL/dio/Dio.o
 .debug_abbrev  0x00000832      0x181 MCAL/exti/EXT_INTERRUPT_Prog.o

.debug_line     0x00000000      0x905
 *(.debug_line .debug_line.* .debug_line_end)
 .debug_line    0x00000000      0x116 C:/Program Files (x86)/Atmel/Studio/7.0/Packs/atmel/ATmega_DFP/1.7.374/gcc/dev/atmega32/avr5/crtatmega32.o
 .debug_line    0x00000116       0x89 ECUAL/push_button/pb_config.o
 .debug_line    0x0000019f      0x138 ECUAL/push_button/PB_prog.o
 .debug_line    0x000002d7       0xc4 main.o
 .debug_line    0x0000039b      0x220 MCAL/dio/Dio.o
 .debug_line    0x000005bb      0x34a MCAL/exti/EXT_INTERRUPT_Prog.o

.debug_frame    0x00000000      0x27c
 *(.debug_frame)
 .debug_frame   0x00000000       0x58 ECUAL/push_button/PB_prog.o
 .debug_frame   0x00000058       0x34 main.o
 .debug_frame   0x0000008c       0x54 MCAL/dio/Dio.o
 .debug_frame   0x000000e0      0x19c MCAL/exti/EXT_INTERRUPT_Prog.o

.debug_str      0x00000000      0x9dc
 *(.debug_str)
 .debug_str     0x00000000      0x196 C:/Program Files (x86)/Atmel/Studio/7.0/Packs/atmel/ATmega_DFP/1.7.374/gcc/dev/atmega32/avr5/crtatmega32.o
 .debug_str     0x00000196      0x3cf ECUAL/push_button/pb_config.o
                                0x3ef (size before relaxing)
 .debug_str     0x00000565       0x7d ECUAL/push_button/PB_prog.o
                                0x454 (size before relaxing)
 .debug_str     0x000005e2       0x27 main.o
                                0x391 (size before relaxing)
 .debug_str     0x00000609       0x65 MCAL/dio/Dio.o
                                0x32c (size before relaxing)
 .debug_str     0x0000066e      0x36e MCAL/exti/EXT_INTERRUPT_Prog.o
                                0x4f6 (size before relaxing)

.debug_loc      0x00000000      0x649
 *(.debug_loc)
 .debug_loc     0x00000000       0xd3 ECUAL/push_button/PB_prog.o
 .debug_loc     0x000000d3       0x48 main.o
 .debug_loc     0x0000011b      0x1c7 MCAL/dio/Dio.o
 .debug_loc     0x000002e2      0x367 MCAL/exti/EXT_INTERRUPT_Prog.o

.debug_macinfo
 *(.debug_macinfo)

.debug_weaknames
 *(.debug_weaknames)

.debug_funcnames
 *(.debug_funcnames)

.debug_typenames
 *(.debug_typenames)

.debug_varnames
 *(.debug_varnames)

.debug_pubtypes
 *(.debug_pubtypes)

.debug_ranges   0x00000000       0xa8
 *(.debug_ranges)
 .debug_ranges  0x00000000       0x18 ECUAL/push_button/PB_prog.o
 .debug_ranges  0x00000018       0x10 main.o
 .debug_ranges  0x00000028       0x28 MCAL/dio/Dio.o
 .debug_ranges  0x00000050       0x58 MCAL/exti/EXT_INTERRUPT_Prog.o

.debug_macro
 *(.debug_macro)
OUTPUT(Project.elf elf32-avr)
LOAD linker stubs
