Archive member included to satisfy reference by file (symbol)

c:/program files (x86)/atmel/studio/7.0/toolchain/avr8/avr8-gnu-toolchain/bin/../lib/gcc/avr/5.4.0/../../../../avr/lib/avr5\libm.a(addsf3.o)
                              MCAL/timer/timer.o (__subsf3)
c:/program files (x86)/atmel/studio/7.0/toolchain/avr8/avr8-gnu-toolchain/bin/../lib/gcc/avr/5.4.0/../../../../avr/lib/avr5\libm.a(addsf3x.o)
                              c:/program files (x86)/atmel/studio/7.0/toolchain/avr8/avr8-gnu-toolchain/bin/../lib/gcc/avr/5.4.0/../../../../avr/lib/avr5\libm.a(addsf3.o) (__addsf3x)
c:/program files (x86)/atmel/studio/7.0/toolchain/avr8/avr8-gnu-toolchain/bin/../lib/gcc/avr/5.4.0/../../../../avr/lib/avr5\libm.a(ceil.o)
                              MCAL/timer/timer.o (ceil)
c:/program files (x86)/atmel/studio/7.0/toolchain/avr8/avr8-gnu-toolchain/bin/../lib/gcc/avr/5.4.0/../../../../avr/lib/avr5\libm.a(cmpsf2.o)
                              MCAL/timer/timer.o (__eqsf2)
c:/program files (x86)/atmel/studio/7.0/toolchain/avr8/avr8-gnu-toolchain/bin/../lib/gcc/avr/5.4.0/../../../../avr/lib/avr5\libm.a(divsf3.o)
                              ECUAL/ultrasonic/ultrasonic_prog.o (__divsf3)
c:/program files (x86)/atmel/studio/7.0/toolchain/avr8/avr8-gnu-toolchain/bin/../lib/gcc/avr/5.4.0/../../../../avr/lib/avr5\libm.a(divsf3x.o)
                              c:/program files (x86)/atmel/studio/7.0/toolchain/avr8/avr8-gnu-toolchain/bin/../lib/gcc/avr/5.4.0/../../../../avr/lib/avr5\libm.a(divsf3.o) (__divsf3x)
c:/program files (x86)/atmel/studio/7.0/toolchain/avr8/avr8-gnu-toolchain/bin/../lib/gcc/avr/5.4.0/../../../../avr/lib/avr5\libm.a(fixsfsi.o)
                              APPLICATION/car_module/car_operations.o (__fixsfsi)
c:/program files (x86)/atmel/studio/7.0/toolchain/avr8/avr8-gnu-toolchain/bin/../lib/gcc/avr/5.4.0/../../../../avr/lib/avr5\libm.a(fixunssfsi.o)
                              MCAL/pwm/pwm_program.o (__fixunssfsi)
c:/program files (x86)/atmel/studio/7.0/toolchain/avr8/avr8-gnu-toolchain/bin/../lib/gcc/avr/5.4.0/../../../../avr/lib/avr5\libm.a(floatsisf.o)
                              ECUAL/ultrasonic/ultrasonic_prog.o (__floatunsisf)
c:/program files (x86)/atmel/studio/7.0/toolchain/avr8/avr8-gnu-toolchain/bin/../lib/gcc/avr/5.4.0/../../../../avr/lib/avr5\libm.a(fp_cmp.o)
                              c:/program files (x86)/atmel/studio/7.0/toolchain/avr8/avr8-gnu-toolchain/bin/../lib/gcc/avr/5.4.0/../../../../avr/lib/avr5\libm.a(cmpsf2.o) (__fp_cmp)
c:/program files (x86)/atmel/studio/7.0/toolchain/avr8/avr8-gnu-toolchain/bin/../lib/gcc/avr/5.4.0/../../../../avr/lib/avr5\libm.a(fp_inf.o)
                              c:/program files (x86)/atmel/studio/7.0/toolchain/avr8/avr8-gnu-toolchain/bin/../lib/gcc/avr/5.4.0/../../../../avr/lib/avr5\libm.a(addsf3x.o) (__fp_inf)
c:/program files (x86)/atmel/studio/7.0/toolchain/avr8/avr8-gnu-toolchain/bin/../lib/gcc/avr/5.4.0/../../../../avr/lib/avr5\libm.a(fp_mintl.o)
                              c:/program files (x86)/atmel/studio/7.0/toolchain/avr8/avr8-gnu-toolchain/bin/../lib/gcc/avr/5.4.0/../../../../avr/lib/avr5\libm.a(ceil.o) (__fp_mintl)
c:/program files (x86)/atmel/studio/7.0/toolchain/avr8/avr8-gnu-toolchain/bin/../lib/gcc/avr/5.4.0/../../../../avr/lib/avr5\libm.a(fp_mpack.o)
                              c:/program files (x86)/atmel/studio/7.0/toolchain/avr8/avr8-gnu-toolchain/bin/../lib/gcc/avr/5.4.0/../../../../avr/lib/avr5\libm.a(ceil.o) (__fp_mpack)
c:/program files (x86)/atmel/studio/7.0/toolchain/avr8/avr8-gnu-toolchain/bin/../lib/gcc/avr/5.4.0/../../../../avr/lib/avr5\libm.a(fp_nan.o)
                              c:/program files (x86)/atmel/studio/7.0/toolchain/avr8/avr8-gnu-toolchain/bin/../lib/gcc/avr/5.4.0/../../../../avr/lib/avr5\libm.a(addsf3x.o) (__fp_nan)
c:/program files (x86)/atmel/studio/7.0/toolchain/avr8/avr8-gnu-toolchain/bin/../lib/gcc/avr/5.4.0/../../../../avr/lib/avr5\libm.a(fp_pscA.o)
                              c:/program files (x86)/atmel/studio/7.0/toolchain/avr8/avr8-gnu-toolchain/bin/../lib/gcc/avr/5.4.0/../../../../avr/lib/avr5\libm.a(addsf3x.o) (__fp_pscA)
c:/program files (x86)/atmel/studio/7.0/toolchain/avr8/avr8-gnu-toolchain/bin/../lib/gcc/avr/5.4.0/../../../../avr/lib/avr5\libm.a(fp_pscB.o)
                              c:/program files (x86)/atmel/studio/7.0/toolchain/avr8/avr8-gnu-toolchain/bin/../lib/gcc/avr/5.4.0/../../../../avr/lib/avr5\libm.a(addsf3x.o) (__fp_pscB)
c:/program files (x86)/atmel/studio/7.0/toolchain/avr8/avr8-gnu-toolchain/bin/../lib/gcc/avr/5.4.0/../../../../avr/lib/avr5\libm.a(fp_round.o)
                              c:/program files (x86)/atmel/studio/7.0/toolchain/avr8/avr8-gnu-toolchain/bin/../lib/gcc/avr/5.4.0/../../../../avr/lib/avr5\libm.a(addsf3.o) (__fp_round)
c:/program files (x86)/atmel/studio/7.0/toolchain/avr8/avr8-gnu-toolchain/bin/../lib/gcc/avr/5.4.0/../../../../avr/lib/avr5\libm.a(fp_split3.o)
                              c:/program files (x86)/atmel/studio/7.0/toolchain/avr8/avr8-gnu-toolchain/bin/../lib/gcc/avr/5.4.0/../../../../avr/lib/avr5\libm.a(addsf3x.o) (__fp_split3)
c:/program files (x86)/atmel/studio/7.0/toolchain/avr8/avr8-gnu-toolchain/bin/../lib/gcc/avr/5.4.0/../../../../avr/lib/avr5\libm.a(fp_trunc.o)
                              c:/program files (x86)/atmel/studio/7.0/toolchain/avr8/avr8-gnu-toolchain/bin/../lib/gcc/avr/5.4.0/../../../../avr/lib/avr5\libm.a(ceil.o) (__fp_trunc)
c:/program files (x86)/atmel/studio/7.0/toolchain/avr8/avr8-gnu-toolchain/bin/../lib/gcc/avr/5.4.0/../../../../avr/lib/avr5\libm.a(fp_zero.o)
                              c:/program files (x86)/atmel/studio/7.0/toolchain/avr8/avr8-gnu-toolchain/bin/../lib/gcc/avr/5.4.0/../../../../avr/lib/avr5\libm.a(addsf3x.o) (__fp_zero)
c:/program files (x86)/atmel/studio/7.0/toolchain/avr8/avr8-gnu-toolchain/bin/../lib/gcc/avr/5.4.0/../../../../avr/lib/avr5\libm.a(gesf2.o)
                              APPLICATION/app/app.o (__gtsf2)
c:/program files (x86)/atmel/studio/7.0/toolchain/avr8/avr8-gnu-toolchain/bin/../lib/gcc/avr/5.4.0/../../../../avr/lib/avr5\libm.a(mulsf3.o)
                              ECUAL/ultrasonic/ultrasonic_prog.o (__mulsf3)
c:/program files (x86)/atmel/studio/7.0/toolchain/avr8/avr8-gnu-toolchain/bin/../lib/gcc/avr/5.4.0/../../../../avr/lib/avr5\libm.a(mulsf3x.o)
                              c:/program files (x86)/atmel/studio/7.0/toolchain/avr8/avr8-gnu-toolchain/bin/../lib/gcc/avr/5.4.0/../../../../avr/lib/avr5\libm.a(mulsf3.o) (__mulsf3x)
c:/program files (x86)/atmel/studio/7.0/toolchain/avr8/avr8-gnu-toolchain/bin/../lib/gcc/avr/5.4.0/avr5\libgcc.a(_divmodhi4.o)
                              ECUAL/lcd/lcd_program.o (__divmodhi4)
c:/program files (x86)/atmel/studio/7.0/toolchain/avr8/avr8-gnu-toolchain/bin/../lib/gcc/avr/5.4.0/avr5\libgcc.a(_exit.o)
                              C:/Program Files (x86)/Atmel/Studio/7.0/Packs/atmel/ATmega_DFP/1.7.374/gcc/dev/atmega32/avr5/crtatmega32.o (exit)
c:/program files (x86)/atmel/studio/7.0/toolchain/avr8/avr8-gnu-toolchain/bin/../lib/gcc/avr/5.4.0/avr5\libgcc.a(_tablejump2.o)
                              APPLICATION/app/app.o (__tablejump2__)
c:/program files (x86)/atmel/studio/7.0/toolchain/avr8/avr8-gnu-toolchain/bin/../lib/gcc/avr/5.4.0/avr5\libgcc.a(_copy_data.o)
                              APPLICATION/car_module/car_operations.o (__do_copy_data)
c:/program files (x86)/atmel/studio/7.0/toolchain/avr8/avr8-gnu-toolchain/bin/../lib/gcc/avr/5.4.0/avr5\libgcc.a(_clear_bss.o)
                              APPLICATION/app/app.o (__do_clear_bss)
c:/program files (x86)/atmel/studio/7.0/toolchain/avr8/avr8-gnu-toolchain/bin/../lib/gcc/avr/5.4.0/avr5\libgcc.a(_umulhisi3.o)
                              ECUAL/lcd/lcd_program.o (__umulhisi3)
c:/program files (x86)/atmel/studio/7.0/toolchain/avr8/avr8-gnu-toolchain/bin/../lib/gcc/avr/5.4.0/avr5\libgcc.a(_udivmodhi4.o)
                              c:/program files (x86)/atmel/studio/7.0/toolchain/avr8/avr8-gnu-toolchain/bin/../lib/gcc/avr/5.4.0/avr5\libgcc.a(_divmodhi4.o) (__udivmodhi4)

Allocating common symbols
Common symbol       size              file

ICU_g_edgeFlag      0x1               MCAL/icu/icu.o

Discarded input sections

 .data          0x00000000        0x0 C:/Program Files (x86)/Atmel/Studio/7.0/Packs/atmel/ATmega_DFP/1.7.374/gcc/dev/atmega32/avr5/crtatmega32.o
 .bss           0x00000000        0x0 C:/Program Files (x86)/Atmel/Studio/7.0/Packs/atmel/ATmega_DFP/1.7.374/gcc/dev/atmega32/avr5/crtatmega32.o
 .text          0x00000000        0x0 APPLICATION/app/app.o
 .data          0x00000000        0x0 APPLICATION/app/app.o
 .bss           0x00000000        0x0 APPLICATION/app/app.o
 .bss.u8_g_stopFlag
                0x00000000        0x1 APPLICATION/app/app.o
 .text          0x00000000        0x0 APPLICATION/car_module/car_operations.o
 .data          0x00000000        0x0 APPLICATION/car_module/car_operations.o
 .bss           0x00000000        0x0 APPLICATION/car_module/car_operations.o
 .bss.u8_g_timeOutFlag
                0x00000000        0x1 APPLICATION/car_module/car_operations.o
 .text          0x00000000        0x0 ECUAL/keypad/keypad_config.o
 .data          0x00000000        0x0 ECUAL/keypad/keypad_config.o
 .bss           0x00000000        0x0 ECUAL/keypad/keypad_config.o
 .text          0x00000000        0x0 ECUAL/keypad/keypad_program.o
 .data          0x00000000        0x0 ECUAL/keypad/keypad_program.o
 .bss           0x00000000        0x0 ECUAL/keypad/keypad_program.o
 .text          0x00000000        0x0 ECUAL/lcd/lcd_program.o
 .data          0x00000000        0x0 ECUAL/lcd/lcd_program.o
 .bss           0x00000000        0x0 ECUAL/lcd/lcd_program.o
 .text.LCD_WriteBinary
                0x00000000       0x2e ECUAL/lcd/lcd_program.o
 .text.LCD_ClearLoc
                0x00000000       0x20 ECUAL/lcd/lcd_program.o
 .text.LCD_WriteNumber_3D
                0x00000000      0x142 ECUAL/lcd/lcd_program.o
 .text.LCD_CustomChar
                0x00000000       0x3a ECUAL/lcd/lcd_program.o
 .text          0x00000000        0x0 ECUAL/motors/dcm_cfg.o
 .data          0x00000000        0x0 ECUAL/motors/dcm_cfg.o
 .bss           0x00000000        0x0 ECUAL/motors/dcm_cfg.o
 .text          0x00000000        0x0 ECUAL/motors/dcm_program.o
 .data          0x00000000        0x0 ECUAL/motors/dcm_program.o
 .bss           0x00000000        0x0 ECUAL/motors/dcm_program.o
 .text.DCM_updateStopFlag
                0x00000000        0x8 ECUAL/motors/dcm_program.o
 .bss.DCM_g_stopFlag
                0x00000000        0x1 ECUAL/motors/dcm_program.o
 .text          0x00000000        0x0 ECUAL/push_button/pb_config.o
 .data          0x00000000        0x0 ECUAL/push_button/pb_config.o
 .bss           0x00000000        0x0 ECUAL/push_button/pb_config.o
 .text          0x00000000        0x0 ECUAL/push_button/PB_prog.o
 .data          0x00000000        0x0 ECUAL/push_button/PB_prog.o
 .bss           0x00000000        0x0 ECUAL/push_button/PB_prog.o
 .text          0x00000000        0x0 ECUAL/ultrasonic/ultrasonic_prog.o
 .data          0x00000000        0x0 ECUAL/ultrasonic/ultrasonic_prog.o
 .bss           0x00000000        0x0 ECUAL/ultrasonic/ultrasonic_prog.o
 .text          0x00000000        0x0 main.o
 .data          0x00000000        0x0 main.o
 .bss           0x00000000        0x0 main.o
 .text          0x00000000        0x0 MCAL/dio/dio.o
 .data          0x00000000        0x0 MCAL/dio/dio.o
 .bss           0x00000000        0x0 MCAL/dio/dio.o
 .text.DIO_Init
                0x00000000        0x2 MCAL/dio/dio.o
 .text.DIO_readpin
                0x00000000       0x82 MCAL/dio/dio.o
 .text.DIO_togglepin
                0x00000000       0x82 MCAL/dio/dio.o
 .bss.DIO_ConfigArray
                0x00000000        0x0 MCAL/dio/dio.o
 .text          0x00000000        0x0 MCAL/exti/ext_interrupt_config.o
 .data          0x00000000        0x0 MCAL/exti/ext_interrupt_config.o
 .bss           0x00000000        0x0 MCAL/exti/ext_interrupt_config.o
 .rodata.A_interruptConfig
                0x00000000        0x0 MCAL/exti/ext_interrupt_config.o
 .debug_info    0x00000000       0xf8 MCAL/exti/ext_interrupt_config.o
 .debug_abbrev  0x00000000       0x96 MCAL/exti/ext_interrupt_config.o
 .debug_aranges
                0x00000000       0x18 MCAL/exti/ext_interrupt_config.o
 .debug_line    0x00000000       0x5b MCAL/exti/ext_interrupt_config.o
 .debug_str     0x00000000      0x2a4 MCAL/exti/ext_interrupt_config.o
 .comment       0x00000000       0x31 MCAL/exti/ext_interrupt_config.o
 .text          0x00000000        0x0 MCAL/exti/EXT_INTERRUPT_Prog.o
 .data          0x00000000        0x0 MCAL/exti/EXT_INTERRUPT_Prog.o
 .bss           0x00000000        0x0 MCAL/exti/EXT_INTERRUPT_Prog.o
 .text.EXT0_INTERRUPT_SetInterruptHandler
                0x00000000        0x2 MCAL/exti/EXT_INTERRUPT_Prog.o
 .text.EXT1_INTERRUPT_SetInterruptHandler
                0x00000000        0x2 MCAL/exti/EXT_INTERRUPT_Prog.o
 .text.EXT2_INTERRUPT_SetInterruptHandler
                0x00000000        0x2 MCAL/exti/EXT_INTERRUPT_Prog.o
 .text.EXT_vINTERRUPT_setSenseControl
                0x00000000      0x148 MCAL/exti/EXT_INTERRUPT_Prog.o
 .text.EXT_vINTERRUPT_Denit
                0x00000000       0x28 MCAL/exti/EXT_INTERRUPT_Prog.o
 .text.EXT_INTERRUPT_SetInterruptHandler
                0x00000000        0xc MCAL/exti/EXT_INTERRUPT_Prog.o
 .text.EXT_vINTERRUPT_Init
                0x00000000        0xa MCAL/exti/EXT_INTERRUPT_Prog.o
 .debug_info    0x00000000      0x367 MCAL/exti/EXT_INTERRUPT_Prog.o
 .debug_abbrev  0x00000000      0x167 MCAL/exti/EXT_INTERRUPT_Prog.o
 .debug_loc     0x00000000       0xa2 MCAL/exti/EXT_INTERRUPT_Prog.o
 .debug_aranges
                0x00000000       0x50 MCAL/exti/EXT_INTERRUPT_Prog.o
 .debug_ranges  0x00000000       0x40 MCAL/exti/EXT_INTERRUPT_Prog.o
 .debug_line    0x00000000      0x2c3 MCAL/exti/EXT_INTERRUPT_Prog.o
 .debug_str     0x00000000      0x512 MCAL/exti/EXT_INTERRUPT_Prog.o
 .comment       0x00000000       0x31 MCAL/exti/EXT_INTERRUPT_Prog.o
 .debug_frame   0x00000000       0x8c MCAL/exti/EXT_INTERRUPT_Prog.o
 .text          0x00000000        0x0 MCAL/icu/icu.o
 .data          0x00000000        0x0 MCAL/icu/icu.o
 .bss           0x00000000        0x0 MCAL/icu/icu.o
 .text          0x00000000        0x0 MCAL/icu/icu_cfg.o
 .data          0x00000000        0x0 MCAL/icu/icu_cfg.o
 .bss           0x00000000        0x0 MCAL/icu/icu_cfg.o
 .text          0x00000000        0x0 MCAL/mcu_cfg/mcu_Prog.o
 .data          0x00000000        0x0 MCAL/mcu_cfg/mcu_Prog.o
 .bss           0x00000000        0x0 MCAL/mcu_cfg/mcu_Prog.o
 .text          0x00000000        0x0 MCAL/pwm/pwm_config.o
 .data          0x00000000        0x0 MCAL/pwm/pwm_config.o
 .bss           0x00000000        0x0 MCAL/pwm/pwm_config.o
 .text          0x00000000        0x0 MCAL/pwm/pwm_program.o
 .data          0x00000000        0x0 MCAL/pwm/pwm_program.o
 .bss           0x00000000        0x0 MCAL/pwm/pwm_program.o
 .text.TIMER0_setDelay
                0x00000000       0x4e MCAL/pwm/pwm_program.o
 .bss.u32_g_NumOfOVFs
                0x00000000        0x2 MCAL/pwm/pwm_program.o
 .text          0x00000000        0x0 MCAL/timer/timer.o
 .data          0x00000000        0x0 MCAL/timer/timer.o
 .bss           0x00000000        0x0 MCAL/timer/timer.o
 .text.TMR_TMR0NormalModeInit
                0x00000000       0x44 MCAL/timer/timer.o
 .text.TIMER_delay_us
                0x00000000       0x38 MCAL/timer/timer.o
 .text.TIMER_timer0Start
                0x00000000       0x96 MCAL/timer/timer.o
 .text.TIMER_timer0Stop
                0x00000000       0x14 MCAL/timer/timer.o
 .text.TIMER_delay_ms
                0x00000000      0x16e MCAL/timer/timer.o
 .text.TMR_ovfSetCallback
                0x00000000       0x14 MCAL/timer/timer.o
 .bss.void_g_pfOvfInterruptAction
                0x00000000        0x2 MCAL/timer/timer.o
 .bss.u8_g_TMRShutdownFlag
                0x00000000        0x2 MCAL/timer/timer.o
 .bss.u16_g_tcnt0InitialVal
                0x00000000        0x2 MCAL/timer/timer.o
 .bss.u16_g_overflowTicks
                0x00000000        0x2 MCAL/timer/timer.o
 .bss.u16_g_overflowNumbers
                0x00000000        0x2 MCAL/timer/timer.o
 .bss.u16_g_TMR1Overflow
                0x00000000        0x2 MCAL/timer/timer.o
 .data.u8_l_mode
                0x00000000        0x1 MCAL/timer/timer.o
 .text          0x00000000        0x0 MCAL/timer/timer_config.o
 .data          0x00000000        0x0 MCAL/timer/timer_config.o
 .bss           0x00000000        0x0 MCAL/timer/timer_config.o
 .rodata.TimerConfig
                0x00000000       0x18 MCAL/timer/timer_config.o
 .debug_info    0x00000000      0x250 MCAL/timer/timer_config.o
 .debug_abbrev  0x00000000       0x86 MCAL/timer/timer_config.o
 .debug_aranges
                0x00000000       0x18 MCAL/timer/timer_config.o
 .debug_line    0x00000000       0x4c MCAL/timer/timer_config.o
 .debug_str     0x00000000      0x504 MCAL/timer/timer_config.o
 .comment       0x00000000       0x31 MCAL/timer/timer_config.o
 .text          0x00000000        0x0 c:/program files (x86)/atmel/studio/7.0/toolchain/avr8/avr8-gnu-toolchain/bin/../lib/gcc/avr/5.4.0/../../../../avr/lib/avr5\libm.a(addsf3.o)
 .data          0x00000000        0x0 c:/program files (x86)/atmel/studio/7.0/toolchain/avr8/avr8-gnu-toolchain/bin/../lib/gcc/avr/5.4.0/../../../../avr/lib/avr5\libm.a(addsf3.o)
 .bss           0x00000000        0x0 c:/program files (x86)/atmel/studio/7.0/toolchain/avr8/avr8-gnu-toolchain/bin/../lib/gcc/avr/5.4.0/../../../../avr/lib/avr5\libm.a(addsf3.o)
 .text          0x00000000        0x0 c:/program files (x86)/atmel/studio/7.0/toolchain/avr8/avr8-gnu-toolchain/bin/../lib/gcc/avr/5.4.0/../../../../avr/lib/avr5\libm.a(addsf3x.o)
 .data          0x00000000        0x0 c:/program files (x86)/atmel/studio/7.0/toolchain/avr8/avr8-gnu-toolchain/bin/../lib/gcc/avr/5.4.0/../../../../avr/lib/avr5\libm.a(addsf3x.o)
 .bss           0x00000000        0x0 c:/program files (x86)/atmel/studio/7.0/toolchain/avr8/avr8-gnu-toolchain/bin/../lib/gcc/avr/5.4.0/../../../../avr/lib/avr5\libm.a(addsf3x.o)
 .text          0x00000000        0x0 c:/program files (x86)/atmel/studio/7.0/toolchain/avr8/avr8-gnu-toolchain/bin/../lib/gcc/avr/5.4.0/../../../../avr/lib/avr5\libm.a(ceil.o)
 .data          0x00000000        0x0 c:/program files (x86)/atmel/studio/7.0/toolchain/avr8/avr8-gnu-toolchain/bin/../lib/gcc/avr/5.4.0/../../../../avr/lib/avr5\libm.a(ceil.o)
 .bss           0x00000000        0x0 c:/program files (x86)/atmel/studio/7.0/toolchain/avr8/avr8-gnu-toolchain/bin/../lib/gcc/avr/5.4.0/../../../../avr/lib/avr5\libm.a(ceil.o)
 .text          0x00000000        0x0 c:/program files (x86)/atmel/studio/7.0/toolchain/avr8/avr8-gnu-toolchain/bin/../lib/gcc/avr/5.4.0/../../../../avr/lib/avr5\libm.a(cmpsf2.o)
 .data          0x00000000        0x0 c:/program files (x86)/atmel/studio/7.0/toolchain/avr8/avr8-gnu-toolchain/bin/../lib/gcc/avr/5.4.0/../../../../avr/lib/avr5\libm.a(cmpsf2.o)
 .bss           0x00000000        0x0 c:/program files (x86)/atmel/studio/7.0/toolchain/avr8/avr8-gnu-toolchain/bin/../lib/gcc/avr/5.4.0/../../../../avr/lib/avr5\libm.a(cmpsf2.o)
 .text          0x00000000        0x0 c:/program files (x86)/atmel/studio/7.0/toolchain/avr8/avr8-gnu-toolchain/bin/../lib/gcc/avr/5.4.0/../../../../avr/lib/avr5\libm.a(divsf3.o)
 .data          0x00000000        0x0 c:/program files (x86)/atmel/studio/7.0/toolchain/avr8/avr8-gnu-toolchain/bin/../lib/gcc/avr/5.4.0/../../../../avr/lib/avr5\libm.a(divsf3.o)
 .bss           0x00000000        0x0 c:/program files (x86)/atmel/studio/7.0/toolchain/avr8/avr8-gnu-toolchain/bin/../lib/gcc/avr/5.4.0/../../../../avr/lib/avr5\libm.a(divsf3.o)
 .text          0x00000000        0x0 c:/program files (x86)/atmel/studio/7.0/toolchain/avr8/avr8-gnu-toolchain/bin/../lib/gcc/avr/5.4.0/../../../../avr/lib/avr5\libm.a(divsf3x.o)
 .data          0x00000000        0x0 c:/program files (x86)/atmel/studio/7.0/toolchain/avr8/avr8-gnu-toolchain/bin/../lib/gcc/avr/5.4.0/../../../../avr/lib/avr5\libm.a(divsf3x.o)
 .bss           0x00000000        0x0 c:/program files (x86)/atmel/studio/7.0/toolchain/avr8/avr8-gnu-toolchain/bin/../lib/gcc/avr/5.4.0/../../../../avr/lib/avr5\libm.a(divsf3x.o)
 .text          0x00000000        0x0 c:/program files (x86)/atmel/studio/7.0/toolchain/avr8/avr8-gnu-toolchain/bin/../lib/gcc/avr/5.4.0/../../../../avr/lib/avr5\libm.a(fixsfsi.o)
 .data          0x00000000        0x0 c:/program files (x86)/atmel/studio/7.0/toolchain/avr8/avr8-gnu-toolchain/bin/../lib/gcc/avr/5.4.0/../../../../avr/lib/avr5\libm.a(fixsfsi.o)
 .bss           0x00000000        0x0 c:/program files (x86)/atmel/studio/7.0/toolchain/avr8/avr8-gnu-toolchain/bin/../lib/gcc/avr/5.4.0/../../../../avr/lib/avr5\libm.a(fixsfsi.o)
 .text          0x00000000        0x0 c:/program files (x86)/atmel/studio/7.0/toolchain/avr8/avr8-gnu-toolchain/bin/../lib/gcc/avr/5.4.0/../../../../avr/lib/avr5\libm.a(fixunssfsi.o)
 .data          0x00000000        0x0 c:/program files (x86)/atmel/studio/7.0/toolchain/avr8/avr8-gnu-toolchain/bin/../lib/gcc/avr/5.4.0/../../../../avr/lib/avr5\libm.a(fixunssfsi.o)
 .bss           0x00000000        0x0 c:/program files (x86)/atmel/studio/7.0/toolchain/avr8/avr8-gnu-toolchain/bin/../lib/gcc/avr/5.4.0/../../../../avr/lib/avr5\libm.a(fixunssfsi.o)
 .text          0x00000000        0x0 c:/program files (x86)/atmel/studio/7.0/toolchain/avr8/avr8-gnu-toolchain/bin/../lib/gcc/avr/5.4.0/../../../../avr/lib/avr5\libm.a(floatsisf.o)
 .data          0x00000000        0x0 c:/program files (x86)/atmel/studio/7.0/toolchain/avr8/avr8-gnu-toolchain/bin/../lib/gcc/avr/5.4.0/../../../../avr/lib/avr5\libm.a(floatsisf.o)
 .bss           0x00000000        0x0 c:/program files (x86)/atmel/studio/7.0/toolchain/avr8/avr8-gnu-toolchain/bin/../lib/gcc/avr/5.4.0/../../../../avr/lib/avr5\libm.a(floatsisf.o)
 .text          0x00000000        0x0 c:/program files (x86)/atmel/studio/7.0/toolchain/avr8/avr8-gnu-toolchain/bin/../lib/gcc/avr/5.4.0/../../../../avr/lib/avr5\libm.a(fp_cmp.o)
 .data          0x00000000        0x0 c:/program files (x86)/atmel/studio/7.0/toolchain/avr8/avr8-gnu-toolchain/bin/../lib/gcc/avr/5.4.0/../../../../avr/lib/avr5\libm.a(fp_cmp.o)
 .bss           0x00000000        0x0 c:/program files (x86)/atmel/studio/7.0/toolchain/avr8/avr8-gnu-toolchain/bin/../lib/gcc/avr/5.4.0/../../../../avr/lib/avr5\libm.a(fp_cmp.o)
 .text          0x00000000        0x0 c:/program files (x86)/atmel/studio/7.0/toolchain/avr8/avr8-gnu-toolchain/bin/../lib/gcc/avr/5.4.0/../../../../avr/lib/avr5\libm.a(fp_inf.o)
 .data          0x00000000        0x0 c:/program files (x86)/atmel/studio/7.0/toolchain/avr8/avr8-gnu-toolchain/bin/../lib/gcc/avr/5.4.0/../../../../avr/lib/avr5\libm.a(fp_inf.o)
 .bss           0x00000000        0x0 c:/program files (x86)/atmel/studio/7.0/toolchain/avr8/avr8-gnu-toolchain/bin/../lib/gcc/avr/5.4.0/../../../../avr/lib/avr5\libm.a(fp_inf.o)
 .text          0x00000000        0x0 c:/program files (x86)/atmel/studio/7.0/toolchain/avr8/avr8-gnu-toolchain/bin/../lib/gcc/avr/5.4.0/../../../../avr/lib/avr5\libm.a(fp_mintl.o)
 .data          0x00000000        0x0 c:/program files (x86)/atmel/studio/7.0/toolchain/avr8/avr8-gnu-toolchain/bin/../lib/gcc/avr/5.4.0/../../../../avr/lib/avr5\libm.a(fp_mintl.o)
 .bss           0x00000000        0x0 c:/program files (x86)/atmel/studio/7.0/toolchain/avr8/avr8-gnu-toolchain/bin/../lib/gcc/avr/5.4.0/../../../../avr/lib/avr5\libm.a(fp_mintl.o)
 .text          0x00000000        0x0 c:/program files (x86)/atmel/studio/7.0/toolchain/avr8/avr8-gnu-toolchain/bin/../lib/gcc/avr/5.4.0/../../../../avr/lib/avr5\libm.a(fp_mpack.o)
 .data          0x00000000        0x0 c:/program files (x86)/atmel/studio/7.0/toolchain/avr8/avr8-gnu-toolchain/bin/../lib/gcc/avr/5.4.0/../../../../avr/lib/avr5\libm.a(fp_mpack.o)
 .bss           0x00000000        0x0 c:/program files (x86)/atmel/studio/7.0/toolchain/avr8/avr8-gnu-toolchain/bin/../lib/gcc/avr/5.4.0/../../../../avr/lib/avr5\libm.a(fp_mpack.o)
 .text          0x00000000        0x0 c:/program files (x86)/atmel/studio/7.0/toolchain/avr8/avr8-gnu-toolchain/bin/../lib/gcc/avr/5.4.0/../../../../avr/lib/avr5\libm.a(fp_nan.o)
 .data          0x00000000        0x0 c:/program files (x86)/atmel/studio/7.0/toolchain/avr8/avr8-gnu-toolchain/bin/../lib/gcc/avr/5.4.0/../../../../avr/lib/avr5\libm.a(fp_nan.o)
 .bss           0x00000000        0x0 c:/program files (x86)/atmel/studio/7.0/toolchain/avr8/avr8-gnu-toolchain/bin/../lib/gcc/avr/5.4.0/../../../../avr/lib/avr5\libm.a(fp_nan.o)
 .text          0x00000000        0x0 c:/program files (x86)/atmel/studio/7.0/toolchain/avr8/avr8-gnu-toolchain/bin/../lib/gcc/avr/5.4.0/../../../../avr/lib/avr5\libm.a(fp_pscA.o)
 .data          0x00000000        0x0 c:/program files (x86)/atmel/studio/7.0/toolchain/avr8/avr8-gnu-toolchain/bin/../lib/gcc/avr/5.4.0/../../../../avr/lib/avr5\libm.a(fp_pscA.o)
 .bss           0x00000000        0x0 c:/program files (x86)/atmel/studio/7.0/toolchain/avr8/avr8-gnu-toolchain/bin/../lib/gcc/avr/5.4.0/../../../../avr/lib/avr5\libm.a(fp_pscA.o)
 .text          0x00000000        0x0 c:/program files (x86)/atmel/studio/7.0/toolchain/avr8/avr8-gnu-toolchain/bin/../lib/gcc/avr/5.4.0/../../../../avr/lib/avr5\libm.a(fp_pscB.o)
 .data          0x00000000        0x0 c:/program files (x86)/atmel/studio/7.0/toolchain/avr8/avr8-gnu-toolchain/bin/../lib/gcc/avr/5.4.0/../../../../avr/lib/avr5\libm.a(fp_pscB.o)
 .bss           0x00000000        0x0 c:/program files (x86)/atmel/studio/7.0/toolchain/avr8/avr8-gnu-toolchain/bin/../lib/gcc/avr/5.4.0/../../../../avr/lib/avr5\libm.a(fp_pscB.o)
 .text          0x00000000        0x0 c:/program files (x86)/atmel/studio/7.0/toolchain/avr8/avr8-gnu-toolchain/bin/../lib/gcc/avr/5.4.0/../../../../avr/lib/avr5\libm.a(fp_round.o)
 .data          0x00000000        0x0 c:/program files (x86)/atmel/studio/7.0/toolchain/avr8/avr8-gnu-toolchain/bin/../lib/gcc/avr/5.4.0/../../../../avr/lib/avr5\libm.a(fp_round.o)
 .bss           0x00000000        0x0 c:/program files (x86)/atmel/studio/7.0/toolchain/avr8/avr8-gnu-toolchain/bin/../lib/gcc/avr/5.4.0/../../../../avr/lib/avr5\libm.a(fp_round.o)
 .text          0x00000000        0x0 c:/program files (x86)/atmel/studio/7.0/toolchain/avr8/avr8-gnu-toolchain/bin/../lib/gcc/avr/5.4.0/../../../../avr/lib/avr5\libm.a(fp_split3.o)
 .data          0x00000000        0x0 c:/program files (x86)/atmel/studio/7.0/toolchain/avr8/avr8-gnu-toolchain/bin/../lib/gcc/avr/5.4.0/../../../../avr/lib/avr5\libm.a(fp_split3.o)
 .bss           0x00000000        0x0 c:/program files (x86)/atmel/studio/7.0/toolchain/avr8/avr8-gnu-toolchain/bin/../lib/gcc/avr/5.4.0/../../../../avr/lib/avr5\libm.a(fp_split3.o)
 .text          0x00000000        0x0 c:/program files (x86)/atmel/studio/7.0/toolchain/avr8/avr8-gnu-toolchain/bin/../lib/gcc/avr/5.4.0/../../../../avr/lib/avr5\libm.a(fp_trunc.o)
 .data          0x00000000        0x0 c:/program files (x86)/atmel/studio/7.0/toolchain/avr8/avr8-gnu-toolchain/bin/../lib/gcc/avr/5.4.0/../../../../avr/lib/avr5\libm.a(fp_trunc.o)
 .bss           0x00000000        0x0 c:/program files (x86)/atmel/studio/7.0/toolchain/avr8/avr8-gnu-toolchain/bin/../lib/gcc/avr/5.4.0/../../../../avr/lib/avr5\libm.a(fp_trunc.o)
 .text          0x00000000        0x0 c:/program files (x86)/atmel/studio/7.0/toolchain/avr8/avr8-gnu-toolchain/bin/../lib/gcc/avr/5.4.0/../../../../avr/lib/avr5\libm.a(fp_zero.o)
 .data          0x00000000        0x0 c:/program files (x86)/atmel/studio/7.0/toolchain/avr8/avr8-gnu-toolchain/bin/../lib/gcc/avr/5.4.0/../../../../avr/lib/avr5\libm.a(fp_zero.o)
 .bss           0x00000000        0x0 c:/program files (x86)/atmel/studio/7.0/toolchain/avr8/avr8-gnu-toolchain/bin/../lib/gcc/avr/5.4.0/../../../../avr/lib/avr5\libm.a(fp_zero.o)
 .text          0x00000000        0x0 c:/program files (x86)/atmel/studio/7.0/toolchain/avr8/avr8-gnu-toolchain/bin/../lib/gcc/avr/5.4.0/../../../../avr/lib/avr5\libm.a(gesf2.o)
 .data          0x00000000        0x0 c:/program files (x86)/atmel/studio/7.0/toolchain/avr8/avr8-gnu-toolchain/bin/../lib/gcc/avr/5.4.0/../../../../avr/lib/avr5\libm.a(gesf2.o)
 .bss           0x00000000        0x0 c:/program files (x86)/atmel/studio/7.0/toolchain/avr8/avr8-gnu-toolchain/bin/../lib/gcc/avr/5.4.0/../../../../avr/lib/avr5\libm.a(gesf2.o)
 .text          0x00000000        0x0 c:/program files (x86)/atmel/studio/7.0/toolchain/avr8/avr8-gnu-toolchain/bin/../lib/gcc/avr/5.4.0/../../../../avr/lib/avr5\libm.a(mulsf3.o)
 .data          0x00000000        0x0 c:/program files (x86)/atmel/studio/7.0/toolchain/avr8/avr8-gnu-toolchain/bin/../lib/gcc/avr/5.4.0/../../../../avr/lib/avr5\libm.a(mulsf3.o)
 .bss           0x00000000        0x0 c:/program files (x86)/atmel/studio/7.0/toolchain/avr8/avr8-gnu-toolchain/bin/../lib/gcc/avr/5.4.0/../../../../avr/lib/avr5\libm.a(mulsf3.o)
 .text          0x00000000        0x0 c:/program files (x86)/atmel/studio/7.0/toolchain/avr8/avr8-gnu-toolchain/bin/../lib/gcc/avr/5.4.0/../../../../avr/lib/avr5\libm.a(mulsf3x.o)
 .data          0x00000000        0x0 c:/program files (x86)/atmel/studio/7.0/toolchain/avr8/avr8-gnu-toolchain/bin/../lib/gcc/avr/5.4.0/../../../../avr/lib/avr5\libm.a(mulsf3x.o)
 .bss           0x00000000        0x0 c:/program files (x86)/atmel/studio/7.0/toolchain/avr8/avr8-gnu-toolchain/bin/../lib/gcc/avr/5.4.0/../../../../avr/lib/avr5\libm.a(mulsf3x.o)
 .text          0x00000000        0x0 c:/program files (x86)/atmel/studio/7.0/toolchain/avr8/avr8-gnu-toolchain/bin/../lib/gcc/avr/5.4.0/avr5\libgcc.a(_divmodhi4.o)
 .data          0x00000000        0x0 c:/program files (x86)/atmel/studio/7.0/toolchain/avr8/avr8-gnu-toolchain/bin/../lib/gcc/avr/5.4.0/avr5\libgcc.a(_divmodhi4.o)
 .bss           0x00000000        0x0 c:/program files (x86)/atmel/studio/7.0/toolchain/avr8/avr8-gnu-toolchain/bin/../lib/gcc/avr/5.4.0/avr5\libgcc.a(_divmodhi4.o)
 .text.libgcc.mul
                0x00000000        0x0 c:/program files (x86)/atmel/studio/7.0/toolchain/avr8/avr8-gnu-toolchain/bin/../lib/gcc/avr/5.4.0/avr5\libgcc.a(_divmodhi4.o)
 .text.libgcc   0x00000000        0x0 c:/program files (x86)/atmel/studio/7.0/toolchain/avr8/avr8-gnu-toolchain/bin/../lib/gcc/avr/5.4.0/avr5\libgcc.a(_divmodhi4.o)
 .text.libgcc.prologue
                0x00000000        0x0 c:/program files (x86)/atmel/studio/7.0/toolchain/avr8/avr8-gnu-toolchain/bin/../lib/gcc/avr/5.4.0/avr5\libgcc.a(_divmodhi4.o)
 .text.libgcc.builtins
                0x00000000        0x0 c:/program files (x86)/atmel/studio/7.0/toolchain/avr8/avr8-gnu-toolchain/bin/../lib/gcc/avr/5.4.0/avr5\libgcc.a(_divmodhi4.o)
 .text.libgcc.fmul
                0x00000000        0x0 c:/program files (x86)/atmel/studio/7.0/toolchain/avr8/avr8-gnu-toolchain/bin/../lib/gcc/avr/5.4.0/avr5\libgcc.a(_divmodhi4.o)
 .text.libgcc.fixed
                0x00000000        0x0 c:/program files (x86)/atmel/studio/7.0/toolchain/avr8/avr8-gnu-toolchain/bin/../lib/gcc/avr/5.4.0/avr5\libgcc.a(_divmodhi4.o)
 .text          0x00000000        0x0 c:/program files (x86)/atmel/studio/7.0/toolchain/avr8/avr8-gnu-toolchain/bin/../lib/gcc/avr/5.4.0/avr5\libgcc.a(_exit.o)
 .data          0x00000000        0x0 c:/program files (x86)/atmel/studio/7.0/toolchain/avr8/avr8-gnu-toolchain/bin/../lib/gcc/avr/5.4.0/avr5\libgcc.a(_exit.o)
 .bss           0x00000000        0x0 c:/program files (x86)/atmel/studio/7.0/toolchain/avr8/avr8-gnu-toolchain/bin/../lib/gcc/avr/5.4.0/avr5\libgcc.a(_exit.o)
 .text.libgcc.mul
                0x00000000        0x0 c:/program files (x86)/atmel/studio/7.0/toolchain/avr8/avr8-gnu-toolchain/bin/../lib/gcc/avr/5.4.0/avr5\libgcc.a(_exit.o)
 .text.libgcc.div
                0x00000000        0x0 c:/program files (x86)/atmel/studio/7.0/toolchain/avr8/avr8-gnu-toolchain/bin/../lib/gcc/avr/5.4.0/avr5\libgcc.a(_exit.o)
 .text.libgcc   0x00000000        0x0 c:/program files (x86)/atmel/studio/7.0/toolchain/avr8/avr8-gnu-toolchain/bin/../lib/gcc/avr/5.4.0/avr5\libgcc.a(_exit.o)
 .text.libgcc.prologue
                0x00000000        0x0 c:/program files (x86)/atmel/studio/7.0/toolchain/avr8/avr8-gnu-toolchain/bin/../lib/gcc/avr/5.4.0/avr5\libgcc.a(_exit.o)
 .text.libgcc.builtins
                0x00000000        0x0 c:/program files (x86)/atmel/studio/7.0/toolchain/avr8/avr8-gnu-toolchain/bin/../lib/gcc/avr/5.4.0/avr5\libgcc.a(_exit.o)
 .text.libgcc.fmul
                0x00000000        0x0 c:/program files (x86)/atmel/studio/7.0/toolchain/avr8/avr8-gnu-toolchain/bin/../lib/gcc/avr/5.4.0/avr5\libgcc.a(_exit.o)
 .text.libgcc.fixed
                0x00000000        0x0 c:/program files (x86)/atmel/studio/7.0/toolchain/avr8/avr8-gnu-toolchain/bin/../lib/gcc/avr/5.4.0/avr5\libgcc.a(_exit.o)
 .text          0x00000000        0x0 c:/program files (x86)/atmel/studio/7.0/toolchain/avr8/avr8-gnu-toolchain/bin/../lib/gcc/avr/5.4.0/avr5\libgcc.a(_tablejump2.o)
 .data          0x00000000        0x0 c:/program files (x86)/atmel/studio/7.0/toolchain/avr8/avr8-gnu-toolchain/bin/../lib/gcc/avr/5.4.0/avr5\libgcc.a(_tablejump2.o)
 .bss           0x00000000        0x0 c:/program files (x86)/atmel/studio/7.0/toolchain/avr8/avr8-gnu-toolchain/bin/../lib/gcc/avr/5.4.0/avr5\libgcc.a(_tablejump2.o)
 .text.libgcc.mul
                0x00000000        0x0 c:/program files (x86)/atmel/studio/7.0/toolchain/avr8/avr8-gnu-toolchain/bin/../lib/gcc/avr/5.4.0/avr5\libgcc.a(_tablejump2.o)
 .text.libgcc.div
                0x00000000        0x0 c:/program files (x86)/atmel/studio/7.0/toolchain/avr8/avr8-gnu-toolchain/bin/../lib/gcc/avr/5.4.0/avr5\libgcc.a(_tablejump2.o)
 .text.libgcc.prologue
                0x00000000        0x0 c:/program files (x86)/atmel/studio/7.0/toolchain/avr8/avr8-gnu-toolchain/bin/../lib/gcc/avr/5.4.0/avr5\libgcc.a(_tablejump2.o)
 .text.libgcc.builtins
                0x00000000        0x0 c:/program files (x86)/atmel/studio/7.0/toolchain/avr8/avr8-gnu-toolchain/bin/../lib/gcc/avr/5.4.0/avr5\libgcc.a(_tablejump2.o)
 .text.libgcc.fmul
                0x00000000        0x0 c:/program files (x86)/atmel/studio/7.0/toolchain/avr8/avr8-gnu-toolchain/bin/../lib/gcc/avr/5.4.0/avr5\libgcc.a(_tablejump2.o)
 .text.libgcc.fixed
                0x00000000        0x0 c:/program files (x86)/atmel/studio/7.0/toolchain/avr8/avr8-gnu-toolchain/bin/../lib/gcc/avr/5.4.0/avr5\libgcc.a(_tablejump2.o)
 .text          0x00000000        0x0 c:/program files (x86)/atmel/studio/7.0/toolchain/avr8/avr8-gnu-toolchain/bin/../lib/gcc/avr/5.4.0/avr5\libgcc.a(_copy_data.o)
 .data          0x00000000        0x0 c:/program files (x86)/atmel/studio/7.0/toolchain/avr8/avr8-gnu-toolchain/bin/../lib/gcc/avr/5.4.0/avr5\libgcc.a(_copy_data.o)
 .bss           0x00000000        0x0 c:/program files (x86)/atmel/studio/7.0/toolchain/avr8/avr8-gnu-toolchain/bin/../lib/gcc/avr/5.4.0/avr5\libgcc.a(_copy_data.o)
 .text.libgcc.mul
                0x00000000        0x0 c:/program files (x86)/atmel/studio/7.0/toolchain/avr8/avr8-gnu-toolchain/bin/../lib/gcc/avr/5.4.0/avr5\libgcc.a(_copy_data.o)
 .text.libgcc.div
                0x00000000        0x0 c:/program files (x86)/atmel/studio/7.0/toolchain/avr8/avr8-gnu-toolchain/bin/../lib/gcc/avr/5.4.0/avr5\libgcc.a(_copy_data.o)
 .text.libgcc   0x00000000        0x0 c:/program files (x86)/atmel/studio/7.0/toolchain/avr8/avr8-gnu-toolchain/bin/../lib/gcc/avr/5.4.0/avr5\libgcc.a(_copy_data.o)
 .text.libgcc.prologue
                0x00000000        0x0 c:/program files (x86)/atmel/studio/7.0/toolchain/avr8/avr8-gnu-toolchain/bin/../lib/gcc/avr/5.4.0/avr5\libgcc.a(_copy_data.o)
 .text.libgcc.builtins
                0x00000000        0x0 c:/program files (x86)/atmel/studio/7.0/toolchain/avr8/avr8-gnu-toolchain/bin/../lib/gcc/avr/5.4.0/avr5\libgcc.a(_copy_data.o)
 .text.libgcc.fmul
                0x00000000        0x0 c:/program files (x86)/atmel/studio/7.0/toolchain/avr8/avr8-gnu-toolchain/bin/../lib/gcc/avr/5.4.0/avr5\libgcc.a(_copy_data.o)
 .text.libgcc.fixed
                0x00000000        0x0 c:/program files (x86)/atmel/studio/7.0/toolchain/avr8/avr8-gnu-toolchain/bin/../lib/gcc/avr/5.4.0/avr5\libgcc.a(_copy_data.o)
 .text          0x00000000        0x0 c:/program files (x86)/atmel/studio/7.0/toolchain/avr8/avr8-gnu-toolchain/bin/../lib/gcc/avr/5.4.0/avr5\libgcc.a(_clear_bss.o)
 .data          0x00000000        0x0 c:/program files (x86)/atmel/studio/7.0/toolchain/avr8/avr8-gnu-toolchain/bin/../lib/gcc/avr/5.4.0/avr5\libgcc.a(_clear_bss.o)
 .bss           0x00000000        0x0 c:/program files (x86)/atmel/studio/7.0/toolchain/avr8/avr8-gnu-toolchain/bin/../lib/gcc/avr/5.4.0/avr5\libgcc.a(_clear_bss.o)
 .text.libgcc.mul
                0x00000000        0x0 c:/program files (x86)/atmel/studio/7.0/toolchain/avr8/avr8-gnu-toolchain/bin/../lib/gcc/avr/5.4.0/avr5\libgcc.a(_clear_bss.o)
 .text.libgcc.div
                0x00000000        0x0 c:/program files (x86)/atmel/studio/7.0/toolchain/avr8/avr8-gnu-toolchain/bin/../lib/gcc/avr/5.4.0/avr5\libgcc.a(_clear_bss.o)
 .text.libgcc   0x00000000        0x0 c:/program files (x86)/atmel/studio/7.0/toolchain/avr8/avr8-gnu-toolchain/bin/../lib/gcc/avr/5.4.0/avr5\libgcc.a(_clear_bss.o)
 .text.libgcc.prologue
                0x00000000        0x0 c:/program files (x86)/atmel/studio/7.0/toolchain/avr8/avr8-gnu-toolchain/bin/../lib/gcc/avr/5.4.0/avr5\libgcc.a(_clear_bss.o)
 .text.libgcc.builtins
                0x00000000        0x0 c:/program files (x86)/atmel/studio/7.0/toolchain/avr8/avr8-gnu-toolchain/bin/../lib/gcc/avr/5.4.0/avr5\libgcc.a(_clear_bss.o)
 .text.libgcc.fmul
                0x00000000        0x0 c:/program files (x86)/atmel/studio/7.0/toolchain/avr8/avr8-gnu-toolchain/bin/../lib/gcc/avr/5.4.0/avr5\libgcc.a(_clear_bss.o)
 .text.libgcc.fixed
                0x00000000        0x0 c:/program files (x86)/atmel/studio/7.0/toolchain/avr8/avr8-gnu-toolchain/bin/../lib/gcc/avr/5.4.0/avr5\libgcc.a(_clear_bss.o)
 .text          0x00000000        0x0 c:/program files (x86)/atmel/studio/7.0/toolchain/avr8/avr8-gnu-toolchain/bin/../lib/gcc/avr/5.4.0/avr5\libgcc.a(_umulhisi3.o)
 .data          0x00000000        0x0 c:/program files (x86)/atmel/studio/7.0/toolchain/avr8/avr8-gnu-toolchain/bin/../lib/gcc/avr/5.4.0/avr5\libgcc.a(_umulhisi3.o)
 .bss           0x00000000        0x0 c:/program files (x86)/atmel/studio/7.0/toolchain/avr8/avr8-gnu-toolchain/bin/../lib/gcc/avr/5.4.0/avr5\libgcc.a(_umulhisi3.o)
 .text.libgcc.mul
                0x00000000       0x1e c:/program files (x86)/atmel/studio/7.0/toolchain/avr8/avr8-gnu-toolchain/bin/../lib/gcc/avr/5.4.0/avr5\libgcc.a(_umulhisi3.o)
 .text.libgcc.div
                0x00000000        0x0 c:/program files (x86)/atmel/studio/7.0/toolchain/avr8/avr8-gnu-toolchain/bin/../lib/gcc/avr/5.4.0/avr5\libgcc.a(_umulhisi3.o)
 .text.libgcc   0x00000000        0x0 c:/program files (x86)/atmel/studio/7.0/toolchain/avr8/avr8-gnu-toolchain/bin/../lib/gcc/avr/5.4.0/avr5\libgcc.a(_umulhisi3.o)
 .text.libgcc.prologue
                0x00000000        0x0 c:/program files (x86)/atmel/studio/7.0/toolchain/avr8/avr8-gnu-toolchain/bin/../lib/gcc/avr/5.4.0/avr5\libgcc.a(_umulhisi3.o)
 .text.libgcc.builtins
                0x00000000        0x0 c:/program files (x86)/atmel/studio/7.0/toolchain/avr8/avr8-gnu-toolchain/bin/../lib/gcc/avr/5.4.0/avr5\libgcc.a(_umulhisi3.o)
 .text.libgcc.fmul
                0x00000000        0x0 c:/program files (x86)/atmel/studio/7.0/toolchain/avr8/avr8-gnu-toolchain/bin/../lib/gcc/avr/5.4.0/avr5\libgcc.a(_umulhisi3.o)
 .text.libgcc.fixed
                0x00000000        0x0 c:/program files (x86)/atmel/studio/7.0/toolchain/avr8/avr8-gnu-toolchain/bin/../lib/gcc/avr/5.4.0/avr5\libgcc.a(_umulhisi3.o)
 .text          0x00000000        0x0 c:/program files (x86)/atmel/studio/7.0/toolchain/avr8/avr8-gnu-toolchain/bin/../lib/gcc/avr/5.4.0/avr5\libgcc.a(_udivmodhi4.o)
 .data          0x00000000        0x0 c:/program files (x86)/atmel/studio/7.0/toolchain/avr8/avr8-gnu-toolchain/bin/../lib/gcc/avr/5.4.0/avr5\libgcc.a(_udivmodhi4.o)
 .bss           0x00000000        0x0 c:/program files (x86)/atmel/studio/7.0/toolchain/avr8/avr8-gnu-toolchain/bin/../lib/gcc/avr/5.4.0/avr5\libgcc.a(_udivmodhi4.o)
 .text.libgcc.mul
                0x00000000        0x0 c:/program files (x86)/atmel/studio/7.0/toolchain/avr8/avr8-gnu-toolchain/bin/../lib/gcc/avr/5.4.0/avr5\libgcc.a(_udivmodhi4.o)
 .text.libgcc   0x00000000        0x0 c:/program files (x86)/atmel/studio/7.0/toolchain/avr8/avr8-gnu-toolchain/bin/../lib/gcc/avr/5.4.0/avr5\libgcc.a(_udivmodhi4.o)
 .text.libgcc.prologue
                0x00000000        0x0 c:/program files (x86)/atmel/studio/7.0/toolchain/avr8/avr8-gnu-toolchain/bin/../lib/gcc/avr/5.4.0/avr5\libgcc.a(_udivmodhi4.o)
 .text.libgcc.builtins
                0x00000000        0x0 c:/program files (x86)/atmel/studio/7.0/toolchain/avr8/avr8-gnu-toolchain/bin/../lib/gcc/avr/5.4.0/avr5\libgcc.a(_udivmodhi4.o)
 .text.libgcc.fmul
                0x00000000        0x0 c:/program files (x86)/atmel/studio/7.0/toolchain/avr8/avr8-gnu-toolchain/bin/../lib/gcc/avr/5.4.0/avr5\libgcc.a(_udivmodhi4.o)
 .text.libgcc.fixed
                0x00000000        0x0 c:/program files (x86)/atmel/studio/7.0/toolchain/avr8/avr8-gnu-toolchain/bin/../lib/gcc/avr/5.4.0/avr5\libgcc.a(_udivmodhi4.o)

Memory Configuration

Name             Origin             Length             Attributes
text             0x00000000         0x00008000         xr
data             0x00800060         0x00000800         rw !x
eeprom           0x00810000         0x00000400         rw !x
fuse             0x00820000         0x00000002         rw !x
lock             0x00830000         0x00000400         rw !x
signature        0x00840000         0x00000400         rw !x
user_signatures  0x00850000         0x00000400         rw !x
*default*        0x00000000         0xffffffff

Linker script and memory map

LOAD C:/Program Files (x86)/Atmel/Studio/7.0/Packs/atmel/ATmega_DFP/1.7.374/gcc/dev/atmega32/avr5/crtatmega32.o
LOAD APPLICATION/app/app.o
LOAD APPLICATION/car_module/car_operations.o
LOAD ECUAL/keypad/keypad_config.o
LOAD ECUAL/keypad/keypad_program.o
LOAD ECUAL/lcd/lcd_program.o
LOAD ECUAL/motors/dcm_cfg.o
LOAD ECUAL/motors/dcm_program.o
LOAD ECUAL/push_button/pb_config.o
LOAD ECUAL/push_button/PB_prog.o
LOAD ECUAL/ultrasonic/ultrasonic_prog.o
LOAD main.o
LOAD MCAL/dio/dio.o
LOAD MCAL/exti/ext_interrupt_config.o
LOAD MCAL/exti/EXT_INTERRUPT_Prog.o
LOAD MCAL/icu/icu.o
LOAD MCAL/icu/icu_cfg.o
LOAD MCAL/mcu_cfg/mcu_Prog.o
LOAD MCAL/pwm/pwm_config.o
LOAD MCAL/pwm/pwm_program.o
LOAD MCAL/timer/timer.o
LOAD MCAL/timer/timer_config.o
START GROUP
LOAD c:/program files (x86)/atmel/studio/7.0/toolchain/avr8/avr8-gnu-toolchain/bin/../lib/gcc/avr/5.4.0/../../../../avr/lib/avr5\libm.a
END GROUP
START GROUP
LOAD c:/program files (x86)/atmel/studio/7.0/toolchain/avr8/avr8-gnu-toolchain/bin/../lib/gcc/avr/5.4.0/avr5\libgcc.a
LOAD c:/program files (x86)/atmel/studio/7.0/toolchain/avr8/avr8-gnu-toolchain/bin/../lib/gcc/avr/5.4.0/../../../../avr/lib/avr5\libm.a
LOAD c:/program files (x86)/atmel/studio/7.0/toolchain/avr8/avr8-gnu-toolchain/bin/../lib/gcc/avr/5.4.0/../../../../avr/lib/avr5\libc.a
LOAD C:/Program Files (x86)/Atmel/Studio/7.0/Packs/atmel/ATmega_DFP/1.7.374/gcc/dev/atmega32/avr5\libatmega32.a
END GROUP
                0x00000000                __TEXT_REGION_ORIGIN__ = DEFINED (__TEXT_REGION_ORIGIN__)?__TEXT_REGION_ORIGIN__:0x0
                [0x00800060]                __DATA_REGION_ORIGIN__ = DEFINED (__DATA_REGION_ORIGIN__)?__DATA_REGION_ORIGIN__:0x800060
                [0x00008000]                __TEXT_REGION_LENGTH__ = DEFINED (__TEXT_REGION_LENGTH__)?__TEXT_REGION_LENGTH__:0x20000
                [0x00000800]                __DATA_REGION_LENGTH__ = DEFINED (__DATA_REGION_LENGTH__)?__DATA_REGION_LENGTH__:0xffa0
                [0x00000400]                __EEPROM_REGION_LENGTH__ = DEFINED (__EEPROM_REGION_LENGTH__)?__EEPROM_REGION_LENGTH__:0x10000
                [0x00000002]                __FUSE_REGION_LENGTH__ = DEFINED (__FUSE_REGION_LENGTH__)?__FUSE_REGION_LENGTH__:0x400
                0x00000400                __LOCK_REGION_LENGTH__ = DEFINED (__LOCK_REGION_LENGTH__)?__LOCK_REGION_LENGTH__:0x400
                0x00000400                __SIGNATURE_REGION_LENGTH__ = DEFINED (__SIGNATURE_REGION_LENGTH__)?__SIGNATURE_REGION_LENGTH__:0x400
                0x00000400                __USER_SIGNATURE_REGION_LENGTH__ = DEFINED (__USER_SIGNATURE_REGION_LENGTH__)?__USER_SIGNATURE_REGION_LENGTH__:0x400

.hash
 *(.hash)

.dynsym
 *(.dynsym)

.dynstr
 *(.dynstr)

.gnu.version
 *(.gnu.version)

.gnu.version_d
 *(.gnu.version_d)

.gnu.version_r
 *(.gnu.version_r)

.rel.init
 *(.rel.init)

.rela.init
 *(.rela.init)

.rel.text
 *(.rel.text)
 *(.rel.text.*)
 *(.rel.gnu.linkonce.t*)

.rela.text
 *(.rela.text)
 *(.rela.text.*)
 *(.rela.gnu.linkonce.t*)

.rel.fini
 *(.rel.fini)

.rela.fini
 *(.rela.fini)

.rel.rodata
 *(.rel.rodata)
 *(.rel.rodata.*)
 *(.rel.gnu.linkonce.r*)

.rela.rodata
 *(.rela.rodata)
 *(.rela.rodata.*)
 *(.rela.gnu.linkonce.r*)

.rel.data
 *(.rel.data)
 *(.rel.data.*)
 *(.rel.gnu.linkonce.d*)

.rela.data
 *(.rela.data)
 *(.rela.data.*)
 *(.rela.gnu.linkonce.d*)

.rel.ctors
 *(.rel.ctors)

.rela.ctors
 *(.rela.ctors)

.rel.dtors
 *(.rel.dtors)

.rela.dtors
 *(.rela.dtors)

.rel.got
 *(.rel.got)

.rela.got
 *(.rela.got)

.rel.bss
 *(.rel.bss)

.rela.bss
 *(.rela.bss)

.rel.plt
 *(.rel.plt)

.rela.plt
 *(.rela.plt)

.text           0x00000000     0x20aa
 *(.vectors)
 .vectors       0x00000000       0x54 C:/Program Files (x86)/Atmel/Studio/7.0/Packs/atmel/ATmega_DFP/1.7.374/gcc/dev/atmega32/avr5/crtatmega32.o
                0x00000000                __vector_default
                0x00000000                __vectors
 *(.vectors)
 *(.progmem.gcc*)
 .progmem.gcc_sw_table.app_main
                0x00000054       0x10 APPLICATION/app/app.o
                0x00000064                . = ALIGN (0x2)
                0x00000064                __trampolines_start = .
 *(.trampolines)
 .trampolines   0x00000064        0x0 linker stubs
 *(.trampolines*)
                0x00000064                __trampolines_end = .
 *libprintf_flt.a:*(.progmem.data)
 *libc.a:*(.progmem.data)
 *(.progmem*)
                0x00000064                . = ALIGN (0x2)
 *(.jumptables)
 *(.jumptables*)
 *(.lowtext)
 *(.lowtext*)
                0x00000064                __ctors_start = .
 *(.ctors)
                0x00000064                __ctors_end = .
                0x00000064                __dtors_start = .
 *(.dtors)
                0x00000064                __dtors_end = .
 SORT(*)(.ctors)
 SORT(*)(.dtors)
 *(.init0)
 .init0         0x00000064        0x0 C:/Program Files (x86)/Atmel/Studio/7.0/Packs/atmel/ATmega_DFP/1.7.374/gcc/dev/atmega32/avr5/crtatmega32.o
                0x00000064                __init
 *(.init0)
 *(.init1)
 *(.init1)
 *(.init2)
 .init2         0x00000064        0xc C:/Program Files (x86)/Atmel/Studio/7.0/Packs/atmel/ATmega_DFP/1.7.374/gcc/dev/atmega32/avr5/crtatmega32.o
 *(.init2)
 *(.init3)
 *(.init3)
 *(.init4)
 .init4         0x00000070       0x16 c:/program files (x86)/atmel/studio/7.0/toolchain/avr8/avr8-gnu-toolchain/bin/../lib/gcc/avr/5.4.0/avr5\libgcc.a(_copy_data.o)
                0x00000070                __do_copy_data
 .init4         0x00000086       0x10 c:/program files (x86)/atmel/studio/7.0/toolchain/avr8/avr8-gnu-toolchain/bin/../lib/gcc/avr/5.4.0/avr5\libgcc.a(_clear_bss.o)
                0x00000086                __do_clear_bss
 *(.init4)
 *(.init5)
 *(.init5)
 *(.init6)
 *(.init6)
 *(.init7)
 *(.init7)
 *(.init8)
 *(.init8)
 *(.init9)
 .init9         0x00000096        0x8 C:/Program Files (x86)/Atmel/Studio/7.0/Packs/atmel/ATmega_DFP/1.7.374/gcc/dev/atmega32/avr5/crtatmega32.o
 *(.init9)
 *(.text)
 .text          0x0000009e        0x4 C:/Program Files (x86)/Atmel/Studio/7.0/Packs/atmel/ATmega_DFP/1.7.374/gcc/dev/atmega32/avr5/crtatmega32.o
                0x0000009e                __vector_1
                0x0000009e                __vector_12
                0x0000009e                __bad_interrupt
                0x0000009e                __vector_6
                0x0000009e                __vector_13
                0x0000009e                __vector_17
                0x0000009e                __vector_19
                0x0000009e                __vector_7
                0x0000009e                __vector_4
                0x0000009e                __vector_2
                0x0000009e                __vector_15
                0x0000009e                __vector_8
                0x0000009e                __vector_14
                0x0000009e                __vector_10
                0x0000009e                __vector_16
                0x0000009e                __vector_18
                0x0000009e                __vector_20
                0x000000a2                . = ALIGN (0x2)
 *(.text.*)
 .text.app_init
                0x000000a2       0x20 APPLICATION/app/app.o
                0x000000a2                app_init
 .text.app_main
                0x000000c2      0x176 APPLICATION/app/app.o
                0x000000c2                app_main
 .text.setDefaultRotation
                0x00000238       0xb6 APPLICATION/car_module/car_operations.o
                0x00000238                setDefaultRotation
 .text.LCD_update
                0x000002ee       0xd6 APPLICATION/car_module/car_operations.o
                0x000002ee                LCD_update
 .text.obstcaleMoreThan70
                0x000003c4       0x64 APPLICATION/car_module/car_operations.o
                0x000003c4                obstcaleMoreThan70
 .text.obstcaleMoreThan30
                0x00000428       0x28 APPLICATION/car_module/car_operations.o
                0x00000428                obstcaleMoreThan30
 .text.obstcaleMoreThan20
                0x00000450       0x56 APPLICATION/car_module/car_operations.o
                0x00000450                obstcaleMoreThan20
 .text.obstcaleLessThan20
                0x000004a6       0x60 APPLICATION/car_module/car_operations.o
                0x000004a6                obstcaleLessThan20
 .text.Car_Stop
                0x00000506       0x16 APPLICATION/car_module/car_operations.o
                0x00000506                Car_Stop
 .text.LCD_update_stop
                0x0000051c       0x22 APPLICATION/car_module/car_operations.o
                0x0000051c                LCD_update_stop
 .text.KEYPAD_init
                0x0000053e       0x4e ECUAL/keypad/keypad_program.o
                0x0000053e                KEYPAD_init
 .text.KEYPAD_getButton
                0x0000058c       0xe8 ECUAL/keypad/keypad_program.o
                0x0000058c                KEYPAD_getButton
 .text.WriteIns
                0x00000674       0xc0 ECUAL/lcd/lcd_program.o
 .text.WriteData
                0x00000734       0xc0 ECUAL/lcd/lcd_program.o
 .text.LCD_WriteChar
                0x000007f4        0x6 ECUAL/lcd/lcd_program.o
                0x000007f4                LCD_WriteChar
 .text.LCD_WriteString
                0x000007fa       0x26 ECUAL/lcd/lcd_program.o
                0x000007fa                LCD_WriteString
 .text.LCD_SetCursor
                0x00000820       0x1c ECUAL/lcd/lcd_program.o
                0x00000820                LCD_SetCursor
 .text.LCD_Clear
                0x0000083c       0x14 ECUAL/lcd/lcd_program.o
                0x0000083c                LCD_Clear
 .text.LCD_WriteNumber
                0x00000850       0x9a ECUAL/lcd/lcd_program.o
                0x00000850                LCD_WriteNumber
 .text.LCD_PinsInit
                0x000008ea       0x3a ECUAL/lcd/lcd_program.o
                0x000008ea                LCD_PinsInit
 .text.LCD_Init
                0x00000924       0x3c ECUAL/lcd/lcd_program.o
                0x00000924                LCD_Init
 .text.DCM_motorInit
                0x00000960       0x54 ECUAL/motors/dcm_program.o
                0x00000960                DCM_motorInit
 .text.DCM_changeDCMDirection
                0x000009b4       0x26 ECUAL/motors/dcm_program.o
                0x000009b4                DCM_changeDCMDirection
 .text.DCM_vdStopDCM
                0x000009da       0x1a ECUAL/motors/dcm_program.o
                0x000009da                DCM_vdStopDCM
 .text.DCM_u8SetDutyCycleOfPWM
                0x000009f4        0xe ECUAL/motors/dcm_program.o
                0x000009f4                DCM_u8SetDutyCycleOfPWM
 .text.DCM_rotateDCM
                0x00000a02       0x6c ECUAL/motors/dcm_program.o
                0x00000a02                DCM_rotateDCM
 .text.DCM_MoveForward
                0x00000a6e       0x3a ECUAL/motors/dcm_program.o
                0x00000a6e                DCM_MoveForward
 .text.DCM_MoveBackward
                0x00000aa8       0x3a ECUAL/motors/dcm_program.o
                0x00000aa8                DCM_MoveBackward
 .text.PUSH_BTN_intialize
                0x00000ae2        0xa ECUAL/push_button/PB_prog.o
                0x00000ae2                PUSH_BTN_intialize
 .text.PUSH_BTN_read_state
                0x00000aec       0x82 ECUAL/push_button/PB_prog.o
                0x00000aec                PUSH_BTN_read_state
 .text.ultrasonic_vInit
                0x00000b6e        0xe ECUAL/ultrasonic/ultrasonic_prog.o
                0x00000b6e                ultrasonic_vInit
 .text.ultrasonic_vGetDistance
                0x00000b7c       0x94 ECUAL/ultrasonic/ultrasonic_prog.o
                0x00000b7c                ultrasonic_vGetDistance
 .text.main     0x00000c10        0xa main.o
                0x00000c10                main
 .text.DIO_WritePin
                0x00000c1a       0xe2 MCAL/dio/dio.o
                0x00000c1a                DIO_WritePin
 .text.DIO_read
                0x00000cfc       0x68 MCAL/dio/dio.o
                0x00000cfc                DIO_read
 .text.DIO_toggle
                0x00000d64       0x68 MCAL/dio/dio.o
                0x00000d64                DIO_toggle
 .text.DIO_Initpin
                0x00000dcc      0x2da MCAL/dio/dio.o
                0x00000dcc                DIO_Initpin
 .text.DIO_initpinn
                0x000010a6      0x1fa MCAL/dio/dio.o
                0x000010a6                DIO_initpinn
 .text.DIO_writepinn
                0x000012a0      0x10e MCAL/dio/dio.o
                0x000012a0                DIO_writepinn
 .text.DIO_InitDCM
                0x000013ae      0x100 MCAL/dio/dio.o
                0x000013ae                DIO_InitDCM
 .text.ICU_getValue
                0x000014ae       0x10 MCAL/icu/icu.o
                0x000014ae                ICU_getValue
 .text.EXI_enablePIE
                0x000014be       0x26 MCAL/icu/icu.o
                0x000014be                EXI_enablePIE
 .text.TIMER_tmr1NormalModeInit
                0x000014e4       0x6a MCAL/icu/icu.o
                0x000014e4                TIMER_tmr1NormalModeInit
 .text.TIMER_tmr1Start
                0x0000154e       0x96 MCAL/icu/icu.o
                0x0000154e                TIMER_tmr1Start
 .text.TIMER_tmr1Stop
                0x000015e4       0x14 MCAL/icu/icu.o
                0x000015e4                TIMER_tmr1Stop
 .text.ICU_RisingEdgeCapture
                0x000015f8       0x2c MCAL/icu/icu.o
                0x000015f8                ICU_RisingEdgeCapture
 .text.__vector_3
                0x00001624       0xa6 MCAL/icu/icu.o
                0x00001624                __vector_3
 .text.__vector_9
                0x000016ca       0x2e MCAL/icu/icu.o
                0x000016ca                __vector_9
 .text.MCU_vEnableInterrupt
                0x000016f8        0x8 MCAL/mcu_cfg/mcu_Prog.o
                0x000016f8                MCU_vEnableInterrupt
 .text.TIMER0_PWM_ExecutedFunction
                0x00001700       0x7e MCAL/pwm/pwm_program.o
 .text.TIMER0_init
                0x0000177e       0x10 MCAL/pwm/pwm_program.o
                0x0000177e                TIMER0_init
 .text.TIMER0_start
                0x0000178e        0xa MCAL/pwm/pwm_program.o
                0x0000178e                TIMER0_start
 .text.TIMER0_stop
                0x00001798        0x8 MCAL/pwm/pwm_program.o
                0x00001798                TIMER0_stop
 .text.TIMER0_initPWM
                0x000017a0       0x2e MCAL/pwm/pwm_program.o
                0x000017a0                TIMER0_initPWM
 .text.TIMER0_setPwm
                0x000017ce       0x3e MCAL/pwm/pwm_program.o
                0x000017ce                TIMER0_setPwm
 .text.__vector_11
                0x0000180c       0x48 MCAL/pwm/pwm_program.o
                0x0000180c                __vector_11
 .text.TIMER_TMR2NormalModeInit
                0x00001854       0x3a MCAL/timer/timer.o
                0x00001854                TIMER_TMR2NormalModeInit
 .text.TIMER_TMR2Start
                0x0000188e       0xce MCAL/timer/timer.o
                0x0000188e                TIMER_TMR2Start
 .text.TMR_intDelay_ms
                0x0000195c      0x138 MCAL/timer/timer.o
                0x0000195c                TMR_intDelay_ms
 .text.TMR_TMR2Stop
                0x00001a94       0x14 MCAL/timer/timer.o
                0x00001a94                TMR_TMR2Stop
 .text.__vector_5
                0x00001aa8       0x76 MCAL/timer/timer.o
                0x00001aa8                __vector_5
 .text.avr-libc.fplib
                0x00001b1e        0xe c:/program files (x86)/atmel/studio/7.0/toolchain/avr8/avr8-gnu-toolchain/bin/../lib/gcc/avr/5.4.0/../../../../avr/lib/avr5\libm.a(addsf3.o)
                0x00001b1e                __subsf3
                0x00001b20                __addsf3
 .text.avr-libc.fplib
                0x00001b2c       0xcc c:/program files (x86)/atmel/studio/7.0/toolchain/avr8/avr8-gnu-toolchain/bin/../lib/gcc/avr/5.4.0/../../../../avr/lib/avr5\libm.a(addsf3x.o)
                0x00001b4e                __addsf3x
 .text.avr-libc.fplib
                0x00001bf8       0x2e c:/program files (x86)/atmel/studio/7.0/toolchain/avr8/avr8-gnu-toolchain/bin/../lib/gcc/avr/5.4.0/../../../../avr/lib/avr5\libm.a(ceil.o)
                0x00001bf8                ceil
 .text.avr-libc.fplib
                0x00001c26        0xa c:/program files (x86)/atmel/studio/7.0/toolchain/avr8/avr8-gnu-toolchain/bin/../lib/gcc/avr/5.4.0/../../../../avr/lib/avr5\libm.a(cmpsf2.o)
                0x00001c26                __nesf2
                0x00001c26                __eqsf2
                0x00001c26                __cmpsf2
                0x00001c26                __ltsf2
                0x00001c26                __lesf2
 .text.avr-libc.fplib
                0x00001c30        0x8 c:/program files (x86)/atmel/studio/7.0/toolchain/avr8/avr8-gnu-toolchain/bin/../lib/gcc/avr/5.4.0/../../../../avr/lib/avr5\libm.a(divsf3.o)
                0x00001c30                __divsf3
 .text.avr-libc.fplib
                0x00001c38       0xdc c:/program files (x86)/atmel/studio/7.0/toolchain/avr8/avr8-gnu-toolchain/bin/../lib/gcc/avr/5.4.0/../../../../avr/lib/avr5\libm.a(divsf3x.o)
                0x00001c58                __divsf3x
                0x00001c5e                __divsf3_pse
 .text.avr-libc.fplib
                0x00001d14        0xe c:/program files (x86)/atmel/studio/7.0/toolchain/avr8/avr8-gnu-toolchain/bin/../lib/gcc/avr/5.4.0/../../../../avr/lib/avr5\libm.a(fixsfsi.o)
                0x00001d14                __fixsfsi
 .text.avr-libc.fplib
                0x00001d22       0x5e c:/program files (x86)/atmel/studio/7.0/toolchain/avr8/avr8-gnu-toolchain/bin/../lib/gcc/avr/5.4.0/../../../../avr/lib/avr5\libm.a(fixunssfsi.o)
                0x00001d22                __fixunssfsi
 .text.avr-libc.fplib
                0x00001d80       0x7a c:/program files (x86)/atmel/studio/7.0/toolchain/avr8/avr8-gnu-toolchain/bin/../lib/gcc/avr/5.4.0/../../../../avr/lib/avr5\libm.a(floatsisf.o)
                0x00001d80                __floatunsisf
                0x00001d84                __floatsisf
 .text.avr-libc.fplib
                0x00001dfa       0x48 c:/program files (x86)/atmel/studio/7.0/toolchain/avr8/avr8-gnu-toolchain/bin/../lib/gcc/avr/5.4.0/../../../../avr/lib/avr5\libm.a(fp_cmp.o)
                0x00001dfa                __fp_cmp
 .text.avr-libc.fplib
                0x00001e42        0xc c:/program files (x86)/atmel/studio/7.0/toolchain/avr8/avr8-gnu-toolchain/bin/../lib/gcc/avr/5.4.0/../../../../avr/lib/avr5\libm.a(fp_inf.o)
                0x00001e42                __fp_inf
 .text.avr-libc.fplib
                0x00001e4e       0x36 c:/program files (x86)/atmel/studio/7.0/toolchain/avr8/avr8-gnu-toolchain/bin/../lib/gcc/avr/5.4.0/../../../../avr/lib/avr5\libm.a(fp_mintl.o)
                0x00001e4e                __fp_mintl
 .text.avr-libc.fplib
                0x00001e84       0x1c c:/program files (x86)/atmel/studio/7.0/toolchain/avr8/avr8-gnu-toolchain/bin/../lib/gcc/avr/5.4.0/../../../../avr/lib/avr5\libm.a(fp_mpack.o)
                0x00001e84                __fp_mpack
                0x00001e88                __fp_mpack_finite
 .text.avr-libc.fplib
                0x00001ea0        0x6 c:/program files (x86)/atmel/studio/7.0/toolchain/avr8/avr8-gnu-toolchain/bin/../lib/gcc/avr/5.4.0/../../../../avr/lib/avr5\libm.a(fp_nan.o)
                0x00001ea0                __fp_nan
 .text.avr-libc.fplib
                0x00001ea6        0xe c:/program files (x86)/atmel/studio/7.0/toolchain/avr8/avr8-gnu-toolchain/bin/../lib/gcc/avr/5.4.0/../../../../avr/lib/avr5\libm.a(fp_pscA.o)
                0x00001ea6                __fp_pscA
 .text.avr-libc.fplib
                0x00001eb4        0xe c:/program files (x86)/atmel/studio/7.0/toolchain/avr8/avr8-gnu-toolchain/bin/../lib/gcc/avr/5.4.0/../../../../avr/lib/avr5\libm.a(fp_pscB.o)
                0x00001eb4                __fp_pscB
 .text.avr-libc.fplib
                0x00001ec2       0x22 c:/program files (x86)/atmel/studio/7.0/toolchain/avr8/avr8-gnu-toolchain/bin/../lib/gcc/avr/5.4.0/../../../../avr/lib/avr5\libm.a(fp_round.o)
                0x00001ec2                __fp_round
 .text.avr-libc.fplib
                0x00001ee4       0x44 c:/program files (x86)/atmel/studio/7.0/toolchain/avr8/avr8-gnu-toolchain/bin/../lib/gcc/avr/5.4.0/../../../../avr/lib/avr5\libm.a(fp_split3.o)
                0x00001ee4                __fp_split3
                0x00001ef4                __fp_splitA
 .text.avr-libc.fplib
                0x00001f28       0x30 c:/program files (x86)/atmel/studio/7.0/toolchain/avr8/avr8-gnu-toolchain/bin/../lib/gcc/avr/5.4.0/../../../../avr/lib/avr5\libm.a(fp_trunc.o)
                0x00001f28                __fp_trunc
 .text.avr-libc.fplib
                0x00001f58        0xe c:/program files (x86)/atmel/studio/7.0/toolchain/avr8/avr8-gnu-toolchain/bin/../lib/gcc/avr/5.4.0/../../../../avr/lib/avr5\libm.a(fp_zero.o)
                0x00001f58                __fp_zero
                0x00001f5a                __fp_szero
 .text.avr-libc.fplib
                0x00001f66        0xa c:/program files (x86)/atmel/studio/7.0/toolchain/avr8/avr8-gnu-toolchain/bin/../lib/gcc/avr/5.4.0/../../../../avr/lib/avr5\libm.a(gesf2.o)
                0x00001f66                __gesf2
                0x00001f66                __gtsf2
 .text.avr-libc.fplib
                0x00001f70        0x8 c:/program files (x86)/atmel/studio/7.0/toolchain/avr8/avr8-gnu-toolchain/bin/../lib/gcc/avr/5.4.0/../../../../avr/lib/avr5\libm.a(mulsf3.o)
                0x00001f70                __mulsf3
 .text.avr-libc.fplib
                0x00001f78       0xd2 c:/program files (x86)/atmel/studio/7.0/toolchain/avr8/avr8-gnu-toolchain/bin/../lib/gcc/avr/5.4.0/../../../../avr/lib/avr5\libm.a(mulsf3x.o)
                0x00001f96                __mulsf3x
                0x00001f9c                __mulsf3_pse
 .text.libgcc.div
                0x0000204a       0x28 c:/program files (x86)/atmel/studio/7.0/toolchain/avr8/avr8-gnu-toolchain/bin/../lib/gcc/avr/5.4.0/avr5\libgcc.a(_divmodhi4.o)
                0x0000204a                _div
                0x0000204a                __divmodhi4
 .text.libgcc   0x00002072        0xc c:/program files (x86)/atmel/studio/7.0/toolchain/avr8/avr8-gnu-toolchain/bin/../lib/gcc/avr/5.4.0/avr5\libgcc.a(_tablejump2.o)
                0x00002072                __tablejump2__
 .text.libgcc.div
                0x0000207e       0x28 c:/program files (x86)/atmel/studio/7.0/toolchain/avr8/avr8-gnu-toolchain/bin/../lib/gcc/avr/5.4.0/avr5\libgcc.a(_udivmodhi4.o)
                0x0000207e                __udivmodhi4
                0x000020a6                . = ALIGN (0x2)
 *(.fini9)
 .fini9         0x000020a6        0x0 c:/program files (x86)/atmel/studio/7.0/toolchain/avr8/avr8-gnu-toolchain/bin/../lib/gcc/avr/5.4.0/avr5\libgcc.a(_exit.o)
                0x000020a6                _exit
                0x000020a6                exit
 *(.fini9)
 *(.fini8)
 *(.fini8)
 *(.fini7)
 *(.fini7)
 *(.fini6)
 *(.fini6)
 *(.fini5)
 *(.fini5)
 *(.fini4)
 *(.fini4)
 *(.fini3)
 *(.fini3)
 *(.fini2)
 *(.fini2)
 *(.fini1)
 *(.fini1)
 *(.fini0)
 .fini0         0x000020a6        0x4 c:/program files (x86)/atmel/studio/7.0/toolchain/avr8/avr8-gnu-toolchain/bin/../lib/gcc/avr/5.4.0/avr5\libgcc.a(_exit.o)
 *(.fini0)
                0x000020aa                _etext = .

.data           0x00800060       0xac load address 0x000020aa
                0x00800060                PROVIDE (__data_start, .)
 *(.data)
 *(.data*)
 .data.en_g_rotation
                0x00800060        0x1 APPLICATION/car_module/car_operations.o
                0x00800060                en_g_rotation
 .data.ST_g_carMotors
                0x00800061        0x6 ECUAL/motors/dcm_cfg.o
                0x00800061                ST_g_carMotors
 .data.ultra    0x00800067        0xa ECUAL/ultrasonic/ultrasonic_prog.o
 .data.ST_g_softwareICU
                0x00800071        0x4 MCAL/icu/icu_cfg.o
                0x00800071                ST_g_softwareICU
 *(.gnu.linkonce.d*)
 *(.rodata)
 *(.rodata*)
 .rodata.str1.1
                0x00800075       0x75 APPLICATION/car_module/car_operations.o
 .rodata.st_keypad_conf
                0x008000ea       0x11 ECUAL/keypad/keypad_config.o
                0x008000ea                st_keypad_conf
 .rodata.A_pbConfig
                0x008000fb        0x7 ECUAL/push_button/pb_config.o
                0x008000fb                A_pbConfig
 .rodata.st_pwm_configs
                0x00800102        0xa MCAL/pwm/pwm_config.o
                0x00800102                st_pwm_configs
 *(.gnu.linkonce.r*)
                0x0080010c                . = ALIGN (0x2)
                0x0080010c                _edata = .
                0x0080010c                PROVIDE (__data_end, .)

.bss            0x0080010c       0x23
                0x0080010c                PROVIDE (__bss_start, .)
 *(.bss)
 *(.bss*)
 .bss.u8_g_startFlag
                0x0080010c        0x1 APPLICATION/app/app.o
                0x0080010c                u8_g_startFlag
 .bss.keyState  0x0080010d        0x1 APPLICATION/app/app.o
                0x0080010d                keyState
 .bss.u8_g_lessThan20Flag
                0x0080010e        0x1 APPLICATION/car_module/car_operations.o
                0x0080010e                u8_g_lessThan20Flag
 .bss.u8_g_moreThan70Flag
                0x0080010f        0x1 APPLICATION/car_module/car_operations.o
                0x0080010f                u8_g_moreThan70Flag
 .bss.f64_g_obstcaleDistance
                0x00800110        0x4 APPLICATION/car_module/car_operations.o
                0x00800110                f64_g_obstcaleDistance
 .bss.en_g_rotationBtnState
                0x00800114        0x1 APPLICATION/car_module/car_operations.o
                0x00800114                en_g_rotationBtnState
 .bss.u8_g_rotationFlag
                0x00800115        0x1 APPLICATION/car_module/car_operations.o
                0x00800115                u8_g_rotationFlag
 .bss.en_g_state
                0x00800116        0x1 APPLICATION/car_module/car_operations.o
                0x00800116                en_g_state
 .bss.en_g_direction
                0x00800117        0x1 APPLICATION/car_module/car_operations.o
                0x00800117                en_g_direction
 .bss.en_g_speed
                0x00800118        0x1 APPLICATION/car_module/car_operations.o
                0x00800118                en_g_speed
 .bss.ICU_g_Count
                0x00800119        0x2 MCAL/icu/icu.o
                0x00800119                ICU_g_Count
 .bss.ICU_g_flag
                0x0080011b        0x1 MCAL/icu/icu.o
                0x0080011b                ICU_g_flag
 .bss.ICU_g_ValueFalling
                0x0080011c        0x2 MCAL/icu/icu.o
                0x0080011c                ICU_g_ValueFalling
 .bss.ICU_g_ValueRising
                0x0080011e        0x2 MCAL/icu/icu.o
                0x0080011e                ICU_g_ValueRising
 .bss.u32_g_timer1Overflow
                0x00800120        0x2 MCAL/icu/icu.o
                0x00800120                u32_g_timer1Overflow
 .bss.TIMER_g_timer1RegValue
                0x00800122        0x2 MCAL/icu/icu.o
                0x00800122                TIMER_g_timer1RegValue
 .bss.u8_g_on_off_state
                0x00800124        0x1 MCAL/pwm/pwm_program.o
                0x00800124                u8_g_on_off_state
 .bss.u8_g_OffTime
                0x00800125        0x1 MCAL/pwm/pwm_program.o
                0x00800125                u8_g_OffTime
 .bss.u8_g_OnTime
                0x00800126        0x1 MCAL/pwm/pwm_program.o
                0x00800126                u8_g_OnTime
 .bss.u16_g_tcnt2InitialVal
                0x00800127        0x2 MCAL/timer/timer.o
                0x00800127                u16_g_tcnt2InitialVal
 .bss.u16_g_overflow2Numbers
                0x00800129        0x2 MCAL/timer/timer.o
                0x00800129                u16_g_overflow2Numbers
 .bss.u16_g_overflow2Ticks
                0x0080012b        0x2 MCAL/timer/timer.o
                0x0080012b                u16_g_overflow2Ticks
 .bss.u8_g_timeOut
                0x0080012d        0x1 MCAL/timer/timer.o
                0x0080012d                u8_g_timeOut
 *(COMMON)
 COMMON         0x0080012e        0x1 MCAL/icu/icu.o
                0x0080012e                ICU_g_edgeFlag
                0x0080012f                PROVIDE (__bss_end, .)
                0x000020aa                __data_load_start = LOADADDR (.data)
                0x00002156                __data_load_end = (__data_load_start + SIZEOF (.data))

.noinit         0x0080012f        0x0
                [!provide]                PROVIDE (__noinit_start, .)
 *(.noinit*)
                [!provide]                PROVIDE (__noinit_end, .)
                0x0080012f                _end = .
                [!provide]                PROVIDE (__heap_start, .)

.eeprom         0x00810000        0x0
 *(.eeprom*)
                0x00810000                __eeprom_end = .

.fuse
 *(.fuse)
 *(.lfuse)
 *(.hfuse)
 *(.efuse)

.lock
 *(.lock*)

.signature
 *(.signature*)

.user_signatures
 *(.user_signatures*)

.stab
 *(.stab)

.stabstr
 *(.stabstr)

.stab.excl
 *(.stab.excl)

.stab.exclstr
 *(.stab.exclstr)

.stab.index
 *(.stab.index)

.stab.indexstr
 *(.stab.indexstr)

.comment        0x00000000       0x30
 *(.comment)
 .comment       0x00000000       0x30 APPLICATION/app/app.o
                                 0x31 (size before relaxing)
 .comment       0x00000030       0x31 APPLICATION/car_module/car_operations.o
 .comment       0x00000030       0x31 ECUAL/keypad/keypad_config.o
 .comment       0x00000030       0x31 ECUAL/keypad/keypad_program.o
 .comment       0x00000030       0x31 ECUAL/lcd/lcd_program.o
 .comment       0x00000030       0x31 ECUAL/motors/dcm_cfg.o
 .comment       0x00000030       0x31 ECUAL/motors/dcm_program.o
 .comment       0x00000030       0x31 ECUAL/push_button/pb_config.o
 .comment       0x00000030       0x31 ECUAL/push_button/PB_prog.o
 .comment       0x00000030       0x31 ECUAL/ultrasonic/ultrasonic_prog.o
 .comment       0x00000030       0x31 main.o
 .comment       0x00000030       0x31 MCAL/dio/dio.o
 .comment       0x00000030       0x31 MCAL/icu/icu.o
 .comment       0x00000030       0x31 MCAL/icu/icu_cfg.o
 .comment       0x00000030       0x31 MCAL/mcu_cfg/mcu_Prog.o
 .comment       0x00000030       0x31 MCAL/pwm/pwm_config.o
 .comment       0x00000030       0x31 MCAL/pwm/pwm_program.o
 .comment       0x00000030       0x31 MCAL/timer/timer.o

.note.gnu.avr.deviceinfo
                0x00000000       0x3c
 .note.gnu.avr.deviceinfo
                0x00000000       0x3c C:/Program Files (x86)/Atmel/Studio/7.0/Packs/atmel/ATmega_DFP/1.7.374/gcc/dev/atmega32/avr5/crtatmega32.o

.note.gnu.build-id
 *(.note.gnu.build-id)

.debug
 *(.debug)

.line
 *(.line)

.debug_srcinfo
 *(.debug_srcinfo)

.debug_sfnames
 *(.debug_sfnames)

.debug_aranges  0x00000000      0x410
 *(.debug_aranges)
 .debug_aranges
                0x00000000       0x28 APPLICATION/app/app.o
 .debug_aranges
                0x00000028       0x58 APPLICATION/car_module/car_operations.o
 .debug_aranges
                0x00000080       0x18 ECUAL/keypad/keypad_config.o
 .debug_aranges
                0x00000098       0x28 ECUAL/keypad/keypad_program.o
 .debug_aranges
                0x000000c0       0x80 ECUAL/lcd/lcd_program.o
 .debug_aranges
                0x00000140       0x18 ECUAL/motors/dcm_cfg.o
 .debug_aranges
                0x00000158       0x58 ECUAL/motors/dcm_program.o
 .debug_aranges
                0x000001b0       0x18 ECUAL/push_button/pb_config.o
 .debug_aranges
                0x000001c8       0x28 ECUAL/push_button/PB_prog.o
 .debug_aranges
                0x000001f0       0x28 ECUAL/ultrasonic/ultrasonic_prog.o
 .debug_aranges
                0x00000218       0x20 main.o
 .debug_aranges
                0x00000238       0x68 MCAL/dio/dio.o
 .debug_aranges
                0x000002a0       0x58 MCAL/icu/icu.o
 .debug_aranges
                0x000002f8       0x18 MCAL/icu/icu_cfg.o
 .debug_aranges
                0x00000310       0x20 MCAL/mcu_cfg/mcu_Prog.o
 .debug_aranges
                0x00000330       0x18 MCAL/pwm/pwm_config.o
 .debug_aranges
                0x00000348       0x58 MCAL/pwm/pwm_program.o
 .debug_aranges
                0x000003a0       0x70 MCAL/timer/timer.o

.debug_pubnames
 *(.debug_pubnames)

.debug_info     0x00000000     0x49bf
 *(.debug_info .gnu.linkonce.wi.*)
 .debug_info    0x00000000      0x4e6 C:/Program Files (x86)/Atmel/Studio/7.0/Packs/atmel/ATmega_DFP/1.7.374/gcc/dev/atmega32/avr5/crtatmega32.o
 .debug_info    0x000004e6      0x382 APPLICATION/app/app.o
 .debug_info    0x00000868      0x8ba APPLICATION/car_module/car_operations.o
 .debug_info    0x00001122      0x26d ECUAL/keypad/keypad_config.o
 .debug_info    0x0000138f      0x39f ECUAL/keypad/keypad_program.o
 .debug_info    0x0000172e      0xb2a ECUAL/lcd/lcd_program.o
 .debug_info    0x00002258      0x106 ECUAL/motors/dcm_cfg.o
 .debug_info    0x0000235e      0x59a ECUAL/motors/dcm_program.o
 .debug_info    0x000028f8      0x262 ECUAL/push_button/pb_config.o
 .debug_info    0x00002b5a      0x420 ECUAL/push_button/PB_prog.o
 .debug_info    0x00002f7a      0x3c6 ECUAL/ultrasonic/ultrasonic_prog.o
 .debug_info    0x00003340       0xc6 main.o
 .debug_info    0x00003406      0x60f MCAL/dio/dio.o
 .debug_info    0x00003a15      0x3d9 MCAL/icu/icu.o
 .debug_info    0x00003dee      0x118 MCAL/icu/icu_cfg.o
 .debug_info    0x00003f06       0x98 MCAL/mcu_cfg/mcu_Prog.o
 .debug_info    0x00003f9e      0x202 MCAL/pwm/pwm_config.o
 .debug_info    0x000041a0      0x403 MCAL/pwm/pwm_program.o
 .debug_info    0x000045a3      0x41c MCAL/timer/timer.o

.debug_abbrev   0x00000000     0x17d1
 *(.debug_abbrev)
 .debug_abbrev  0x00000000      0x4a3 C:/Program Files (x86)/Atmel/Studio/7.0/Packs/atmel/ATmega_DFP/1.7.374/gcc/dev/atmega32/avr5/crtatmega32.o
 .debug_abbrev  0x000004a3      0x11a APPLICATION/app/app.o
 .debug_abbrev  0x000005bd      0x111 APPLICATION/car_module/car_operations.o
 .debug_abbrev  0x000006ce       0xb1 ECUAL/keypad/keypad_config.o
 .debug_abbrev  0x0000077f      0x143 ECUAL/keypad/keypad_program.o
 .debug_abbrev  0x000008c2      0x1c9 ECUAL/lcd/lcd_program.o
 .debug_abbrev  0x00000a8b       0x8c ECUAL/motors/dcm_cfg.o
 .debug_abbrev  0x00000b17      0x198 ECUAL/motors/dcm_program.o
 .debug_abbrev  0x00000caf       0x91 ECUAL/push_button/pb_config.o
 .debug_abbrev  0x00000d40      0x119 ECUAL/push_button/PB_prog.o
 .debug_abbrev  0x00000e59      0x191 ECUAL/ultrasonic/ultrasonic_prog.o
 .debug_abbrev  0x00000fea       0x66 main.o
 .debug_abbrev  0x00001050      0x15d MCAL/dio/dio.o
 .debug_abbrev  0x000011ad      0x16a MCAL/icu/icu.o
 .debug_abbrev  0x00001317       0x7f MCAL/icu/icu_cfg.o
 .debug_abbrev  0x00001396       0x51 MCAL/mcu_cfg/mcu_Prog.o
 .debug_abbrev  0x000013e7       0xa0 MCAL/pwm/pwm_config.o
 .debug_abbrev  0x00001487      0x191 MCAL/pwm/pwm_program.o
 .debug_abbrev  0x00001618      0x1b9 MCAL/timer/timer.o

.debug_line     0x00000000     0x2928
 *(.debug_line .debug_line.* .debug_line_end)
 .debug_line    0x00000000      0x116 C:/Program Files (x86)/Atmel/Studio/7.0/Packs/atmel/ATmega_DFP/1.7.374/gcc/dev/atmega32/avr5/crtatmega32.o
 .debug_line    0x00000116      0x3f7 APPLICATION/app/app.o
 .debug_line    0x0000050d      0x45d APPLICATION/car_module/car_operations.o
 .debug_line    0x0000096a       0x87 ECUAL/keypad/keypad_config.o
 .debug_line    0x000009f1      0x1a2 ECUAL/keypad/keypad_program.o
 .debug_line    0x00000b93      0x52d ECUAL/lcd/lcd_program.o
 .debug_line    0x000010c0       0xa7 ECUAL/motors/dcm_cfg.o
 .debug_line    0x00001167      0x305 ECUAL/motors/dcm_program.o
 .debug_line    0x0000146c       0x89 ECUAL/push_button/pb_config.o
 .debug_line    0x000014f5      0x138 ECUAL/push_button/PB_prog.o
 .debug_line    0x0000162d      0x271 ECUAL/ultrasonic/ultrasonic_prog.o
 .debug_line    0x0000189e       0x68 main.o
 .debug_line    0x00001906      0x490 MCAL/dio/dio.o
 .debug_line    0x00001d96      0x2f1 MCAL/icu/icu.o
 .debug_line    0x00002087       0x40 MCAL/icu/icu_cfg.o
 .debug_line    0x000020c7       0x7a MCAL/mcu_cfg/mcu_Prog.o
 .debug_line    0x00002141       0x71 MCAL/pwm/pwm_config.o
 .debug_line    0x000021b2      0x232 MCAL/pwm/pwm_program.o
 .debug_line    0x000023e4      0x544 MCAL/timer/timer.o

.debug_frame    0x00000000      0x85c
 *(.debug_frame)
 .debug_frame   0x00000000       0x48 APPLICATION/app/app.o
 .debug_frame   0x00000048       0xbc APPLICATION/car_module/car_operations.o
 .debug_frame   0x00000104       0x6c ECUAL/keypad/keypad_program.o
 .debug_frame   0x00000170      0x158 ECUAL/lcd/lcd_program.o
 .debug_frame   0x000002c8       0xc8 ECUAL/motors/dcm_program.o
 .debug_frame   0x00000390       0x58 ECUAL/push_button/PB_prog.o
 .debug_frame   0x000003e8       0x50 ECUAL/ultrasonic/ultrasonic_prog.o
 .debug_frame   0x00000438       0x24 main.o
 .debug_frame   0x0000045c       0xb4 MCAL/dio/dio.o
 .debug_frame   0x00000510       0xfc MCAL/icu/icu.o
 .debug_frame   0x0000060c       0x24 MCAL/mcu_cfg/mcu_Prog.o
 .debug_frame   0x00000630       0xf8 MCAL/pwm/pwm_program.o
 .debug_frame   0x00000728      0x134 MCAL/timer/timer.o

.debug_str      0x00000000     0x1627
 *(.debug_str)
 .debug_str     0x00000000      0x196 C:/Program Files (x86)/Atmel/Studio/7.0/Packs/atmel/ATmega_DFP/1.7.374/gcc/dev/atmega32/avr5/crtatmega32.o
 .debug_str     0x00000196      0x42f APPLICATION/app/app.o
                                0x48d (size before relaxing)
 .debug_str     0x000005c5      0x22b APPLICATION/car_module/car_operations.o
                                0x528 (size before relaxing)
 .debug_str     0x000007f0      0x1c5 ECUAL/keypad/keypad_config.o
                                0x397 (size before relaxing)
 .debug_str     0x000009b5       0x72 ECUAL/keypad/keypad_program.o
                                0x40f (size before relaxing)
 .debug_str     0x00000a27      0x11d ECUAL/lcd/lcd_program.o
                                0x343 (size before relaxing)
 .debug_str     0x00000b44       0x1a ECUAL/motors/dcm_cfg.o
                                0x259 (size before relaxing)
 .debug_str     0x00000b5e      0x184 ECUAL/motors/dcm_program.o
                                0x471 (size before relaxing)
 .debug_str     0x00000ce2       0xa3 ECUAL/push_button/pb_config.o
                                0x3f2 (size before relaxing)
 .debug_str     0x00000d85      0x10f ECUAL/push_button/PB_prog.o
                                0x53b (size before relaxing)
 .debug_str     0x00000e94       0xae ECUAL/ultrasonic/ultrasonic_prog.o
                                0x465 (size before relaxing)
 .debug_str     0x00000f42        0xc main.o
                                0x1ce (size before relaxing)
 .debug_str     0x00000f4e       0xb5 MCAL/dio/dio.o
                                0x511 (size before relaxing)
 .debug_str     0x00001003      0x2cd MCAL/icu/icu.o
                                0x4d2 (size before relaxing)
 .debug_str     0x000012d0       0x16 MCAL/icu/icu_cfg.o
                                0x28f (size before relaxing)
 .debug_str     0x000012e6       0x25 MCAL/mcu_cfg/mcu_Prog.o
                                0x1dc (size before relaxing)
 .debug_str     0x0000130b       0x44 MCAL/pwm/pwm_config.o
                                0x350 (size before relaxing)
 .debug_str     0x0000134f      0x111 MCAL/pwm/pwm_program.o
                                0x4a6 (size before relaxing)
 .debug_str     0x00001460      0x1c7 MCAL/timer/timer.o
                                0x42c (size before relaxing)

.debug_loc      0x00000000     0x23b5
 *(.debug_loc)
 .debug_loc     0x00000000       0x49 APPLICATION/app/app.o
 .debug_loc     0x00000049      0x121 APPLICATION/car_module/car_operations.o
 .debug_loc     0x0000016a      0x154 ECUAL/keypad/keypad_program.o
 .debug_loc     0x000002be      0x7eb ECUAL/lcd/lcd_program.o
 .debug_loc     0x00000aa9      0x2a0 ECUAL/motors/dcm_program.o
 .debug_loc     0x00000d49       0xd3 ECUAL/push_button/PB_prog.o
 .debug_loc     0x00000e1c       0xe0 ECUAL/ultrasonic/ultrasonic_prog.o
 .debug_loc     0x00000efc      0xb28 MCAL/dio/dio.o
 .debug_loc     0x00001a24      0x273 MCAL/icu/icu.o
 .debug_loc     0x00001c97      0x218 MCAL/pwm/pwm_program.o
 .debug_loc     0x00001eaf      0x506 MCAL/timer/timer.o

.debug_macinfo
 *(.debug_macinfo)

.debug_weaknames
 *(.debug_weaknames)

.debug_funcnames
 *(.debug_funcnames)

.debug_typenames
 *(.debug_typenames)

.debug_varnames
 *(.debug_varnames)

.debug_pubtypes
 *(.debug_pubtypes)

.debug_ranges   0x00000000      0x2f8
 *(.debug_ranges)
 .debug_ranges  0x00000000       0x18 APPLICATION/app/app.o
 .debug_ranges  0x00000018       0x48 APPLICATION/car_module/car_operations.o
 .debug_ranges  0x00000060       0x18 ECUAL/keypad/keypad_program.o
 .debug_ranges  0x00000078       0x70 ECUAL/lcd/lcd_program.o
 .debug_ranges  0x000000e8       0x60 ECUAL/motors/dcm_program.o
 .debug_ranges  0x00000148       0x18 ECUAL/push_button/PB_prog.o
 .debug_ranges  0x00000160       0x18 ECUAL/ultrasonic/ultrasonic_prog.o
 .debug_ranges  0x00000178       0x10 main.o
 .debug_ranges  0x00000188       0x58 MCAL/dio/dio.o
 .debug_ranges  0x000001e0       0x48 MCAL/icu/icu.o
 .debug_ranges  0x00000228       0x10 MCAL/mcu_cfg/mcu_Prog.o
 .debug_ranges  0x00000238       0x48 MCAL/pwm/pwm_program.o
 .debug_ranges  0x00000280       0x78 MCAL/timer/timer.o

.debug_macro
 *(.debug_macro)
OUTPUT(Project.elf elf32-avr)
LOAD linker stubs
